Archive member included to satisfy reference by file (symbol)

c:/program files (x86)/atollic/truestudio for stm32 9.0.0/armtools/bin/../lib/gcc/arm-atollic-eabi/6.3.1/../../../../arm-atollic-eabi/lib/armv7e-m/fpu/fpv5-sp-d16\libc_nano.a(lib_a-atoi.o)
                              Src\tcp_echoserver.o (atoi)
c:/program files (x86)/atollic/truestudio for stm32 9.0.0/armtools/bin/../lib/gcc/arm-atollic-eabi/6.3.1/../../../../arm-atollic-eabi/lib/armv7e-m/fpu/fpv5-sp-d16\libc_nano.a(lib_a-init.o)
                              startup\startup_stm32f746xx.o (__libc_init_array)
c:/program files (x86)/atollic/truestudio for stm32 9.0.0/armtools/bin/../lib/gcc/arm-atollic-eabi/6.3.1/../../../../arm-atollic-eabi/lib/armv7e-m/fpu/fpv5-sp-d16\libc_nano.a(lib_a-memcmp.o)
                              Middlewares\Third_Party\LwIP\src\netif\ethernet.o (memcmp)
c:/program files (x86)/atollic/truestudio for stm32 9.0.0/armtools/bin/../lib/gcc/arm-atollic-eabi/6.3.1/../../../../arm-atollic-eabi/lib/armv7e-m/fpu/fpv5-sp-d16\libc_nano.a(lib_a-memcpy-stub.o)
                              Middlewares\Third_Party\LwIP\src\core\pbuf.o (memcpy)
c:/program files (x86)/atollic/truestudio for stm32 9.0.0/armtools/bin/../lib/gcc/arm-atollic-eabi/6.3.1/../../../../arm-atollic-eabi/lib/armv7e-m/fpu/fpv5-sp-d16\libc_nano.a(lib_a-memset.o)
                              Middlewares\Third_Party\LwIP\src\core\ipv4\ip4_frag.o (memset)
c:/program files (x86)/atollic/truestudio for stm32 9.0.0/armtools/bin/../lib/gcc/arm-atollic-eabi/6.3.1/../../../../arm-atollic-eabi/lib/armv7e-m/fpu/fpv5-sp-d16\libc_nano.a(lib_a-strcpy.o)
                              Src\tcp_echoserver.o (strcpy)
c:/program files (x86)/atollic/truestudio for stm32 9.0.0/armtools/bin/../lib/gcc/arm-atollic-eabi/6.3.1/../../../../arm-atollic-eabi/lib/armv7e-m/fpu/fpv5-sp-d16\libc_nano.a(lib_a-strlen.o)
                              Middlewares\Third_Party\LwIP\src\core\def.o (strlen)
c:/program files (x86)/atollic/truestudio for stm32 9.0.0/armtools/bin/../lib/gcc/arm-atollic-eabi/6.3.1/../../../../arm-atollic-eabi/lib/armv7e-m/fpu/fpv5-sp-d16\libc_nano.a(lib_a-strncmp.o)
                              Middlewares\Third_Party\LwIP\src\core\def.o (strncmp)
c:/program files (x86)/atollic/truestudio for stm32 9.0.0/armtools/bin/../lib/gcc/arm-atollic-eabi/6.3.1/../../../../arm-atollic-eabi/lib/armv7e-m/fpu/fpv5-sp-d16\libc_nano.a(lib_a-strtok.o)
                              Src\tcp_echoserver.o (strtok)
c:/program files (x86)/atollic/truestudio for stm32 9.0.0/armtools/bin/../lib/gcc/arm-atollic-eabi/6.3.1/../../../../arm-atollic-eabi/lib/armv7e-m/fpu/fpv5-sp-d16\libc_nano.a(lib_a-strtok_r.o)
                              c:/program files (x86)/atollic/truestudio for stm32 9.0.0/armtools/bin/../lib/gcc/arm-atollic-eabi/6.3.1/../../../../arm-atollic-eabi/lib/armv7e-m/fpu/fpv5-sp-d16\libc_nano.a(lib_a-strtok.o) (__strtok_r)
c:/program files (x86)/atollic/truestudio for stm32 9.0.0/armtools/bin/../lib/gcc/arm-atollic-eabi/6.3.1/../../../../arm-atollic-eabi/lib/armv7e-m/fpu/fpv5-sp-d16\libc_nano.a(lib_a-strtol.o)
                              c:/program files (x86)/atollic/truestudio for stm32 9.0.0/armtools/bin/../lib/gcc/arm-atollic-eabi/6.3.1/../../../../arm-atollic-eabi/lib/armv7e-m/fpu/fpv5-sp-d16\libc_nano.a(lib_a-atoi.o) (_strtol_r)
c:/program files (x86)/atollic/truestudio for stm32 9.0.0/armtools/bin/../lib/gcc/arm-atollic-eabi/6.3.1/../../../../arm-atollic-eabi/lib/armv7e-m/fpu/fpv5-sp-d16\libc_nano.a(lib_a-impure.o)
                              c:/program files (x86)/atollic/truestudio for stm32 9.0.0/armtools/bin/../lib/gcc/arm-atollic-eabi/6.3.1/../../../../arm-atollic-eabi/lib/armv7e-m/fpu/fpv5-sp-d16\libc_nano.a(lib_a-strtok.o) (_impure_ptr)
c:/program files (x86)/atollic/truestudio for stm32 9.0.0/armtools/bin/../lib/gcc/arm-atollic-eabi/6.3.1/../../../../arm-atollic-eabi/lib/armv7e-m/fpu/fpv5-sp-d16\libc_nano.a(lib_a-locale.o)
                              c:/program files (x86)/atollic/truestudio for stm32 9.0.0/armtools/bin/../lib/gcc/arm-atollic-eabi/6.3.1/../../../../arm-atollic-eabi/lib/armv7e-m/fpu/fpv5-sp-d16\libc_nano.a(lib_a-strtol.o) (__locale_ctype_ptr_l)
c:/program files (x86)/atollic/truestudio for stm32 9.0.0/armtools/bin/../lib/gcc/arm-atollic-eabi/6.3.1/../../../../arm-atollic-eabi/lib/armv7e-m/fpu/fpv5-sp-d16\libc_nano.a(lib_a-malloc.o)
                              c:/program files (x86)/atollic/truestudio for stm32 9.0.0/armtools/bin/../lib/gcc/arm-atollic-eabi/6.3.1/../../../../arm-atollic-eabi/lib/armv7e-m/fpu/fpv5-sp-d16\libc_nano.a(lib_a-strtok.o) (malloc)
c:/program files (x86)/atollic/truestudio for stm32 9.0.0/armtools/bin/../lib/gcc/arm-atollic-eabi/6.3.1/../../../../arm-atollic-eabi/lib/armv7e-m/fpu/fpv5-sp-d16\libc_nano.a(lib_a-mbtowc_r.o)
[...]
Memory Configuration

Name             Origin             Length             Attributes
RAM              0x20000000         0x00050000         xrw
FLASH            0x08000000         0x00100000         xr
*default*        0x00000000         0xffffffff

Linker script and memory map

LOAD c:/program files (x86)/atollic/truestudio for stm32 9.0.0/armtools/bin/../lib/gcc/arm-atollic-eabi/6.3.1/armv7e-m/fpu/fpv5-sp-d16/crti.o
LOAD c:/program files (x86)/atollic/truestudio for stm32 9.0.0/armtools/bin/../lib/gcc/arm-atollic-eabi/6.3.1/armv7e-m/fpu/fpv5-sp-d16/crtbegin.o
LOAD Drivers\STM32F7xx_HAL_Driver\Src\stm32f7xx_hal.o
LOAD Drivers\STM32F7xx_HAL_Driver\Src\stm32f7xx_hal_adc.o
LOAD Drivers\STM32F7xx_HAL_Driver\Src\stm32f7xx_hal_adc_ex.o
LOAD Drivers\STM32F7xx_HAL_Driver\Src\stm32f7xx_hal_can.o
LOAD Drivers\STM32F7xx_HAL_Driver\Src\stm32f7xx_hal_cortex.o
LOAD Drivers\STM32F7xx_HAL_Driver\Src\stm32f7xx_hal_dac.o
LOAD Drivers\STM32F7xx_HAL_Driver\Src\stm32f7xx_hal_dac_ex.o
LOAD Drivers\STM32F7xx_HAL_Driver\Src\stm32f7xx_hal_dma.o
LOAD Drivers\STM32F7xx_HAL_Driver\Src\stm32f7xx_hal_dma_ex.o
LOAD Drivers\STM32F7xx_HAL_Driver\Src\stm32f7xx_hal_eth.o
LOAD Drivers\STM32F7xx_HAL_Driver\Src\stm32f7xx_hal_flash.o
LOAD Drivers\STM32F7xx_HAL_Driver\Src\stm32f7xx_hal_flash_ex.o
LOAD Drivers\STM32F7xx_HAL_Driver\Src\stm32f7xx_hal_gpio.o
LOAD Drivers\STM32F7xx_HAL_Driver\Src\stm32f7xx_hal_i2c.o
LOAD Drivers\STM32F7xx_HAL_Driver\Src\stm32f7xx_hal_i2c_ex.o
LOAD Drivers\STM32F7xx_HAL_Driver\Src\stm32f7xx_hal_pwr.o
LOAD Drivers\STM32F7xx_HAL_Driver\Src\stm32f7xx_hal_pwr_ex.o
LOAD Drivers\STM32F7xx_HAL_Driver\Src\stm32f7xx_hal_rcc.o
LOAD Drivers\STM32F7xx_HAL_Driver\Src\stm32f7xx_hal_rcc_ex.o
LOAD Drivers\STM32F7xx_HAL_Driver\Src\stm32f7xx_hal_spi.o
LOAD Drivers\STM32F7xx_HAL_Driver\Src\stm32f7xx_hal_tim.o
LOAD Drivers\STM32F7xx_HAL_Driver\Src\stm32f7xx_hal_tim_ex.o
LOAD Drivers\STM32F7xx_HAL_Driver\Src\stm32f7xx_hal_uart.o
LOAD Middlewares\Third_Party\LwIP\src\api\api_lib.o
LOAD Middlewares\Third_Party\LwIP\src\api\api_msg.o
LOAD Middlewares\Third_Party\LwIP\src\api\err.o
LOAD Middlewares\Third_Party\LwIP\src\api\netbuf.o
LOAD Middlewares\Third_Party\LwIP\src\api\netdb.o
LOAD Middlewares\Third_Party\LwIP\src\api\netifapi.o
LOAD Middlewares\Third_Party\LwIP\src\api\sockets.o
LOAD Middlewares\Third_Party\LwIP\src\api\tcpip.o
LOAD Middlewares\Third_Party\LwIP\src\core\def.o
LOAD Middlewares\Third_Party\LwIP\src\core\dns.o
LOAD Middlewares\Third_Party\LwIP\src\core\inet_chksum.o
LOAD Middlewares\Third_Party\LwIP\src\core\init.o
LOAD Middlewares\Third_Party\LwIP\src\core\ip.o
LOAD Middlewares\Third_Party\LwIP\src\core\ipv4\autoip.o
LOAD Middlewares\Third_Party\LwIP\src\core\ipv4\dhcp.o
LOAD Middlewares\Third_Party\LwIP\src\core\ipv4\etharp.o
LOAD Middlewares\Third_Party\LwIP\src\core\ipv4\icmp.o
LOAD Middlewares\Third_Party\LwIP\src\core\ipv4\igmp.o
LOAD Middlewares\Third_Party\LwIP\src\core\ipv4\ip4.o
LOAD Middlewares\Third_Party\LwIP\src\core\ipv4\ip4_addr.o
LOAD Middlewares\Third_Party\LwIP\src\core\ipv4\ip4_frag.o
LOAD Middlewares\Third_Party\LwIP\src\core\ipv6\dhcp6.o
LOAD Middlewares\Third_Party\LwIP\src\core\ipv6\ethip6.o
LOAD Middlewares\Third_Party\LwIP\src\core\ipv6\icmp6.o
LOAD Middlewares\Third_Party\LwIP\src\core\ipv6\inet6.o
LOAD Middlewares\Third_Party\LwIP\src\core\ipv6\ip6.o
LOAD Middlewares\Third_Party\LwIP\src\core\ipv6\ip6_addr.o
LOAD Middlewares\Third_Party\LwIP\src\core\ipv6\ip6_frag.o
LOAD Middlewares\Third_Party\LwIP\src\core\ipv6\mld6.o
LOAD Middlewares\Third_Party\LwIP\src\core\ipv6\nd6.o
LOAD Middlewares\Third_Party\LwIP\src\core\mem.o
LOAD Middlewares\Third_Party\LwIP\src\core\memp.o
LOAD Middlewares\Third_Party\LwIP\src\core\netif.o
LOAD Middlewares\Third_Party\LwIP\src\core\pbuf.o
LOAD Middlewares\Third_Party\LwIP\src\core\raw.o
LOAD Middlewares\Third_Party\LwIP\src\core\stats.o
LOAD Middlewares\Third_Party\LwIP\src\core\sys.o
LOAD Middlewares\Third_Party\LwIP\src\core\tcp.o
LOAD Middlewares\Third_Party\LwIP\src\core\tcp_in.o
LOAD Middlewares\Third_Party\LwIP\src\core\tcp_out.o
LOAD Middlewares\Third_Party\LwIP\src\core\timeouts.o
LOAD Middlewares\Third_Party\LwIP\src\core\udp.o
LOAD Middlewares\Third_Party\LwIP\src\netif\ethernet.o
LOAD Middlewares\Third_Party\LwIP\src\netif\lowpan6.o
LOAD Middlewares\Third_Party\LwIP\src\netif\ppp\auth.o
LOAD Middlewares\Third_Party\LwIP\src\netif\ppp\ccp.o
LOAD Middlewares\Third_Party\LwIP\src\netif\ppp\chap-md5.o
LOAD Middlewares\Third_Party\LwIP\src\netif\ppp\chap-new.o
LOAD Middlewares\Third_Party\LwIP\src\netif\ppp\chap_ms.o
LOAD Middlewares\Third_Party\LwIP\src\netif\ppp\demand.o
LOAD Middlewares\Third_Party\LwIP\src\netif\ppp\eap.o
LOAD Middlewares\Third_Party\LwIP\src\netif\ppp\ecp.o
LOAD Middlewares\Third_Party\LwIP\src\netif\ppp\eui64.o
LOAD Middlewares\Third_Party\LwIP\src\netif\ppp\fsm.o
LOAD Middlewares\Third_Party\LwIP\src\netif\ppp\ipcp.o
LOAD Middlewares\Third_Party\LwIP\src\netif\ppp\ipv6cp.o
LOAD Middlewares\Third_Party\LwIP\src\netif\ppp\lcp.o
LOAD Middlewares\Third_Party\LwIP\src\netif\ppp\magic.o
LOAD Middlewares\Third_Party\LwIP\src\netif\ppp\mppe.o
LOAD Middlewares\Third_Party\LwIP\src\netif\ppp\multilink.o
LOAD Middlewares\Third_Party\LwIP\src\netif\ppp\polarssl\arc4.o
LOAD Middlewares\Third_Party\LwIP\src\netif\ppp\polarssl\des.o
LOAD Middlewares\Third_Party\LwIP\src\netif\ppp\polarssl\md4.o
LOAD Middlewares\Third_Party\LwIP\src\netif\ppp\polarssl\md5.o
LOAD Middlewares\Third_Party\LwIP\src\netif\ppp\polarssl\sha1.o
LOAD Middlewares\Third_Party\LwIP\src\netif\ppp\ppp.o
LOAD Middlewares\Third_Party\LwIP\src\netif\ppp\pppapi.o
LOAD Middlewares\Third_Party\LwIP\src\netif\ppp\pppcrypt.o
LOAD Middlewares\Third_Party\LwIP\src\netif\ppp\pppoe.o
LOAD Middlewares\Third_Party\LwIP\src\netif\ppp\pppol2tp.o
LOAD Middlewares\Third_Party\LwIP\src\netif\ppp\pppos.o
LOAD Middlewares\Third_Party\LwIP\src\netif\ppp\upap.o
LOAD Middlewares\Third_Party\LwIP\src\netif\ppp\utils.o
LOAD Middlewares\Third_Party\LwIP\src\netif\ppp\vj.o
LOAD Middlewares\Third_Party\LwIP\src\netif\slipif.o
LOAD Src\ethernetif.o
LOAD Src\lwip.o
LOAD Src\main.o
LOAD Src\stm32f7xx_hal_msp.o
LOAD Src\stm32f7xx_it.o
LOAD Src\system_stm32f7xx.o
LOAD Src\tcp_echoserver.o
LOAD startup\startup_stm32f746xx.o
                0x00000080                malloc_getpagesize_P = 0x80
START GROUP
LOAD c:/program files (x86)/atollic/truestudio for stm32 9.0.0/armtools/bin/../lib/gcc/arm-atollic-eabi/6.3.1/../../../../arm-atollic-eabi/lib/armv7e-m/fpu/fpv5-sp-d16\libc_nano.a
LOAD c:/program files (x86)/atollic/truestudio for stm32 9.0.0/armtools/bin/../lib/gcc/arm-atollic-eabi/6.3.1/../../../../arm-atollic-eabi/lib/armv7e-m/fpu/fpv5-sp-d16\libm.a
END GROUP
START GROUP
LOAD c:/program files (x86)/atollic/truestudio for stm32 9.0.0/armtools/bin/../lib/gcc/arm-atollic-eabi/6.3.1/armv7e-m/fpu/fpv5-sp-d16\libgcc.a
LOAD c:/program files (x86)/atollic/truestudio for stm32 9.0.0/armtools/bin/../lib/gcc/arm-atollic-eabi/6.3.1/../../../../arm-atollic-eabi/lib/armv7e-m/fpu/fpv5-sp-d16\libc_nano.a
END GROUP
START GROUP
LOAD c:/program files (x86)/atollic/truestudio for stm32 9.0.0/armtools/bin/../lib/gcc/arm-atollic-eabi/6.3.1/armv7e-m/fpu/fpv5-sp-d16\libgcc.a
LOAD c:/program files (x86)/atollic/truestudio for stm32 9.0.0/armtools/bin/../lib/gcc/arm-atollic-eabi/6.3.1/../../../../arm-atollic-eabi/lib/armv7e-m/fpu/fpv5-sp-d16\libc_nano.a
LOAD c:/program files (x86)/atollic/truestudio for stm32 9.0.0/armtools/bin/../lib/gcc/arm-atollic-eabi/6.3.1/../../../../arm-atollic-eabi/lib/armv7e-m/fpu/fpv5-sp-d16\libnosys.a
END GROUP
START GROUP
LOAD c:/program files (x86)/atollic/truestudio for stm32 9.0.0/armtools/bin/../lib/gcc/arm-atollic-eabi/6.3.1/armv7e-m/fpu/fpv5-sp-d16\libgcc.a
LOAD c:/program files (x86)/atollic/truestudio for stm32 9.0.0/armtools/bin/../lib/gcc/arm-atollic-eabi/6.3.1/../../../../arm-atollic-eabi/lib/armv7e-m/fpu/fpv5-sp-d16\libc_nano.a
LOAD c:/program files (x86)/atollic/truestudio for stm32 9.0.0/armtools/bin/../lib/gcc/arm-atollic-eabi/6.3.1/../../../../arm-atollic-eabi/lib/armv7e-m/fpu/fpv5-sp-d16\libnosys.a
END GROUP
LOAD c:/program files (x86)/atollic/truestudio for stm32 9.0.0/armtools/bin/../lib/gcc/arm-atollic-eabi/6.3.1/armv7e-m/fpu/fpv5-sp-d16/crtend.o
LOAD c:/program files (x86)/atollic/truestudio for stm32 9.0.0/armtools/bin/../lib/gcc/arm-atollic-eabi/6.3.1/armv7e-m/fpu/fpv5-sp-d16/crtn.o
                0x20050000                _estack = 0x20050000
                0x00000200                _Min_Heap_Size = 0x200
                0x00000400                _Min_Stack_Size = 0x400

.isr_vector     0x08000000      0x1c8
                0x08000000                . = ALIGN (0x4)
 *(.isr_vector)
 .isr_vector    0x08000000      0x1c8 startup\startup_stm32f746xx.o
                0x08000000                g_pfnVectors
                0x080001c8                . = ALIGN (0x4)

.text           0x080001c8     0xb6a4
                0x080001c8                . = ALIGN (0x4)
 *(.text)
 .text          0x080001c8       0x40 c:/program files (x86)/atollic/truestudio for stm32 9.0.0/armtools/bin/../lib/gcc/arm-atollic-eabi/6.3.1/armv7e-m/fpu/fpv5-sp-d16/crtbegin.o
 .text          0x08000208       0x10 c:/program files (x86)/atollic/truestudio for stm32 9.0.0/armtools/bin/../lib/gcc/arm-atollic-eabi/6.3.1/../../../../arm-atollic-eabi/lib/armv7e-m/fpu/fpv5-sp-d16\libc_nano.a(lib_a-strlen.o)
                0x08000208                strlen
 .text          0x08000218      0x370 c:/program files (x86)/atollic/truestudio for stm32 9.0.0/armtools/bin/../lib/gcc/arm-atollic-eabi/6.3.1/armv7e-m/fpu/fpv5-sp-d16\libgcc.a(_arm_addsubdf3.o)
                0x08000218                __aeabi_drsub
                0x08000220                __aeabi_dsub
                0x08000220                __subdf3
                0x08000224                __aeabi_dadd
                0x08000224                __adddf3
                0x0800049c                __floatunsidf
                0x0800049c                __aeabi_ui2d
                0x080004bc                __floatsidf
                0x080004bc                __aeabi_i2d
                0x080004e0                __aeabi_f2d
                0x080004e0                __extendsfdf2
                0x0800051c                __floatundidf
                0x0800051c                __aeabi_ul2d
                0x0800052c                __floatdidf
                0x0800052c                __aeabi_l2d
 .text          0x08000588      0x424 c:/program files (x86)/atollic/truestudio for stm32 9.0.0/armtools/bin/../lib/gcc/arm-atollic-eabi/6.3.1/armv7e-m/fpu/fpv5-sp-d16\libgcc.a(_arm_muldivdf3.o)
                0x08000588                __aeabi_dmul
                0x08000588                __muldf3
                0x080007dc                __divdf3
                0x080007dc                __aeabi_ddiv
 .text          0x080009ac       0xa0 c:/program files (x86)/atollic/truestudio for stm32 9.0.0/armtools/bin/../lib/gcc/arm-atollic-eabi/6.3.1/armv7e-m/fpu/fpv5-sp-d16\libgcc.a(_arm_truncdfsf2.o)
                0x080009ac                __truncdfsf2
                0x080009ac                __aeabi_d2f
 *(.text*)
 .text.HAL_InitTick
                0x08000a4c       0x28 Drivers\STM32F7xx_HAL_Driver\Src\stm32f7xx_hal.o
                0x08000a4c                HAL_InitTick
 .text.HAL_Init
                0x08000a74       0x16 Drivers\STM32F7xx_HAL_Driver\Src\stm32f7xx_hal.o
                0x08000a74                HAL_Init
 *fill*         0x08000a8a        0x2 
 .text.HAL_IncTick
                0x08000a8c       0x10 Drivers\STM32F7xx_HAL_Driver\Src\stm32f7xx_hal.o
                0x08000a8c                HAL_IncTick
 .text.HAL_GetTick
                0x08000a9c        0xc Drivers\STM32F7xx_HAL_Driver\Src\stm32f7xx_hal.o
                0x08000a9c                HAL_GetTick
 .text.HAL_Delay
                0x08000aa8       0x1a Drivers\STM32F7xx_HAL_Driver\Src\stm32f7xx_hal.o
                0x08000aa8                HAL_Delay
 *fill*         0x08000ac2        0x2 
 .text.HAL_ADC_Init
                0x08000ac4      0x154 Drivers\STM32F7xx_HAL_Driver\Src\stm32f7xx_hal_adc.o
                0x08000ac4                HAL_ADC_Init
 .text.HAL_ADC_Start_IT
                0x08000c18       0xcc Drivers\STM32F7xx_HAL_Driver\Src\stm32f7xx_hal_adc.o
                0x08000c18                HAL_ADC_Start_IT
 .text.HAL_ADC_LevelOutOfWindowCallback
                0x08000ce4        0x2 Drivers\STM32F7xx_HAL_Driver\Src\stm32f7xx_hal_adc.o
                0x08000ce4                HAL_ADC_LevelOutOfWindowCallback
 .text.HAL_ADC_IRQHandler
                0x08000ce6      0x128 Drivers\STM32F7xx_HAL_Driver\Src\stm32f7xx_hal_adc.o
                0x08000ce6                HAL_ADC_IRQHandler
 *fill*         0x08000e0e        0x2 
 .text.HAL_ADC_ConfigChannel
                0x08000e10      0x140 Drivers\STM32F7xx_HAL_Driver\Src\stm32f7xx_hal_adc.o
                0x08000e10                HAL_ADC_ConfigChannel
 .text.HAL_ADCEx_InjectedConvCpltCallback
                0x08000f50        0x2 Drivers\STM32F7xx_HAL_Driver\Src\stm32f7xx_hal_adc_ex.o
                0x08000f50                HAL_ADCEx_InjectedConvCpltCallback
 .text.HAL_CAN_Init
                0x08000f52      0x12a Drivers\STM32F7xx_HAL_Driver\Src\stm32f7xx_hal_can.o
                0x08000f52                HAL_CAN_Init
 .text.HAL_NVIC_SetPriorityGrouping
                0x0800107c       0x24 Drivers\STM32F7xx_HAL_Driver\Src\stm32f7xx_hal_cortex.o
                0x0800107c                HAL_NVIC_SetPriorityGrouping
 .text.HAL_NVIC_SetPriority
                0x080010a0       0x70 Drivers\STM32F7xx_HAL_Driver\Src\stm32f7xx_hal_cortex.o
                0x080010a0                HAL_NVIC_SetPriority
 .text.HAL_NVIC_EnableIRQ
                0x08001110       0x18 Drivers\STM32F7xx_HAL_Driver\Src\stm32f7xx_hal_cortex.o
                0x08001110                HAL_NVIC_EnableIRQ
 .text.HAL_NVIC_SystemReset
                0x08001128       0x24 Drivers\STM32F7xx_HAL_Driver\Src\stm32f7xx_hal_cortex.o
                0x08001128                HAL_NVIC_SystemReset
 .text.HAL_SYSTICK_Config
                0x0800114c       0x2c Drivers\STM32F7xx_HAL_Driver\Src\stm32f7xx_hal_cortex.o
                0x0800114c                HAL_SYSTICK_Config
 .text.HAL_MPU_Disable
                0x08001178       0x20 Drivers\STM32F7xx_HAL_Driver\Src\stm32f7xx_hal_cortex.o
                0x08001178                HAL_MPU_Disable
 .text.HAL_MPU_Enable
                0x08001198       0x24 Drivers\STM32F7xx_HAL_Driver\Src\stm32f7xx_hal_cortex.o
                0x08001198                HAL_MPU_Enable
 .text.HAL_MPU_ConfigRegion
                0x080011bc       0x50 Drivers\STM32F7xx_HAL_Driver\Src\stm32f7xx_hal_cortex.o
                0x080011bc                HAL_MPU_ConfigRegion
 .text.HAL_SYSTICK_CLKSourceConfig
                0x0800120c       0x18 Drivers\STM32F7xx_HAL_Driver\Src\stm32f7xx_hal_cortex.o
                0x0800120c                HAL_SYSTICK_CLKSourceConfig
 .text.HAL_SYSTICK_Callback
                0x08001224        0x2 Drivers\STM32F7xx_HAL_Driver\Src\stm32f7xx_hal_cortex.o
                0x08001224                HAL_SYSTICK_Callback
 .text.HAL_SYSTICK_IRQHandler
                0x08001226        0x8 Drivers\STM32F7xx_HAL_Driver\Src\stm32f7xx_hal_cortex.o
                0x08001226                HAL_SYSTICK_IRQHandler
 .text.HAL_DAC_Init
                0x0800122e       0x26 Drivers\STM32F7xx_HAL_Driver\Src\stm32f7xx_hal_dac.o
                0x0800122e                HAL_DAC_Init
 .text.HAL_DAC_Start
                0x08001254       0x5c Drivers\STM32F7xx_HAL_Driver\Src\stm32f7xx_hal_dac.o
                0x08001254                HAL_DAC_Start
 .text.HAL_DAC_ConfigChannel
                0x080012b0       0x40 Drivers\STM32F7xx_HAL_Driver\Src\stm32f7xx_hal_dac.o
                0x080012b0                HAL_DAC_ConfigChannel
 .text.HAL_DAC_SetValue
                0x080012f0       0x24 Drivers\STM32F7xx_HAL_Driver\Src\stm32f7xx_hal_dac.o
                0x080012f0                HAL_DAC_SetValue
 .text.DMA_CalcBaseAndBitshift
                0x08001314       0x2c Drivers\STM32F7xx_HAL_Driver\Src\stm32f7xx_hal_dma.o
 .text.HAL_DMA_Init
                0x08001340       0xfc Drivers\STM32F7xx_HAL_Driver\Src\stm32f7xx_hal_dma.o
                0x08001340                HAL_DMA_Init
 .text.HAL_DMA_Abort_IT
                0x0800143c       0x24 Drivers\STM32F7xx_HAL_Driver\Src\stm32f7xx_hal_dma.o
                0x0800143c                HAL_DMA_Abort_IT
 .text.HAL_DMA_IRQHandler
                0x08001460      0x17c Drivers\STM32F7xx_HAL_Driver\Src\stm32f7xx_hal_dma.o
                0x08001460                HAL_DMA_IRQHandler
 .text.HAL_DMA_RegisterCallback
                0x080015dc       0x50 Drivers\STM32F7xx_HAL_Driver\Src\stm32f7xx_hal_dma.o
                0x080015dc                HAL_DMA_RegisterCallback
 .text.HAL_DMAEx_MultiBufferStart_IT
                0x0800162c      0x3e0 Drivers\STM32F7xx_HAL_Driver\Src\stm32f7xx_hal_dma_ex.o
                0x0800162c                HAL_DMAEx_MultiBufferStart_IT
 .text.ETH_FlushTransmitFIFO
                0x08001a0c       0x2a Drivers\STM32F7xx_HAL_Driver\Src\stm32f7xx_hal_eth.o
 *fill*         0x08001a36        0x2 
 .text.ETH_MACDMAConfig
                0x08001a38       0xf8 Drivers\STM32F7xx_HAL_Driver\Src\stm32f7xx_hal_eth.o
 .text.HAL_ETH_DMATxDescListInit
                0x08001b30       0x7a Drivers\STM32F7xx_HAL_Driver\Src\stm32f7xx_hal_eth.o
                0x08001b30                HAL_ETH_DMATxDescListInit
 .text.HAL_ETH_DMARxDescListInit
                0x08001baa       0x78 Drivers\STM32F7xx_HAL_Driver\Src\stm32f7xx_hal_eth.o
                0x08001baa                HAL_ETH_DMARxDescListInit
 *fill*         0x08001c22        0x2 
 .text.HAL_ETH_TransmitFrame
                0x08001c24       0xe4 Drivers\STM32F7xx_HAL_Driver\Src\stm32f7xx_hal_eth.o
                0x08001c24                HAL_ETH_TransmitFrame
 .text.HAL_ETH_GetReceivedFrame
                0x08001d08       0x7e Drivers\STM32F7xx_HAL_Driver\Src\stm32f7xx_hal_eth.o
                0x08001d08                HAL_ETH_GetReceivedFrame
 .text.HAL_ETH_TxCpltCallback
                0x08001d86        0x2 Drivers\STM32F7xx_HAL_Driver\Src\stm32f7xx_hal_eth.o
                0x08001d86                HAL_ETH_TxCpltCallback
 .text.HAL_ETH_RxCpltCallback
                0x08001d88        0x2 Drivers\STM32F7xx_HAL_Driver\Src\stm32f7xx_hal_eth.o
                0x08001d88                HAL_ETH_RxCpltCallback
 .text.HAL_ETH_ErrorCallback
                0x08001d8a        0x2 Drivers\STM32F7xx_HAL_Driver\Src\stm32f7xx_hal_eth.o
                0x08001d8a                HAL_ETH_ErrorCallback
 .text.HAL_ETH_IRQHandler
                0x08001d8c       0x70 Drivers\STM32F7xx_HAL_Driver\Src\stm32f7xx_hal_eth.o
                0x08001d8c                HAL_ETH_IRQHandler
 .text.HAL_ETH_ReadPHYRegister
                0x08001dfc       0x74 Drivers\STM32F7xx_HAL_Driver\Src\stm32f7xx_hal_eth.o
                0x08001dfc                HAL_ETH_ReadPHYRegister
 .text.HAL_ETH_WritePHYRegister
                0x08001e70       0x6e Drivers\STM32F7xx_HAL_Driver\Src\stm32f7xx_hal_eth.o
                0x08001e70                HAL_ETH_WritePHYRegister
 *fill*         0x08001ede        0x2 
 .text.HAL_ETH_Init
                0x08001ee0      0x1f4 Drivers\STM32F7xx_HAL_Driver\Src\stm32f7xx_hal_eth.o
                0x08001ee0                HAL_ETH_Init
 .text.HAL_ETH_Start
                0x080020d4       0x7c Drivers\STM32F7xx_HAL_Driver\Src\stm32f7xx_hal_eth.o
                0x080020d4                HAL_ETH_Start
 .text.HAL_GPIO_Init
                0x08002150      0x1d4 Drivers\STM32F7xx_HAL_Driver\Src\stm32f7xx_hal_gpio.o
                0x08002150                HAL_GPIO_Init
 .text.HAL_GPIO_WritePin
                0x08002324        0xa Drivers\STM32F7xx_HAL_Driver\Src\stm32f7xx_hal_gpio.o
                0x08002324                HAL_GPIO_WritePin
 .text.HAL_GPIO_TogglePin
                0x0800232e        0x8 Drivers\STM32F7xx_HAL_Driver\Src\stm32f7xx_hal_gpio.o
                0x0800232e                HAL_GPIO_TogglePin
 *fill*         0x08002336        0x2 
 .text.HAL_PWREx_EnableOverDrive
                0x08002338       0x70 Drivers\STM32F7xx_HAL_Driver\Src\stm32f7xx_hal_pwr_ex.o
                0x08002338                HAL_PWREx_EnableOverDrive
 .text.HAL_RCC_OscConfig
                0x080023a8      0x358 Drivers\STM32F7xx_HAL_Driver\Src\stm32f7xx_hal_rcc.o
                0x080023a8                HAL_RCC_OscConfig
 .text.HAL_RCC_EnableCSS
                0x08002700       0x10 Drivers\STM32F7xx_HAL_Driver\Src\stm32f7xx_hal_rcc.o
                0x08002700                HAL_RCC_EnableCSS
 .text.HAL_RCC_GetSysClockFreq
                0x08002710       0x74 Drivers\STM32F7xx_HAL_Driver\Src\stm32f7xx_hal_rcc.o
                0x08002710                HAL_RCC_GetSysClockFreq
 .text.HAL_RCC_ClockConfig
                0x08002784      0x158 Drivers\STM32F7xx_HAL_Driver\Src\stm32f7xx_hal_rcc.o
                0x08002784                HAL_RCC_ClockConfig
 .text.HAL_RCC_GetHCLKFreq
                0x080028dc        0xc Drivers\STM32F7xx_HAL_Driver\Src\stm32f7xx_hal_rcc.o
                0x080028dc                HAL_RCC_GetHCLKFreq
 .text.HAL_RCC_GetPCLK1Freq
                0x080028e8       0x30 Drivers\STM32F7xx_HAL_Driver\Src\stm32f7xx_hal_rcc.o
                0x080028e8                HAL_RCC_GetPCLK1Freq
 .text.HAL_RCC_GetPCLK2Freq
                0x08002918       0x30 Drivers\STM32F7xx_HAL_Driver\Src\stm32f7xx_hal_rcc.o
                0x08002918                HAL_RCC_GetPCLK2Freq
 .text.HAL_RCCEx_PeriphCLKConfig
                0x08002948      0x744 Drivers\STM32F7xx_HAL_Driver\Src\stm32f7xx_hal_rcc_ex.o
                0x08002948                HAL_RCCEx_PeriphCLKConfig
 .text.SPI_WaitFifoStateUntilTimeout.part.1
                0x0800308c       0x54 Drivers\STM32F7xx_HAL_Driver\Src\stm32f7xx_hal_spi.o
 .text.SPI_WaitFlagStateUntilTimeout.constprop.10
                0x080030e0       0x30 Drivers\STM32F7xx_HAL_Driver\Src\stm32f7xx_hal_spi.o
 .text.SPI_WaitFifoStateUntilTimeout.constprop.11
                0x08003110       0x40 Drivers\STM32F7xx_HAL_Driver\Src\stm32f7xx_hal_spi.o
 .text.SPI_EndRxTxTransaction
                0x08003150       0x44 Drivers\STM32F7xx_HAL_Driver\Src\stm32f7xx_hal_spi.o
 .text.HAL_SPI_Init
                0x08003194       0xaa Drivers\STM32F7xx_HAL_Driver\Src\stm32f7xx_hal_spi.o
                0x08003194                HAL_SPI_Init
 .text.HAL_SPI_Transmit
                0x0800323e      0x148 Drivers\STM32F7xx_HAL_Driver\Src\stm32f7xx_hal_spi.o
                0x0800323e                HAL_SPI_Transmit
 .text.TIM_TI1_ConfigInputStage
                0x08003386       0x22 Drivers\STM32F7xx_HAL_Driver\Src\stm32f7xx_hal_tim.o
 .text.TIM_TI2_ConfigInputStage
                0x080033a8       0x24 Drivers\STM32F7xx_HAL_Driver\Src\stm32f7xx_hal_tim.o
 .text.HAL_TIM_Base_Start
                0x080033cc       0x1a Drivers\STM32F7xx_HAL_Driver\Src\stm32f7xx_hal_tim.o
                0x080033cc                HAL_TIM_Base_Start
 .text.HAL_TIM_Base_Stop
                0x080033e6       0x2e Drivers\STM32F7xx_HAL_Driver\Src\stm32f7xx_hal_tim.o
                0x080033e6                HAL_TIM_Base_Stop
 .text.HAL_TIM_Base_Start_IT
                0x08003414       0x16 Drivers\STM32F7xx_HAL_Driver\Src\stm32f7xx_hal_tim.o
                0x08003414                HAL_TIM_Base_Start_IT
 .text.HAL_TIM_Base_Stop_IT
                0x0800342a       0x2a Drivers\STM32F7xx_HAL_Driver\Src\stm32f7xx_hal_tim.o
                0x0800342a                HAL_TIM_Base_Stop_IT
 .text.TIM_Base_SetConfig
                0x08003454       0xd0 Drivers\STM32F7xx_HAL_Driver\Src\stm32f7xx_hal_tim.o
                0x08003454                TIM_Base_SetConfig
 .text.HAL_TIM_Base_Init
                0x08003524       0x34 Drivers\STM32F7xx_HAL_Driver\Src\stm32f7xx_hal_tim.o
                0x08003524                HAL_TIM_Base_Init
 .text.TIM_ETR_SetConfig
                0x08003558       0x14 Drivers\STM32F7xx_HAL_Driver\Src\stm32f7xx_hal_tim.o
                0x08003558                TIM_ETR_SetConfig
 .text.HAL_TIM_ConfigClockSource
                0x0800356c      0x11c Drivers\STM32F7xx_HAL_Driver\Src\stm32f7xx_hal_tim.o
                0x0800356c                HAL_TIM_ConfigClockSource
 .text.HAL_TIM_SlaveConfigSynchronization
                0x08003688       0x92 Drivers\STM32F7xx_HAL_Driver\Src\stm32f7xx_hal_tim.o
                0x08003688                HAL_TIM_SlaveConfigSynchronization
 .text.TIM_CCxChannelCmd
                0x0800371a       0x18 Drivers\STM32F7xx_HAL_Driver\Src\stm32f7xx_hal_tim.o
                0x0800371a                TIM_CCxChannelCmd
 *fill*         0x08003732        0x2 
 .text.HAL_TIM_PWM_Stop
                0x08003734       0x64 Drivers\STM32F7xx_HAL_Driver\Src\stm32f7xx_hal_tim.o
                0x08003734                HAL_TIM_PWM_Stop
 .text.HAL_TIMEx_MasterConfigSynchronization
                0x08003798       0x4c Drivers\STM32F7xx_HAL_Driver\Src\stm32f7xx_hal_tim_ex.o
                0x08003798                HAL_TIMEx_MasterConfigSynchronization
 .text.UART_EndRxTransfer
                0x080037e4       0x1a Drivers\STM32F7xx_HAL_Driver\Src\stm32f7xx_hal_uart.o
 .text.HAL_UART_Transmit_IT
                0x080037fe       0x42 Drivers\STM32F7xx_HAL_Driver\Src\stm32f7xx_hal_uart.o
                0x080037fe                HAL_UART_Transmit_IT
 .text.HAL_UART_Receive_IT
                0x08003840       0x88 Drivers\STM32F7xx_HAL_Driver\Src\stm32f7xx_hal_uart.o
                0x08003840                HAL_UART_Receive_IT
 .text.UART_WaitOnFlagUntilTimeout
                0x080038c8       0x62 Drivers\STM32F7xx_HAL_Driver\Src\stm32f7xx_hal_uart.o
                0x080038c8                UART_WaitOnFlagUntilTimeout
 .text.HAL_UART_Transmit
                0x0800392a       0xb2 Drivers\STM32F7xx_HAL_Driver\Src\stm32f7xx_hal_uart.o
                0x0800392a                HAL_UART_Transmit
 .text.HAL_UART_Receive
                0x080039dc       0xe0 Drivers\STM32F7xx_HAL_Driver\Src\stm32f7xx_hal_uart.o
                0x080039dc                HAL_UART_Receive
 .text.HAL_UART_TxCpltCallback
                0x08003abc        0x2 Drivers\STM32F7xx_HAL_Driver\Src\stm32f7xx_hal_uart.o
                0x08003abc                HAL_UART_TxCpltCallback
 .text.UART_Receive_IT
                0x08003abe       0x6e Drivers\STM32F7xx_HAL_Driver\Src\stm32f7xx_hal_uart.o
 .text.HAL_UART_ErrorCallback
                0x08003b2c        0x2 Drivers\STM32F7xx_HAL_Driver\Src\stm32f7xx_hal_uart.o
                0x08003b2c                HAL_UART_ErrorCallback
 *fill*         0x08003b2e        0x2 
 .text.HAL_UART_IRQHandler
                0x08003b30      0x15c Drivers\STM32F7xx_HAL_Driver\Src\stm32f7xx_hal_uart.o
                0x08003b30                HAL_UART_IRQHandler
 .text.UART_DMAAbortOnError
                0x08003c8c       0x14 Drivers\STM32F7xx_HAL_Driver\Src\stm32f7xx_hal_uart.o
 .text.UART_SetConfig
                0x08003ca0      0x290 Drivers\STM32F7xx_HAL_Driver\Src\stm32f7xx_hal_uart.o
                0x08003ca0                UART_SetConfig
 .text.UART_AdvFeatureConfig
                0x08003f30       0xaa Drivers\STM32F7xx_HAL_Driver\Src\stm32f7xx_hal_uart.o
                0x08003f30                UART_AdvFeatureConfig
 .text.UART_CheckIdleState
                0x08003fda       0x44 Drivers\STM32F7xx_HAL_Driver\Src\stm32f7xx_hal_uart.o
                0x08003fda                UART_CheckIdleState
 .text.HAL_UART_Init
                0x0800401e       0x64 Drivers\STM32F7xx_HAL_Driver\Src\stm32f7xx_hal_uart.o
                0x0800401e                HAL_UART_Init
 .text.lwip_htons
                0x08004082        0x6 Middlewares\Third_Party\LwIP\src\core\def.o
                0x08004082                lwip_htons
 .text.lwip_htonl
                0x08004088        0x4 Middlewares\Third_Party\LwIP\src\core\def.o
                0x08004088                lwip_htonl
 .text.lwip_init
                0x0800408c       0x1e Middlewares\Third_Party\LwIP\src\core\init.o
                0x0800408c                lwip_init
 *fill*         0x080040aa        0x2 
 .text.etharp_free_entry
                0x080040ac       0x28 Middlewares\Third_Party\LwIP\src\core\ipv4\etharp.o
 .text.etharp_find_entry.isra.0
                0x080040d4       0xcc Middlewares\Third_Party\LwIP\src\core\ipv4\etharp.o
 .text.etharp_raw.constprop.1
                0x080041a0       0x88 Middlewares\Third_Party\LwIP\src\core\ipv4\etharp.o
 .text.etharp_cleanup_netif
                0x08004228       0x28 Middlewares\Third_Party\LwIP\src\core\ipv4\etharp.o
                0x08004228                etharp_cleanup_netif
 .text.etharp_input
                0x08004250      0x124 Middlewares\Third_Party\LwIP\src\core\ipv4\etharp.o
                0x08004250                etharp_input
 .text.etharp_request
                0x08004374       0x20 Middlewares\Third_Party\LwIP\src\core\ipv4\etharp.o
                0x08004374                etharp_request
 .text.etharp_tmr
                0x08004394       0x54 Middlewares\Third_Party\LwIP\src\core\ipv4\etharp.o
                0x08004394                etharp_tmr
 .text.etharp_output_to_arp_index
                0x080043e8       0x7c Middlewares\Third_Party\LwIP\src\core\ipv4\etharp.o
 .text.etharp_query
                0x08004464       0xf8 Middlewares\Third_Party\LwIP\src\core\ipv4\etharp.o
                0x08004464                etharp_query
 .text.etharp_output
                0x0800455c       0xe4 Middlewares\Third_Party\LwIP\src\core\ipv4\etharp.o
                0x0800455c                etharp_output
 .text.ip4_route
                0x08004640       0x58 Middlewares\Third_Party\LwIP\src\core\ipv4\ip4.o
                0x08004640                ip4_route
 .text.ip4_input
                0x08004698      0x154 Middlewares\Third_Party\LwIP\src\core\ipv4\ip4.o
                0x08004698                ip4_input
 .text.ip4_output_if_src
                0x080047ec       0xb8 Middlewares\Third_Party\LwIP\src\core\ipv4\ip4.o
                0x080047ec                ip4_output_if_src
 .text.ip4_output_if
                0x080048a4       0x22 Middlewares\Third_Party\LwIP\src\core\ipv4\ip4.o
                0x080048a4                ip4_output_if
 .text.ip4_addr_isbroadcast_u32
                0x080048c6       0x32 Middlewares\Third_Party\LwIP\src\core\ipv4\ip4_addr.o
                0x080048c6                ip4_addr_isbroadcast_u32
 .text.ipfrag_free_pbuf_custom
                0x080048f8       0x18 Middlewares\Third_Party\LwIP\src\core\ipv4\ip4_frag.o
 .text.ip_reass_free_complete_datagram
                0x08004910       0x54 Middlewares\Third_Party\LwIP\src\core\ipv4\ip4_frag.o
 .text.ip_reass_remove_oldest_datagram
                0x08004964       0x78 Middlewares\Third_Party\LwIP\src\core\ipv4\ip4_frag.o
 .text.ip_reass_tmr
                0x080049dc       0x28 Middlewares\Third_Party\LwIP\src\core\ipv4\ip4_frag.o
                0x080049dc                ip_reass_tmr
 .text.ip4_reass
                0x08004a04      0x2c8 Middlewares\Third_Party\LwIP\src\core\ipv4\ip4_frag.o
                0x08004a04                ip4_reass
 .text.ip4_frag
                0x08004ccc      0x174 Middlewares\Third_Party\LwIP\src\core\ipv4\ip4_frag.o
                0x08004ccc                ip4_frag
 .text.mem_init
                0x08004e40       0x3c Middlewares\Third_Party\LwIP\src\core\mem.o
                0x08004e40                mem_init
 .text.mem_free
                0x08004e7c       0x88 Middlewares\Third_Party\LwIP\src\core\mem.o
                0x08004e7c                mem_free
 .text.mem_trim
                0x08004f04       0xac Middlewares\Third_Party\LwIP\src\core\mem.o
                0x08004f04                mem_trim
 .text.mem_malloc
                0x08004fb0       0xb8 Middlewares\Third_Party\LwIP\src\core\mem.o
                0x08004fb0                mem_malloc
 .text.memp_init_pool
                0x08005068       0x26 Middlewares\Third_Party\LwIP\src\core\memp.o
                0x08005068                memp_init_pool
 *fill*         0x0800508e        0x2 
 .text.memp_init
                0x08005090       0x1c Middlewares\Third_Party\LwIP\src\core\memp.o
                0x08005090                memp_init
 .text.memp_malloc
                0x080050ac       0x20 Middlewares\Third_Party\LwIP\src\core\memp.o
                0x080050ac                memp_malloc
 .text.memp_free
                0x080050cc       0x1c Middlewares\Third_Party\LwIP\src\core\memp.o
                0x080050cc                memp_free
 .text.netif_issue_reports.part.0
                0x080050e8       0x12 Middlewares\Third_Party\LwIP\src\core\netif.o
 .text.netif_init
                0x080050fa        0x2 Middlewares\Third_Party\LwIP\src\core\netif.o
                0x080050fa                netif_init
 .text.netif_set_ipaddr
                0x080050fc       0x44 Middlewares\Third_Party\LwIP\src\core\netif.o
                0x080050fc                netif_set_ipaddr
 .text.netif_set_addr
                0x08005140       0x38 Middlewares\Third_Party\LwIP\src\core\netif.o
                0x08005140                netif_set_addr
 .text.netif_add
                0x08005178       0x54 Middlewares\Third_Party\LwIP\src\core\netif.o
                0x08005178                netif_add
 .text.netif_set_default
                0x080051cc        0xc Middlewares\Third_Party\LwIP\src\core\netif.o
                0x080051cc                netif_set_default
 .text.netif_set_up
                0x080051d8       0x1e Middlewares\Third_Party\LwIP\src\core\netif.o
                0x080051d8                netif_set_up
 .text.netif_set_down
                0x080051f6       0x1a Middlewares\Third_Party\LwIP\src\core\netif.o
                0x080051f6                netif_set_down
 .text.pbuf_header_impl.part.0
                0x08005210       0x5a Middlewares\Third_Party\LwIP\src\core\pbuf.o
 *fill*         0x0800526a        0x2 
 .text.pbuf_free_ooseq
                0x0800526c       0x2c Middlewares\Third_Party\LwIP\src\core\pbuf.o
                0x0800526c                pbuf_free_ooseq
 .text.pbuf_alloced_custom
                0x08005298       0x56 Middlewares\Third_Party\LwIP\src\core\pbuf.o
                0x08005298                pbuf_alloced_custom
 .text.pbuf_header
                0x080052ee        0xe Middlewares\Third_Party\LwIP\src\core\pbuf.o
                0x080052ee                pbuf_header
 .text.pbuf_free
                0x080052fc       0x4e Middlewares\Third_Party\LwIP\src\core\pbuf.o
                0x080052fc                pbuf_free
 *fill*         0x0800534a        0x2 
 .text.pbuf_alloc
                0x0800534c      0x118 Middlewares\Third_Party\LwIP\src\core\pbuf.o
                0x0800534c                pbuf_alloc
 .text.pbuf_realloc
                0x08005464       0x52 Middlewares\Third_Party\LwIP\src\core\pbuf.o
                0x08005464                pbuf_realloc
 .text.pbuf_clen
                0x080054b6       0x10 Middlewares\Third_Party\LwIP\src\core\pbuf.o
                0x080054b6                pbuf_clen
 .text.pbuf_ref
                0x080054c6        0xa Middlewares\Third_Party\LwIP\src\core\pbuf.o
                0x080054c6                pbuf_ref
 .text.pbuf_cat
                0x080054d0       0x1c Middlewares\Third_Party\LwIP\src\core\pbuf.o
                0x080054d0                pbuf_cat
 .text.pbuf_copy
                0x080054ec       0x9c Middlewares\Third_Party\LwIP\src\core\pbuf.o
                0x080054ec                pbuf_copy
 .text.pbuf_copy_partial
                0x08005588       0x5e Middlewares\Third_Party\LwIP\src\core\pbuf.o
                0x08005588                pbuf_copy_partial
 *fill*         0x080055e6        0x2 
 .text.tcp_new_port
                0x080055e8       0x54 Middlewares\Third_Party\LwIP\src\core\tcp.o
 .text.tcp_init
                0x0800563c        0x2 Middlewares\Third_Party\LwIP\src\core\tcp.o
                0x0800563c                tcp_init
 *fill*         0x0800563e        0x2 
 .text.tcp_bind
                0x08005640       0x78 Middlewares\Third_Party\LwIP\src\core\tcp.o
                0x08005640                tcp_bind
 .text.tcp_listen_with_backlog
                0x080056b8       0x84 Middlewares\Third_Party\LwIP\src\core\tcp.o
                0x080056b8                tcp_listen_with_backlog
 .text.tcp_update_rcv_ann_wnd
                0x0800573c       0x34 Middlewares\Third_Party\LwIP\src\core\tcp.o
                0x0800573c                tcp_update_rcv_ann_wnd
 .text.tcp_recved
                0x08005770       0x48 Middlewares\Third_Party\LwIP\src\core\tcp.o
                0x08005770                tcp_recved
 .text.tcp_seg_free
                0x080057b8       0x1c Middlewares\Third_Party\LwIP\src\core\tcp.o
                0x080057b8                tcp_seg_free
 .text.tcp_segs_free
                0x080057d4       0x10 Middlewares\Third_Party\LwIP\src\core\tcp.o
                0x080057d4                tcp_segs_free
 .text.tcp_setprio
                0x080057e4        0x4 Middlewares\Third_Party\LwIP\src\core\tcp.o
                0x080057e4                tcp_setprio
 .text.tcp_seg_copy
                0x080057e8       0x2c Middlewares\Third_Party\LwIP\src\core\tcp.o
                0x080057e8                tcp_seg_copy
 .text.tcp_arg  0x08005814        0x6 Middlewares\Third_Party\LwIP\src\core\tcp.o
                0x08005814                tcp_arg
 .text.tcp_recv
                0x0800581a        0x8 Middlewares\Third_Party\LwIP\src\core\tcp.o
                0x0800581a                tcp_recv
 .text.tcp_sent
                0x08005822        0x6 Middlewares\Third_Party\LwIP\src\core\tcp.o
                0x08005822                tcp_sent
 .text.tcp_err  0x08005828        0x8 Middlewares\Third_Party\LwIP\src\core\tcp.o
                0x08005828                tcp_err
 .text.tcp_accept
                0x08005830        0xc Middlewares\Third_Party\LwIP\src\core\tcp.o
                0x08005830                tcp_accept
 .text.tcp_poll
                0x0800583c        0x8 Middlewares\Third_Party\LwIP\src\core\tcp.o
                0x0800583c                tcp_poll
 .text.tcp_pcb_purge
                0x08005844       0x40 Middlewares\Third_Party\LwIP\src\core\tcp.o
                0x08005844                tcp_pcb_purge
 .text.tcp_slowtmr
                0x08005884      0x2f4 Middlewares\Third_Party\LwIP\src\core\tcp.o
                0x08005884                tcp_slowtmr
 .text.tcp_pcb_remove
                0x08005b78       0x4e Middlewares\Third_Party\LwIP\src\core\tcp.o
                0x08005b78                tcp_pcb_remove
 *fill*         0x08005bc6        0x2 
 .text.tcp_close_shutdown
                0x08005bc8      0x164 Middlewares\Third_Party\LwIP\src\core\tcp.o
 .text.tcp_close
                0x08005d2c       0x14 Middlewares\Third_Party\LwIP\src\core\tcp.o
                0x08005d2c                tcp_close
 .text.tcp_recv_null
                0x08005d40       0x24 Middlewares\Third_Party\LwIP\src\core\tcp.o
                0x08005d40                tcp_recv_null
 .text.tcp_process_refused_data
                0x08005d64       0x66 Middlewares\Third_Party\LwIP\src\core\tcp.o
                0x08005d64                tcp_process_refused_data
 *fill*         0x08005dca        0x2 
 .text.tcp_fasttmr
                0x08005dcc       0x70 Middlewares\Third_Party\LwIP\src\core\tcp.o
                0x08005dcc                tcp_fasttmr
 .text.tcp_tmr  0x08005e3c       0x24 Middlewares\Third_Party\LwIP\src\core\tcp.o
                0x08005e3c                tcp_tmr
 .text.tcp_abandon
                0x08005e60       0xcc Middlewares\Third_Party\LwIP\src\core\tcp.o
                0x08005e60                tcp_abandon
 .text.tcp_abort
                0x08005f2c        0x6 Middlewares\Third_Party\LwIP\src\core\tcp.o
                0x08005f2c                tcp_abort
 .text.tcp_accept_null
                0x08005f32        0xe Middlewares\Third_Party\LwIP\src\core\tcp.o
 .text.tcp_netif_ip_addr_changed_pcblist
                0x08005f40       0x1c Middlewares\Third_Party\LwIP\src\core\tcp.o
 .text.tcp_kill_state
                0x08005f5c       0x3c Middlewares\Third_Party\LwIP\src\core\tcp.o
 .text.tcp_next_iss
                0x08005f98       0x18 Middlewares\Third_Party\LwIP\src\core\tcp.o
                0x08005f98                tcp_next_iss
 .text.tcp_alloc
                0x08005fb0      0x118 Middlewares\Third_Party\LwIP\src\core\tcp.o
                0x08005fb0                tcp_alloc
 .text.tcp_new  0x080060c8        0x6 Middlewares\Third_Party\LwIP\src\core\tcp.o
                0x080060c8                tcp_new
 .text.tcp_eff_send_mss_impl
                0x080060ce       0x1e Middlewares\Third_Party\LwIP\src\core\tcp.o
                0x080060ce                tcp_eff_send_mss_impl
 .text.tcp_netif_ip_addr_changed
                0x080060ec       0x4c Middlewares\Third_Party\LwIP\src\core\tcp.o
                0x080060ec                tcp_netif_ip_addr_changed
 .text.tcp_oos_insert_segment
                0x08006138       0x7c Middlewares\Third_Party\LwIP\src\core\tcp_in.o
 .text.tcp_receive
                0x080061b4      0x7b4 Middlewares\Third_Party\LwIP\src\core\tcp_in.o
 .text.tcp_getoptbyte
                0x08006968       0x40 Middlewares\Third_Party\LwIP\src\core\tcp_in.o
 .text.tcp_parseopt.isra.1.part.2
                0x080069a8       0x70 Middlewares\Third_Party\LwIP\src\core\tcp_in.o
 .text.tcp_input
                0x08006a18      0x88c Middlewares\Third_Party\LwIP\src\core\tcp_in.o
                0x08006a18                tcp_input
 .text.tcp_trigger_input_pcb_close
                0x080072a4       0x10 Middlewares\Third_Party\LwIP\src\core\tcp_in.o
                0x080072a4                tcp_trigger_input_pcb_close
 .text.tcp_pbuf_prealloc
                0x080072b4       0x50 Middlewares\Third_Party\LwIP\src\core\tcp_out.o
 .text.tcp_create_segment
                0x08007304       0xac Middlewares\Third_Party\LwIP\src\core\tcp_out.o
 .text.tcp_output_alloc_header.constprop.0
                0x080073b0       0x5a Middlewares\Third_Party\LwIP\src\core\tcp_out.o
 .text.tcp_write
                0x0800740a      0x326 Middlewares\Third_Party\LwIP\src\core\tcp_out.o
                0x0800740a                tcp_write
 .text.tcp_enqueue_flags
                0x08007730       0x94 Middlewares\Third_Party\LwIP\src\core\tcp_out.o
                0x08007730                tcp_enqueue_flags
 .text.tcp_send_fin
                0x080077c4       0x44 Middlewares\Third_Party\LwIP\src\core\tcp_out.o
                0x080077c4                tcp_send_fin
 .text.tcp_send_empty_ack
                0x08007808       0x6a Middlewares\Third_Party\LwIP\src\core\tcp_out.o
                0x08007808                tcp_send_empty_ack
 *fill*         0x08007872        0x2 
 .text.tcp_output
                0x08007874      0x284 Middlewares\Third_Party\LwIP\src\core\tcp_out.o
                0x08007874                tcp_output
 .text.tcp_rst  0x08007af8       0x90 Middlewares\Third_Party\LwIP\src\core\tcp_out.o
                0x08007af8                tcp_rst
 .text.tcp_rexmit_rto
                0x08007b88       0x32 Middlewares\Third_Party\LwIP\src\core\tcp_out.o
                0x08007b88                tcp_rexmit_rto
 .text.tcp_rexmit
                0x08007bba       0x4e Middlewares\Third_Party\LwIP\src\core\tcp_out.o
                0x08007bba                tcp_rexmit
 .text.tcp_rexmit_fast
                0x08007c08       0x56 Middlewares\Third_Party\LwIP\src\core\tcp_out.o
                0x08007c08                tcp_rexmit_fast
 .text.tcp_keepalive
                0x08007c5e       0x54 Middlewares\Third_Party\LwIP\src\core\tcp_out.o
                0x08007c5e                tcp_keepalive
 .text.tcp_zero_window_probe
                0x08007cb2       0xbe Middlewares\Third_Party\LwIP\src\core\tcp_out.o
                0x08007cb2                tcp_zero_window_probe
 .text.sys_timeout
                0x08007d70       0x84 Middlewares\Third_Party\LwIP\src\core\timeouts.o
                0x08007d70                sys_timeout
 .text.tcp_timer_needed
                0x08007df4       0x34 Middlewares\Third_Party\LwIP\src\core\timeouts.o
                0x08007df4                tcp_timer_needed
 .text.tcpip_tcp_timer
                0x08007e28       0x38 Middlewares\Third_Party\LwIP\src\core\timeouts.o
 .text.sys_timeouts_init
                0x08007e60       0x38 Middlewares\Third_Party\LwIP\src\core\timeouts.o
                0x08007e60                sys_timeouts_init
 .text.cyclic_timer
                0x08007e98       0x1c Middlewares\Third_Party\LwIP\src\core\timeouts.o
 .text.sys_check_timeouts
                0x08007eb4       0x60 Middlewares\Third_Party\LwIP\src\core\timeouts.o
                0x08007eb4                sys_check_timeouts
 .text.udp_init
                0x08007f14        0x2 Middlewares\Third_Party\LwIP\src\core\udp.o
                0x08007f14                udp_init
 *fill*         0x08007f16        0x2 
 .text.udp_input
                0x08007f18       0xe8 Middlewares\Third_Party\LwIP\src\core\udp.o
                0x08007f18                udp_input
 .text.udp_bind
                0x08008000       0xa8 Middlewares\Third_Party\LwIP\src\core\udp.o
                0x08008000                udp_bind
 .text.udp_connect
                0x080080a8       0x50 Middlewares\Third_Party\LwIP\src\core\udp.o
                0x080080a8                udp_connect
 .text.udp_remove
                0x080080f8       0x30 Middlewares\Third_Party\LwIP\src\core\udp.o
                0x080080f8                udp_remove
 .text.udp_new  0x08008128       0x1c Middlewares\Third_Party\LwIP\src\core\udp.o
                0x08008128                udp_new
 .text.udp_netif_ip_addr_changed
                0x08008144       0x2c Middlewares\Third_Party\LwIP\src\core\udp.o
                0x08008144                udp_netif_ip_addr_changed
 .text.ethernet_input
                0x08008170       0x98 Middlewares\Third_Party\LwIP\src\netif\ethernet.o
                0x08008170                ethernet_input
 .text.ethernet_output
                0x08008208       0x4c Middlewares\Third_Party\LwIP\src\netif\ethernet.o
                0x08008208                ethernet_output
 .text.low_level_output
                0x08008254       0xa0 Src\ethernetif.o
 .text.HAL_ETH_MspInit
                0x080082f4       0xdc Src\ethernetif.o
                0x080082f4                HAL_ETH_MspInit
 .text.ethernetif_input
                0x080083d0       0xdc Src\ethernetif.o
                0x080083d0                ethernetif_input
 .text.ethernetif_init
                0x080084ac      0x110 Src\ethernetif.o
                0x080084ac                ethernetif_init
 .text.sys_now  0x080085bc        0x4 Src\ethernetif.o
                0x080085bc                sys_now
 .text.MX_LWIP_Init
                0x080085c0      0x1b0 Src\lwip.o
                0x080085c0                MX_LWIP_Init
 .text.MX_LWIP_Process
                0x08008770       0x14 Src\lwip.o
                0x08008770                MX_LWIP_Process
 .text.adc1_dma_callback0
                0x08008784       0xfc Src\main.o
                0x08008784                adc1_dma_callback0
 .text.adc1_dma_callback1
                0x08008880       0xfc Src\main.o
                0x08008880                adc1_dma_callback1
 .text.SystemClock_Config
                0x0800897c       0xc4 Src\main.o
                0x0800897c                SystemClock_Config
 .text.udp_echoserver_init
                0x08008a40       0x2c Src\main.o
                0x08008a40                udp_echoserver_init
 .text.ScanISel
                0x08008a6c       0x54 Src\main.o
                0x08008a6c                ScanISel
 .text.ScanTrim
                0x08008ac0       0x6c Src\main.o
                0x08008ac0                ScanTrim
 .text.ScanTrimij
                0x08008b2c        0xe Src\main.o
                0x08008b2c                ScanTrimij
 *fill*         0x08008b3a        0x2 
 .text.ScanZoomRot
                0x08008b3c       0xdc Src\main.o
                0x08008b3c                ScanZoomRot
 .text.DetMuxSel
                0x08008c18       0x54 Src\main.o
                0x08008c18                DetMuxSel
 .text.DetAmpGain
                0x08008c6c       0xc4 Src\main.o
                0x08008c6c                DetAmpGain
 .text.DetTrim  0x08008d30       0x6c Src\main.o
                0x08008d30                DetTrim
 .text.DetTrimij
                0x08008d9c        0xe Src\main.o
                0x08008d9c                DetTrimij
 .text.ScanISel_Init
                0x08008daa        0x6 Src\main.o
                0x08008daa                ScanISel_Init
 .text.ScanZoomRot_Init
                0x08008db0       0x14 Src\main.o
                0x08008db0                ScanZoomRot_Init
 .text.DetMuxSel_Init
                0x08008dc4       0x18 Src\main.o
                0x08008dc4                DetMuxSel_Init
 .text.DetAmpGain_Init
                0x08008ddc       0x10 Src\main.o
                0x08008ddc                DetAmpGain_Init
 .text.DetTrim_Init
                0x08008dec       0x14 Src\main.o
                0x08008dec                DetTrim_Init
 .text.sendhello2
                0x08008e00       0x74 Src\main.o
                0x08008e00                sendhello2
 .text.sendhello6
                0x08008e74       0x74 Src\main.o
                0x08008e74                sendhello6
 .text.dacrange
                0x08008ee8       0xbc Src\main.o
                0x08008ee8                dacrange
 .text.SetADC1Channel
                0x08008fa4       0x1c Src\main.o
                0x08008fa4                SetADC1Channel
 .text.setsignal
                0x08008fc0       0xd8 Src\main.o
                0x08008fc0                setsignal
 .text.rotate   0x08009098       0x32 Src\main.o
                0x08009098                rotate
 .text.zoom     0x080090ca       0x1c Src\main.o
                0x080090ca                zoom
 *fill*         0x080090e6        0x2 
 .text.FreeReceiveBuf2
                0x080090e8       0x20 Src\main.o
                0x080090e8                FreeReceiveBuf2
 .text.FreeReceiveBuf6
                0x08009108       0x20 Src\main.o
                0x08009108                FreeReceiveBuf6
 .text.HAL_UART_RxCpltCallback
                0x08009128       0x60 Src\main.o
                0x08009128                HAL_UART_RxCpltCallback
 .text.HAL_ADC_ConvCpltCallback
                0x08009188        0x2 Src\main.o
                0x08009188                HAL_ADC_ConvCpltCallback
 *fill*         0x0800918a        0x2 
 .text.HAL_ADC_ErrorCallback
                0x0800918c       0x18 Src\main.o
                0x0800918c                HAL_ADC_ErrorCallback
 .text.windowset
                0x080091a4       0x9c Src\main.o
                0x080091a4                windowset
 .text.startup.main
                0x08009240      0xa18 Src\main.o
                0x08009240                main
 .text.Error_Handler
                0x08009c58        0x2 Src\main.o
                0x08009c58                Error_Handler
 *fill*         0x08009c5a        0x2 
 .text.DMA_ADC1_TransferError
                0x08009c5c        0xc Src\stm32f7xx_hal_msp.o
 .text.DMA_ADC1_TransferComplete
                0x08009c68        0xc Src\stm32f7xx_hal_msp.o
 .text.HAL_MspInit
                0x08009c74       0x60 Src\stm32f7xx_hal_msp.o
                0x08009c74                HAL_MspInit
 .text.HAL_ADC_MspInit
                0x08009cd4      0x174 Src\stm32f7xx_hal_msp.o
                0x08009cd4                HAL_ADC_MspInit
 .text.HAL_CAN_MspInit
                0x08009e48       0xb8 Src\stm32f7xx_hal_msp.o
                0x08009e48                HAL_CAN_MspInit
 .text.HAL_DAC_MspInit
                0x08009f00       0xd8 Src\stm32f7xx_hal_msp.o
                0x08009f00                HAL_DAC_MspInit
 .text.HAL_SPI_MspInit
                0x08009fd8      0x10c Src\stm32f7xx_hal_msp.o
                0x08009fd8                HAL_SPI_MspInit
 .text.HAL_TIM_Base_MspInit
                0x0800a0e4       0x68 Src\stm32f7xx_hal_msp.o
                0x0800a0e4                HAL_TIM_Base_MspInit
 .text.HAL_UART_MspInit
                0x0800a14c       0xd8 Src\stm32f7xx_hal_msp.o
                0x0800a14c                HAL_UART_MspInit
 .text.SysTick_Handler
                0x0800a224        0xe Src\stm32f7xx_it.o
                0x0800a224                SysTick_Handler
 *fill*         0x0800a232        0x2 
 .text.DMA1_Stream5_IRQHandler
                0x0800a234        0xc Src\stm32f7xx_it.o
                0x0800a234                DMA1_Stream5_IRQHandler
 .text.DMA1_Stream6_IRQHandler
                0x0800a240        0xc Src\stm32f7xx_it.o
                0x0800a240                DMA1_Stream6_IRQHandler
 .text.ADC_IRQHandler
                0x0800a24c       0x38 Src\stm32f7xx_it.o
                0x0800a24c                ADC_IRQHandler
 .text.USART2_IRQHandler
                0x0800a284        0xc Src\stm32f7xx_it.o
                0x0800a284                USART2_IRQHandler
 .text.DMA2_Stream0_IRQHandler
                0x0800a290        0xc Src\stm32f7xx_it.o
                0x0800a290                DMA2_Stream0_IRQHandler
 .text.ETH_WKUP_IRQHandler
                0x0800a29c        0xc Src\stm32f7xx_it.o
                0x0800a29c                ETH_WKUP_IRQHandler
 .text.ETH_IRQHandler
                0x0800a2a8        0x4 Src\stm32f7xx_it.o
                0x0800a2a8                ETH_IRQHandler
 .text.USART6_IRQHandler
                0x0800a2ac        0xc Src\stm32f7xx_it.o
                0x0800a2ac                USART6_IRQHandler
 .text.SystemInit
                0x0800a2b8       0x4c Src\system_stm32f7xx.o
                0x0800a2b8                SystemInit
 .text.tcp_echoserver_poll
                0x0800a304       0x14 Src\tcp_echoserver.o
                0x0800a304                tcp_echoserver_poll
 .text.tcp_echoserver_error
                0x0800a318      0x114 Src\tcp_echoserver.o
                0x0800a318                tcp_echoserver_error
 .text.tcp_echoserver_init
                0x0800a42c       0x44 Src\tcp_echoserver.o
                0x0800a42c                tcp_echoserver_init
 .text.tcp_echoserver_send
                0x0800a470       0x26 Src\tcp_echoserver.o
                0x0800a470                tcp_echoserver_send
 *fill*         0x0800a496        0x2 
 .text.tcp_echoserver_connection_close
                0x0800a498       0xf4 Src\tcp_echoserver.o
                0x0800a498                tcp_echoserver_connection_close
 .text.tcp_echoserver_accept
                0x0800a58c      0x144 Src\tcp_echoserver.o
                0x0800a58c                tcp_echoserver_accept
 .text.tcp_echoserver_sent
                0x0800a6d0       0x28 Src\tcp_echoserver.o
                0x0800a6d0                tcp_echoserver_sent
 .text.check    0x0800a6f8       0x1e Src\tcp_echoserver.o
                0x0800a6f8                check
 *fill*         0x0800a716        0x2 
 .text.GetInputs
                0x0800a718       0x54 Src\tcp_echoserver.o
                0x0800a718                GetInputs
 .text.GetChildCommand
                0x0800a76c       0x30 Src\tcp_echoserver.o
                0x0800a76c                GetChildCommand
 .text.GetDeviceNameLength
                0x0800a79c       0x14 Src\tcp_echoserver.o
                0x0800a79c                GetDeviceNameLength
 .text.IsSame   0x0800a7b0       0x24 Src\tcp_echoserver.o
                0x0800a7b0                IsSame
 .text.AnswerToOrder
                0x0800a7d4      0xb54 Src\tcp_echoserver.o
                0x0800a7d4                AnswerToOrder
 .text.tcp_echoserver_recv
                0x0800b328       0xe8 Src\tcp_echoserver.o
                0x0800b328                tcp_echoserver_recv
 .text.Reset_Handler
                0x0800b410       0x50 startup\startup_stm32f746xx.o
                0x0800b410                Reset_Handler
 .text.Default_Handler
                0x0800b460        0x2 startup\startup_stm32f746xx.o
                0x0800b460                RTC_Alarm_IRQHandler
                0x0800b460                EXTI2_IRQHandler
                0x0800b460                TIM8_CC_IRQHandler
                0x0800b460                DebugMon_Handler
                0x0800b460                UART8_IRQHandler
                0x0800b460                SPI4_IRQHandler
                0x0800b460                TIM1_CC_IRQHandler
                0x0800b460                DMA2_Stream5_IRQHandler
                0x0800b460                HardFault_Handler
                0x0800b460                PVD_IRQHandler
                0x0800b460                TAMP_STAMP_IRQHandler
                0x0800b460                PendSV_Handler
                0x0800b460                NMI_Handler
                0x0800b460                CAN2_RX1_IRQHandler
                0x0800b460                EXTI3_IRQHandler
                0x0800b460                TIM8_TRG_COM_TIM14_IRQHandler
                0x0800b460                TIM1_UP_TIM10_IRQHandler
                0x0800b460                TIM8_UP_TIM13_IRQHandler
                0x0800b460                I2C3_ER_IRQHandler
                0x0800b460                EXTI0_IRQHandler
                0x0800b460                I2C2_EV_IRQHandler
                0x0800b460                DMA1_Stream2_IRQHandler
                0x0800b460                CAN1_RX0_IRQHandler
                0x0800b460                FPU_IRQHandler
                0x0800b460                OTG_HS_WKUP_IRQHandler
                0x0800b460                UsageFault_Handler
                0x0800b460                LTDC_ER_IRQHandler
                0x0800b460                CAN2_SCE_IRQHandler
                0x0800b460                DMA2_Stream2_IRQHandler
                0x0800b460                SPI1_IRQHandler
                0x0800b460                TIM6_DAC_IRQHandler
                0x0800b460                TIM1_BRK_TIM9_IRQHandler
                0x0800b460                DCMI_IRQHandler
                0x0800b460                CAN2_RX0_IRQHandler
                0x0800b460                DMA2_Stream3_IRQHandler
                0x0800b460                SAI2_IRQHandler
                0x0800b460                USART3_IRQHandler
                0x0800b460                CAN1_RX1_IRQHandler
                0x0800b460                UART5_IRQHandler
                0x0800b460                TIM4_IRQHandler
                0x0800b460                QUADSPI_IRQHandler
                0x0800b460                I2C1_EV_IRQHandler
                0x0800b460                DMA1_Stream1_IRQHandler
                0x0800b460                UART4_IRQHandler
                0x0800b460                TIM3_IRQHandler
                0x0800b460                RCC_IRQHandler
                0x0800b460                TIM8_BRK_TIM12_IRQHandler
                0x0800b460                Default_Handler
                0x0800b460                CEC_IRQHandler
                0x0800b460                EXTI15_10_IRQHandler
                0x0800b460                DMA1_Stream7_IRQHandler
                0x0800b460                SPI5_IRQHandler
                0x0800b460                TIM7_IRQHandler
                0x0800b460                SDMMC1_IRQHandler
                0x0800b460                CAN2_TX_IRQHandler
                0x0800b460                TIM5_IRQHandler
                0x0800b460                DMA2_Stream7_IRQHandler
                0x0800b460                I2C3_EV_IRQHandler
                0x0800b460                EXTI9_5_IRQHandler
                0x0800b460                RTC_WKUP_IRQHandler
                0x0800b460                LTDC_IRQHandler
                0x0800b460                SPDIF_RX_IRQHandler
                0x0800b460                SPI2_IRQHandler
                0x0800b460                OTG_HS_EP1_IN_IRQHandler
                0x0800b460                MemManage_Handler
                0x0800b460                DMA1_Stream0_IRQHandler
                0x0800b460                CAN1_TX_IRQHandler
                0x0800b460                SVC_Handler
                0x0800b460                EXTI4_IRQHandler
                0x0800b460                RNG_IRQHandler
                0x0800b460                OTG_HS_EP1_OUT_IRQHandler
                0x0800b460                WWDG_IRQHandler
                0x0800b460                SPI6_IRQHandler
                0x0800b460                I2C4_EV_IRQHandler
                0x0800b460                TIM2_IRQHandler
                0x0800b460                OTG_FS_WKUP_IRQHandler
                0x0800b460                TIM1_TRG_COM_TIM11_IRQHandler
                0x0800b460                OTG_HS_IRQHandler
                0x0800b460                DMA2D_IRQHandler
                0x0800b460                EXTI1_IRQHandler
                0x0800b460                UART7_IRQHandler
                0x0800b460                I2C2_ER_IRQHandler
                0x0800b460                DMA2_Stream1_IRQHandler
                0x0800b460                CAN1_SCE_IRQHandler
                0x0800b460                FLASH_IRQHandler
                0x0800b460                DMA2_Stream4_IRQHandler
                0x0800b460                BusFault_Handler
                0x0800b460                USART1_IRQHandler
                0x0800b460                OTG_FS_IRQHandler
                0x0800b460                SPI3_IRQHandler
                0x0800b460                DMA1_Stream4_IRQHandler
                0x0800b460                I2C1_ER_IRQHandler
                0x0800b460                FMC_IRQHandler
                0x0800b460                LPTIM1_IRQHandler
                0x0800b460                I2C4_ER_IRQHandler
                0x0800b460                DMA2_Stream6_IRQHandler
                0x0800b460                SAI1_IRQHandler
                0x0800b460                DMA1_Stream3_IRQHandler
 .text.atoi     0x0800b462        0x8 c:/program files (x86)/atollic/truestudio for stm32 9.0.0/armtools/bin/../lib/gcc/arm-atollic-eabi/6.3.1/../../../../arm-atollic-eabi/lib/armv7e-m/fpu/fpv5-sp-d16\libc_nano.a(lib_a-atoi.o)
                0x0800b462                atoi
 *fill*         0x0800b46a        0x2 
 .text.__libc_init_array
                0x0800b46c       0x48 c:/program files (x86)/atollic/truestudio for stm32 9.0.0/armtools/bin/../lib/gcc/arm-atollic-eabi/6.3.1/../../../../arm-atollic-eabi/lib/armv7e-m/fpu/fpv5-sp-d16\libc_nano.a(lib_a-init.o)
                0x0800b46c                __libc_init_array
 .text.memcmp   0x0800b4b4       0x1e c:/program files (x86)/atollic/truestudio for stm32 9.0.0/armtools/bin/../lib/gcc/arm-atollic-eabi/6.3.1/../../../../arm-atollic-eabi/lib/armv7e-m/fpu/fpv5-sp-d16\libc_nano.a(lib_a-memcmp.o)
                0x0800b4b4                memcmp
 .text.memcpy   0x0800b4d2       0x16 c:/program files (x86)/atollic/truestudio for stm32 9.0.0/armtools/bin/../lib/gcc/arm-atollic-eabi/6.3.1/../../../../arm-atollic-eabi/lib/armv7e-m/fpu/fpv5-sp-d16\libc_nano.a(lib_a-memcpy-stub.o)
                0x0800b4d2                memcpy
 .text.memset   0x0800b4e8       0x10 c:/program files (x86)/atollic/truestudio for stm32 9.0.0/armtools/bin/../lib/gcc/arm-atollic-eabi/6.3.1/../../../../arm-atollic-eabi/lib/armv7e-m/fpu/fpv5-sp-d16\libc_nano.a(lib_a-memset.o)
                0x0800b4e8                memset
 .text.strcpy   0x0800b4f8       0x10 c:/program files (x86)/atollic/truestudio for stm32 9.0.0/armtools/bin/../lib/gcc/arm-atollic-eabi/6.3.1/../../../../arm-atollic-eabi/lib/armv7e-m/fpu/fpv5-sp-d16\libc_nano.a(lib_a-strcpy.o)
                0x0800b4f8                strcpy
 .text.strncmp  0x0800b508       0x24 c:/program files (x86)/atollic/truestudio for stm32 9.0.0/armtools/bin/../lib/gcc/arm-atollic-eabi/6.3.1/../../../../arm-atollic-eabi/lib/armv7e-m/fpu/fpv5-sp-d16\libc_nano.a(lib_a-strncmp.o)
                0x0800b508                strncmp
 .text.strtok   0x0800b52c       0x54 c:/program files (x86)/atollic/truestudio for stm32 9.0.0/armtools/bin/../lib/gcc/arm-atollic-eabi/6.3.1/../../../../arm-atollic-eabi/lib/armv7e-m/fpu/fpv5-sp-d16\libc_nano.a(lib_a-strtok.o)
                0x0800b52c                strtok
 .text.__strtok_r
                0x0800b580       0x52 c:/program files (x86)/atollic/truestudio for stm32 9.0.0/armtools/bin/../lib/gcc/arm-atollic-eabi/6.3.1/../../../../arm-atollic-eabi/lib/armv7e-m/fpu/fpv5-sp-d16\libc_nano.a(lib_a-strtok_r.o)
                0x0800b580                __strtok_r
 .text._strtol_l.isra.0
                0x0800b5d2      0x100 c:/program files (x86)/atollic/truestudio for stm32 9.0.0/armtools/bin/../lib/gcc/arm-atollic-eabi/6.3.1/../../../../arm-atollic-eabi/lib/armv7e-m/fpu/fpv5-sp-d16\libc_nano.a(lib_a-strtol.o)
 *fill*         0x0800b6d2        0x2 
 .text.strtol   0x0800b6d4       0x2c c:/program files (x86)/atollic/truestudio for stm32 9.0.0/armtools/bin/../lib/gcc/arm-atollic-eabi/6.3.1/../../../../arm-atollic-eabi/lib/armv7e-m/fpu/fpv5-sp-d16\libc_nano.a(lib_a-strtol.o)
                0x0800b6d4                strtol
 .text.__locale_ctype_ptr_l
                0x0800b700        0x6 c:/program files (x86)/atollic/truestudio for stm32 9.0.0/armtools/bin/../lib/gcc/arm-atollic-eabi/6.3.1/../../../../arm-atollic-eabi/lib/armv7e-m/fpu/fpv5-sp-d16\libc_nano.a(lib_a-locale.o)
                0x0800b700                __locale_ctype_ptr_l
 *fill*         0x0800b706        0x2 
 .text.malloc   0x0800b708       0x10 c:/program files (x86)/atollic/truestudio for stm32 9.0.0/armtools/bin/../lib/gcc/arm-atollic-eabi/6.3.1/../../../../arm-atollic-eabi/lib/armv7e-m/fpu/fpv5-sp-d16\libc_nano.a(lib_a-malloc.o)
                0x0800b708                malloc
 .text.__ascii_mbtowc
                0x0800b718       0x24 c:/program files (x86)/atollic/truestudio for stm32 9.0.0/armtools/bin/../lib/gcc/arm-atollic-eabi/6.3.1/../../../../arm-atollic-eabi/lib/armv7e-m/fpu/fpv5-sp-d16\libc_nano.a(lib_a-mbtowc_r.o)
                0x0800b718                __ascii_mbtowc
 .text._malloc_r
                0x0800b73c       0xbc c:/program files (x86)/atollic/truestudio for stm32 9.0.0/armtools/bin/../lib/gcc/arm-atollic-eabi/6.3.1/../../../../arm-atollic-eabi/lib/armv7e-m/fpu/fpv5-sp-d16\libc_nano.a(lib_a-nano-mallocr.o)
                0x0800b73c                _malloc_r
 .text._sbrk_r  0x0800b7f8       0x20 c:/program files (x86)/atollic/truestudio for stm32 9.0.0/armtools/bin/../lib/gcc/arm-atollic-eabi/6.3.1/../../../../arm-atollic-eabi/lib/armv7e-m/fpu/fpv5-sp-d16\libc_nano.a(lib_a-sbrkr.o)
                0x0800b7f8                _sbrk_r
 .text.__ascii_wctomb
                0x0800b818       0x1a c:/program files (x86)/atollic/truestudio for stm32 9.0.0/armtools/bin/../lib/gcc/arm-atollic-eabi/6.3.1/../../../../arm-atollic-eabi/lib/armv7e-m/fpu/fpv5-sp-d16\libc_nano.a(lib_a-wctomb_r.o)
                0x0800b818                __ascii_wctomb
 .text.__malloc_lock
                0x0800b832        0x2 c:/program files (x86)/atollic/truestudio for stm32 9.0.0/armtools/bin/../lib/gcc/arm-atollic-eabi/6.3.1/../../../../arm-atollic-eabi/lib/armv7e-m/fpu/fpv5-sp-d16\libc_nano.a(lib_a-mlock.o)
                0x0800b832                __malloc_lock
 .text.__malloc_unlock
                0x0800b834        0x2 c:/program files (x86)/atollic/truestudio for stm32 9.0.0/armtools/bin/../lib/gcc/arm-atollic-eabi/6.3.1/../../../../arm-atollic-eabi/lib/armv7e-m/fpu/fpv5-sp-d16\libc_nano.a(lib_a-mlock.o)
                0x0800b834                __malloc_unlock
 *fill*         0x0800b836        0x2 
 .text._sbrk    0x0800b838       0x1c c:/program files (x86)/atollic/truestudio for stm32 9.0.0/armtools/bin/../lib/gcc/arm-atollic-eabi/6.3.1/../../../../arm-atollic-eabi/lib/armv7e-m/fpu/fpv5-sp-d16\libnosys.a(sbrk.o)
                0x0800b838                _sbrk
 *(.glue_7)
 .glue_7        0x0800b854        0x0 linker stubs
 *(.glue_7t)
 .glue_7t       0x0800b854        0x0 linker stubs
 *(.eh_frame)
 .eh_frame      0x0800b854        0x0 c:/program files (x86)/atollic/truestudio for stm32 9.0.0/armtools/bin/../lib/gcc/arm-atollic-eabi/6.3.1/armv7e-m/fpu/fpv5-sp-d16/crtbegin.o
 *(.init)
 .init          0x0800b854        0x4 c:/program files (x86)/atollic/truestudio for stm32 9.0.0/armtools/bin/../lib/gcc/arm-atollic-eabi/6.3.1/armv7e-m/fpu/fpv5-sp-d16/crti.o
                0x0800b854                _init
 .init          0x0800b858        0x8 c:/program files (x86)/atollic/truestudio for stm32 9.0.0/armtools/bin/../lib/gcc/arm-atollic-eabi/6.3.1/armv7e-m/fpu/fpv5-sp-d16/crtn.o
 *(.fini)
 .fini          0x0800b860        0x4 c:/program files (x86)/atollic/truestudio for stm32 9.0.0/armtools/bin/../lib/gcc/arm-atollic-eabi/6.3.1/armv7e-m/fpu/fpv5-sp-d16/crti.o
                0x0800b860                _fini
 .fini          0x0800b864        0x8 c:/program files (x86)/atollic/truestudio for stm32 9.0.0/armtools/bin/../lib/gcc/arm-atollic-eabi/6.3.1/armv7e-m/fpu/fpv5-sp-d16/crtn.o
                0x0800b86c                . = ALIGN (0x4)
                0x0800b86c                _etext = .

.vfp11_veneer   0x0800b86c        0x0
 .vfp11_veneer  0x0800b86c        0x0 linker stubs

.v4_bx          0x0800b86c        0x0
 .v4_bx         0x0800b86c        0x0 linker stubs

.iplt           0x0800b86c        0x0
 .iplt          0x0800b86c        0x0 c:/program files (x86)/atollic/truestudio for stm32 9.0.0/armtools/bin/../lib/gcc/arm-atollic-eabi/6.3.1/armv7e-m/fpu/fpv5-sp-d16/crtbegin.o

.rodata         0x0800b86c      0x508
                0x0800b86c                . = ALIGN (0x4)
 *(.rodata)
 .rodata        0x0800b86c       0x2a Src\main.o
 *(.rodata*)
 .rodata.flagBitshiftOffset.10793
                0x0800b896        0x8 Drivers\STM32F7xx_HAL_Driver\Src\stm32f7xx_hal_dma.o
 .rodata.CSWTCH.38
                0x0800b89e        0x4 Drivers\STM32F7xx_HAL_Driver\Src\stm32f7xx_hal_uart.o
 .rodata.CSWTCH.39
                0x0800b8a2        0xd Drivers\STM32F7xx_HAL_Driver\Src\stm32f7xx_hal_uart.o
 *fill*         0x0800b8af        0x1 
 .rodata.ip_addr_any
                0x0800b8b0        0x4 Middlewares\Third_Party\LwIP\src\core\ipv4\ip4_addr.o
                0x0800b8b0                ip_addr_any
 .rodata.memp_FRAG_PBUF
                0x0800b8b4        0xc Middlewares\Third_Party\LwIP\src\core\memp.o
                0x0800b8b4                memp_FRAG_PBUF
 .rodata.memp_PBUF
                0x0800b8c0        0xc Middlewares\Third_Party\LwIP\src\core\memp.o
                0x0800b8c0                memp_PBUF
 .rodata.memp_PBUF_POOL
                0x0800b8cc        0xc Middlewares\Third_Party\LwIP\src\core\memp.o
                0x0800b8cc                memp_PBUF_POOL
 .rodata.memp_REASSDATA
                0x0800b8d8        0xc Middlewares\Third_Party\LwIP\src\core\memp.o
                0x0800b8d8                memp_REASSDATA
 .rodata.memp_SYS_TIMEOUT
                0x0800b8e4        0xc Middlewares\Third_Party\LwIP\src\core\memp.o
                0x0800b8e4                memp_SYS_TIMEOUT
 .rodata.memp_TCP_PCB
                0x0800b8f0        0xc Middlewares\Third_Party\LwIP\src\core\memp.o
                0x0800b8f0                memp_TCP_PCB
 .rodata.memp_TCP_PCB_LISTEN
                0x0800b8fc        0xc Middlewares\Third_Party\LwIP\src\core\memp.o
                0x0800b8fc                memp_TCP_PCB_LISTEN
 .rodata.memp_TCP_SEG
                0x0800b908        0xc Middlewares\Third_Party\LwIP\src\core\memp.o
                0x0800b908                memp_TCP_SEG
 .rodata.memp_UDP_PCB
                0x0800b914        0xc Middlewares\Third_Party\LwIP\src\core\memp.o
                0x0800b914                memp_UDP_PCB
 .rodata.memp_pools
                0x0800b920       0x24 Middlewares\Third_Party\LwIP\src\core\memp.o
                0x0800b920                memp_pools
 .rodata.tcp_backoff
                0x0800b944        0xd Middlewares\Third_Party\LwIP\src\core\tcp.o
 *fill*         0x0800b951        0x3 
 .rodata.tcp_pcb_lists
                0x0800b954       0x10 Middlewares\Third_Party\LwIP\src\core\tcp.o
                0x0800b954                tcp_pcb_lists
 .rodata.tcp_persist_backoff
                0x0800b964        0x7 Middlewares\Third_Party\LwIP\src\core\tcp.o
 *fill*         0x0800b96b        0x1 
 .rodata.lwip_cyclic_timers
                0x0800b96c       0x18 Middlewares\Third_Party\LwIP\src\core\timeouts.o
                0x0800b96c                lwip_cyclic_timers
 .rodata.ethbroadcast
                0x0800b984        0x6 Middlewares\Third_Party\LwIP\src\netif\ethernet.o
                0x0800b984                ethbroadcast
 .rodata.ethzero
                0x0800b98a        0x6 Middlewares\Third_Party\LwIP\src\netif\ethernet.o
                0x0800b98a                ethzero
 .rodata.AHBPrescTable
                0x0800b990       0x10 Src\system_stm32f7xx.o
                0x0800b990                AHBPrescTable
 .rodata.APBPrescTable
                0x0800b9a0        0x8 Src\system_stm32f7xx.o
                0x0800b9a0                APBPrescTable
 .rodata.AnswerToOrder.str1.1
                0x0800b9a8      0x2bd Src\tcp_echoserver.o
 .rodata.GetInputs.str1.1
                0x0800bc65        0x4 Src\tcp_echoserver.o
 .rodata._setlocale_r.str1.1
                0x0800bc69        0x8 c:/program files (x86)/atollic/truestudio for stm32 9.0.0/armtools/bin/../lib/gcc/arm-atollic-eabi/6.3.1/../../../../arm-atollic-eabi/lib/armv7e-m/fpu/fpv5-sp-d16\libc_nano.a(lib_a-locale.o)
                                  0x9 (size before relaxing)
 .rodata.str1.1
                0x0800bc71        0x8 c:/program files (x86)/atollic/truestudio for stm32 9.0.0/armtools/bin/../lib/gcc/arm-atollic-eabi/6.3.1/../../../../arm-atollic-eabi/lib/armv7e-m/fpu/fpv5-sp-d16\libc_nano.a(lib_a-locale.o)
                                  0x2 (size before relaxing)
 .rodata._ctype_
                0x0800bc71      0x101 c:/program files (x86)/atollic/truestudio for stm32 9.0.0/armtools/bin/../lib/gcc/arm-atollic-eabi/6.3.1/../../../../arm-atollic-eabi/lib/armv7e-m/fpu/fpv5-sp-d16\libc_nano.a(lib_a-ctype_.o)
                0x0800bc71                _ctype_
                0x0800bd74                . = ALIGN (0x4)
 *fill*         0x0800bd72        0x2 

.rel.dyn        0x0800bd74        0x0
 .rel.iplt      0x0800bd74        0x0 c:/program files (x86)/atollic/truestudio for stm32 9.0.0/armtools/bin/../lib/gcc/arm-atollic-eabi/6.3.1/armv7e-m/fpu/fpv5-sp-d16/crtbegin.o

.ARM.extab
 *(.ARM.extab* .gnu.linkonce.armextab.*)

.ARM            0x0800bd74        0x0
                0x0800bd74                __exidx_start = .
 *(.ARM.exidx*)
                0x0800bd74                __exidx_end = .

.preinit_array  0x0800bd74        0x0
                0x0800bd74                PROVIDE (__preinit_array_start, .)
 *(.preinit_array*)
                0x0800bd74                PROVIDE (__preinit_array_end, .)

.init_array     0x0800bd74        0x4
                0x0800bd74                PROVIDE (__init_array_start, .)
 *(SORT(.init_array.*))
 *(.init_array*)
 .init_array    0x0800bd74        0x4 c:/program files (x86)/atollic/truestudio for stm32 9.0.0/armtools/bin/../lib/gcc/arm-atollic-eabi/6.3.1/armv7e-m/fpu/fpv5-sp-d16/crtbegin.o
                0x0800bd78                PROVIDE (__init_array_end, .)

.fini_array     0x0800bd78        0x4
                [!provide]                PROVIDE (__fini_array_start, .)
 *(SORT(.fini_array.*))
 *(.fini_array*)
 .fini_array    0x0800bd78        0x4 c:/program files (x86)/atollic/truestudio for stm32 9.0.0/armtools/bin/../lib/gcc/arm-atollic-eabi/6.3.1/armv7e-m/fpu/fpv5-sp-d16/crtbegin.o
                [!provide]                PROVIDE (__fini_array_end, .)
                0x0800bd7c                _sidata = LOADADDR (.data)

.data           0x20000000      0x1f8 load address 0x0800bd7c
                0x20000000                . = ALIGN (0x4)
                0x20000000                _sdata = .
 *(.data)
 *(.data*)
 .data.iss.12060
                0x20000000        0x4 Middlewares\Third_Party\LwIP\src\core\tcp.o
 .data.tcp_port
                0x20000004        0x2 Middlewares\Third_Party\LwIP\src\core\tcp.o
 .data.udp_port
                0x20000006        0x2 Middlewares\Third_Party\LwIP\src\core\udp.o
 .data.ADCBUFFER_SIZE
                0x20000008        0x4 Src\main.o
                0x20000008                ADCBUFFER_SIZE
 .data.mainloop
                0x2000000c        0x2 Src\main.o
                0x2000000c                mainloop
 .data.mainloopp
                0x2000000e        0x2 Src\main.o
                0x2000000e                mainloopp
 .data.multiply
                0x20000010        0x4 Src\main.o
                0x20000010                multiply
 .data.multiply_count
                0x20000014        0x4 Src\main.o
                0x20000014                multiply_count
 .data.windowsize
                0x20000018        0x4 Src\main.o
                0x20000018                windowsize
 .data.wnx      0x2000001c        0x4 Src\main.o
                0x2000001c                wnx
 .data.wny      0x20000020        0x4 Src\main.o
                0x20000020                wny
 .data.SystemCoreClock
                0x20000024        0x4 Src\system_stm32f7xx.o
                0x20000024                SystemCoreClock
 .data._impure_ptr
                0x20000028        0x4 c:/program files (x86)/atollic/truestudio for stm32 9.0.0/armtools/bin/../lib/gcc/arm-atollic-eabi/6.3.1/../../../../arm-atollic-eabi/lib/armv7e-m/fpu/fpv5-sp-d16\libc_nano.a(lib_a-impure.o)
                0x20000028                _impure_ptr
 .data.impure_data
                0x2000002c       0x60 c:/program files (x86)/atollic/truestudio for stm32 9.0.0/armtools/bin/../lib/gcc/arm-atollic-eabi/6.3.1/../../../../arm-atollic-eabi/lib/armv7e-m/fpu/fpv5-sp-d16\libc_nano.a(lib_a-impure.o)
 .data.__global_locale
                0x2000008c      0x16c c:/program files (x86)/atollic/truestudio for stm32 9.0.0/armtools/bin/../lib/gcc/arm-atollic-eabi/6.3.1/../../../../arm-atollic-eabi/lib/armv7e-m/fpu/fpv5-sp-d16\libc_nano.a(lib_a-locale.o)
                0x2000008c                __global_locale
                0x200001f8                . = ALIGN (0x4)
                0x200001f8                _edata = .

.igot.plt       0x200001f8        0x0 load address 0x0800bf74
 .igot.plt      0x200001f8        0x0 c:/program files (x86)/atollic/truestudio for stm32 9.0.0/armtools/bin/../lib/gcc/arm-atollic-eabi/6.3.1/armv7e-m/fpu/fpv5-sp-d16/crtbegin.o
                0x200001f8                . = ALIGN (0x4)

.bss            0x200001f8    0x1019c load address 0x0800bf74
                0x200001f8                _sbss = .
                0x200001f8                __bss_start__ = _sbss
 *(.bss)
 .bss           0x200001f8       0x1c c:/program files (x86)/atollic/truestudio for stm32 9.0.0/armtools/bin/../lib/gcc/arm-atollic-eabi/6.3.1/armv7e-m/fpu/fpv5-sp-d16/crtbegin.o
 *(.bss*)
 .bss.arp_table
                0x20000214       0xf0 Middlewares\Third_Party\LwIP\src\core\ipv4\etharp.o
 .bss.etharp_cached_entry
                0x20000304        0x1 Middlewares\Third_Party\LwIP\src\core\ipv4\etharp.o
 *fill*         0x20000305        0x1 
 .bss.ip_id     0x20000306        0x2 Middlewares\Third_Party\LwIP\src\core\ipv4\ip4.o
 .bss.ip_reass_pbufcount
                0x20000308        0x2 Middlewares\Third_Party\LwIP\src\core\ipv4\ip4_frag.o
 *fill*         0x2000030a        0x2 
 .bss.reassdatagrams
                0x2000030c        0x4 Middlewares\Third_Party\LwIP\src\core\ipv4\ip4_frag.o
 .bss.lfree     0x20000310        0x4 Middlewares\Third_Party\LwIP\src\core\mem.o
 .bss.ram       0x20000314        0x4 Middlewares\Third_Party\LwIP\src\core\mem.o
 .bss.ram_end   0x20000318        0x4 Middlewares\Third_Party\LwIP\src\core\mem.o
 .bss.memp_tab_FRAG_PBUF
                0x2000031c        0x4 Middlewares\Third_Party\LwIP\src\core\memp.o
 .bss.memp_tab_PBUF
                0x20000320        0x4 Middlewares\Third_Party\LwIP\src\core\memp.o
 .bss.memp_tab_PBUF_POOL
                0x20000324        0x4 Middlewares\Third_Party\LwIP\src\core\memp.o
 .bss.memp_tab_REASSDATA
                0x20000328        0x4 Middlewares\Third_Party\LwIP\src\core\memp.o
 .bss.memp_tab_SYS_TIMEOUT
                0x2000032c        0x4 Middlewares\Third_Party\LwIP\src\core\memp.o
 .bss.memp_tab_TCP_PCB
                0x20000330        0x4 Middlewares\Third_Party\LwIP\src\core\memp.o
 .bss.memp_tab_TCP_PCB_LISTEN
                0x20000334        0x4 Middlewares\Third_Party\LwIP\src\core\memp.o
 .bss.memp_tab_TCP_SEG
                0x20000338        0x4 Middlewares\Third_Party\LwIP\src\core\memp.o
 .bss.memp_tab_UDP_PCB
                0x2000033c        0x4 Middlewares\Third_Party\LwIP\src\core\memp.o
 .bss.netif_num
                0x20000340        0x1 Middlewares\Third_Party\LwIP\src\core\netif.o
 .bss.tcp_timer
                0x20000341        0x1 Middlewares\Third_Party\LwIP\src\core\tcp.o
 .bss.tcp_timer_ctr
                0x20000342        0x1 Middlewares\Third_Party\LwIP\src\core\tcp.o
 *fill*         0x20000343        0x1 
 .bss.ackno     0x20000344        0x4 Middlewares\Third_Party\LwIP\src\core\tcp_in.o
 .bss.flags     0x20000348        0x1 Middlewares\Third_Party\LwIP\src\core\tcp_in.o
 *fill*         0x20000349        0x3 
 .bss.inseg     0x2000034c       0x10 Middlewares\Third_Party\LwIP\src\core\tcp_in.o
 .bss.recv_acked
                0x2000035c        0x2 Middlewares\Third_Party\LwIP\src\core\tcp_in.o
 *fill*         0x2000035e        0x2 
 .bss.recv_data
                0x20000360        0x4 Middlewares\Third_Party\LwIP\src\core\tcp_in.o
 .bss.recv_flags
                0x20000364        0x1 Middlewares\Third_Party\LwIP\src\core\tcp_in.o
 *fill*         0x20000365        0x3 
 .bss.seqno     0x20000368        0x4 Middlewares\Third_Party\LwIP\src\core\tcp_in.o
 .bss.tcp_optidx
                0x2000036c        0x2 Middlewares\Third_Party\LwIP\src\core\tcp_in.o
 *fill*         0x2000036e        0x2 
 .bss.tcphdr    0x20000370        0x4 Middlewares\Third_Party\LwIP\src\core\tcp_in.o
 .bss.tcphdr_opt1len
                0x20000374        0x2 Middlewares\Third_Party\LwIP\src\core\tcp_in.o
 *fill*         0x20000376        0x2 
 .bss.tcphdr_opt2
                0x20000378        0x4 Middlewares\Third_Party\LwIP\src\core\tcp_in.o
 .bss.tcphdr_optlen
                0x2000037c        0x2 Middlewares\Third_Party\LwIP\src\core\tcp_in.o
 .bss.tcplen    0x2000037e        0x2 Middlewares\Third_Party\LwIP\src\core\tcp_in.o
 .bss.next_timeout
                0x20000380        0x4 Middlewares\Third_Party\LwIP\src\core\timeouts.o
 .bss.tcpip_tcp_timer_active
                0x20000384        0x4 Middlewares\Third_Party\LwIP\src\core\timeouts.o
 .bss.timeouts_last_time
                0x20000388        0x4 Middlewares\Third_Party\LwIP\src\core\timeouts.o
 .bss.ADC1_CHANNEL
                0x2000038c        0x4 Src\main.o
                0x2000038c                ADC1_CHANNEL
 .bss.ADC1_SAMPLETIME
                0x20000390        0x4 Src\main.o
                0x20000390                ADC1_SAMPLETIME
 .bss.AcquireCnt
                0x20000394        0x4 Src\main.o
                0x20000394                AcquireCnt
 .bss.AcquireNumber
                0x20000398        0x4 Src\main.o
                0x20000398                AcquireNumber
 .bss.Dac_x     0x2000039c        0x4 Src\main.o
                0x2000039c                Dac_x
 .bss.Dac_y     0x200003a0        0x4 Src\main.o
                0x200003a0                Dac_y
 .bss.LAN_is_Connected
                0x200003a4        0x4 Src\main.o
                0x200003a4                LAN_is_Connected
 .bss.MuxSel0_2_data
                0x200003a8        0x1 Src\main.o
                0x200003a8                MuxSel0_2_data
 .bss.MuxSel1_3_data
                0x200003a9        0x1 Src\main.o
                0x200003a9                MuxSel1_3_data
 *fill*         0x200003aa        0x2 
 .bss.cci       0x200003ac        0x4 Src\main.o
                0x200003ac                cci
 .bss.flag      0x200003b0        0x4 Src\main.o
                0x200003b0                flag
 .bss.flagtcp   0x200003b4        0x4 Src\main.o
                0x200003b4                flagtcp
 .bss.iquad     0x200003b8        0x2 Src\main.o
                0x200003b8                iquad
 *fill*         0x200003ba        0x2 
 .bss.isAcquire
                0x200003bc        0x4 Src\main.o
                0x200003bc                isAcquire
 .bss.isDacTimerOn
                0x200003c0        0x4 Src\main.o
                0x200003c0                isDacTimerOn
 .bss.isReadyToSend
                0x200003c4        0x4 Src\main.o
                0x200003c4                isReadyToSend
 .bss.isSingleShot
                0x200003c8        0x4 Src\main.o
                0x200003c8                isSingleShot
 .bss.isUart2   0x200003cc        0x4 Src\main.o
                0x200003cc                isUart2
 .bss.isUart2ITMode
                0x200003d0        0x4 Src\main.o
                0x200003d0                isUart2ITMode
 .bss.isUart6   0x200003d4        0x4 Src\main.o
                0x200003d4                isUart6
 .bss.isUart6ITMode
                0x200003d8        0x4 Src\main.o
                0x200003d8                isUart6ITMode
 .bss.windowchanged
                0x200003dc        0x4 Src\main.o
                0x200003dc                windowchanged
 .bss.HAL_RCC_CAN1_CLK_ENABLED
                0x200003e0        0x4 Src\stm32f7xx_hal_msp.o
 .bss.SSDotNum  0x200003e4        0x4 Src\tcp_echoserver.o
                0x200003e4                SSDotNum
 .bss.SSiDot    0x200003e8        0x4 Src\tcp_echoserver.o
                0x200003e8                SSiDot
 .bss.__malloc_free_list
                0x200003ec        0x4 c:/program files (x86)/atollic/truestudio for stm32 9.0.0/armtools/bin/../lib/gcc/arm-atollic-eabi/6.3.1/../../../../arm-atollic-eabi/lib/armv7e-m/fpu/fpv5-sp-d16\libc_nano.a(lib_a-nano-mallocr.o)
                0x200003ec                __malloc_free_list
 .bss.__malloc_sbrk_start
                0x200003f0        0x4 c:/program files (x86)/atollic/truestudio for stm32 9.0.0/armtools/bin/../lib/gcc/arm-atollic-eabi/6.3.1/../../../../arm-atollic-eabi/lib/armv7e-m/fpu/fpv5-sp-d16\libc_nano.a(lib_a-nano-mallocr.o)
                0x200003f0                __malloc_sbrk_start
 .bss.heap_end.5239
                0x200003f4        0x4 c:/program files (x86)/atollic/truestudio for stm32 9.0.0/armtools/bin/../lib/gcc/arm-atollic-eabi/6.3.1/../../../../arm-atollic-eabi/lib/armv7e-m/fpu/fpv5-sp-d16\libnosys.a(sbrk.o)
 *(COMMON)
 COMMON         0x200003f8        0x4 Drivers\STM32F7xx_HAL_Driver\Src\stm32f7xx_hal.o
                0x200003f8                uwTick
 COMMON         0x200003fc       0x18 Middlewares\Third_Party\LwIP\src\core\ip.o
                0x200003fc                ip_data
 COMMON         0x20000414     0x8013 Middlewares\Third_Party\LwIP\src\core\mem.o
                0x20000414                ram_heap
 COMMON         0x20008427     0x2c83 Middlewares\Third_Party\LwIP\src\core\memp.o
                0x20008427                memp_memory_TCP_SEG_base
                0x2000852a                memp_memory_PBUF_POOL_base
                0x2000ab2d                memp_memory_FRAG_PBUF_base
                0x2000ac98                memp_memory_PBUF_base
                0x2000ad9b                memp_memory_TCP_PCB_LISTEN_base
                0x2000ae7e                memp_memory_REASSDATA_base
                0x2000af21                memp_memory_UDP_PCB_base
                0x2000af44                memp_memory_TCP_PCB_base
                0x2000b077                memp_memory_SYS_TIMEOUT_base
 *fill*         0x2000b0aa        0x2 
 COMMON         0x2000b0ac        0x8 Middlewares\Third_Party\LwIP\src\core\netif.o
                0x2000b0ac                netif_list
                0x2000b0b0                netif_default
 COMMON         0x2000b0b4        0x1 Middlewares\Third_Party\LwIP\src\core\pbuf.o
                0x2000b0b4                pbuf_free_ooseq_pending
 *fill*         0x2000b0b5        0x3 
 COMMON         0x2000b0b8       0x18 Middlewares\Third_Party\LwIP\src\core\tcp.o
                0x2000b0b8                tcp_active_pcbs_changed
                0x2000b0bc                tcp_active_pcbs
                0x2000b0c0                tcp_ticks
                0x2000b0c4                tcp_listen_pcbs
                0x2000b0c8                tcp_bound_pcbs
                0x2000b0cc                tcp_tw_pcbs
 COMMON         0x2000b0d0        0x4 Middlewares\Third_Party\LwIP\src\core\tcp_in.o
                0x2000b0d0                tcp_input_pcb
 COMMON         0x2000b0d4        0x4 Middlewares\Third_Party\LwIP\src\core\udp.o
                0x2000b0d4                udp_pcbs
 COMMON         0x2000b0d8     0x30e8 Src\ethernetif.o
                0x2000b0d8                DMATxDscrTab
                0x2000b158                Rx_Buff
                0x2000c928                DMARxDscrTab
                0x2000c9a8                heth
                0x2000c9f0                Tx_Buff
 COMMON         0x2000e1c0       0x48 Src\lwip.o
                0x2000e1c0                GATEWAY_ADDRESS
                0x2000e1c4                gnetif
                0x2000e1f4                ipaddr
                0x2000e1f8                NETMASK_ADDRESS
                0x2000e1fc                IP_ADDRESS
                0x2000e200                netmask
                0x2000e204                gw
 COMMON         0x2000e208     0x2140 Src\main.o
                0x2000e208                cc
                0x2000e224                hspi2
                0x2000e288                hspi5
                0x2000e2ec                htim4
                0x2000e32c                ADCBuffer1
                0x2000e52c                xVoltageBuffer
                0x2000ed2c                upcb
                0x2000ed30                hadc2
                0x2000ed78                Packet
                0x2000ed7c                row1
                0x2000ed80                column
                0x2000ed84                htim5
                0x2000edc4                hspi3
                0x2000ee28                hdma_dac1
                0x2000ee88                wiy
                0x2000ee8c                wix
                0x2000ee90                MyPayload
                0x2000ef10                hadc1
                0x2000ef58                hcan2
                0x2000ef98                hadc3
                0x2000efe0                hdac
                0x2000eff4                hspi4
                0x2000f058                hdma_adc1
                0x2000f0b8                htim1
                0x2000f0f8                time
                0x2000f0fc                d
                0x2000f300                color
                0x2000f304                huart6
                0x2000f374                Row1Bytes
                0x2000f574                buf
                0x2000f5f4                yVoltageBuffer
                0x2000fdf4                htim2
                0x2000fe34                Row2Bytes
                0x20010034                huart2
                0x200100a4                hcan1
                0x200100e4                ADCBuffer0
                0x200102e4                hdma_dac2
                0x20010344                row2
                0x20010346                row
 COMMON         0x20010348       0x46 Src\tcp_echoserver.o
                0x20010348                uRxBuffer
                0x2001034c                cammand
                0x20010350                aRxBuffer
                0x2001036c                ans
                0x20010370                tcp_echoserver_pcb
                0x20010374                aTxBuffer
 *fill*         0x2001038e        0x2 
 COMMON         0x20010390        0x4 c:/program files (x86)/atollic/truestudio for stm32 9.0.0/armtools/bin/../lib/gcc/arm-atollic-eabi/6.3.1/../../../../arm-atollic-eabi/lib/armv7e-m/fpu/fpv5-sp-d16\libc_nano.a(lib_a-reent.o)
                0x20010390                errno
                0x20010394                . = ALIGN (0x4)
                0x20010394                _ebss = .
                0x20010394                __bss_end__ = _ebss

._user_heap_stack
                0x20010394      0x600 load address 0x0800bf74
                0x20010394                . = ALIGN (0x4)
                0x20010394                PROVIDE (end, .)
                [!provide]                PROVIDE (_end, .)
                0x20010594                . = (. + _Min_Heap_Size)
 *fill*         0x20010394      0x200 
                0x20010994                . = (. + _Min_Stack_Size)
 *fill*         0x20010594      0x400 
                0x20010994                . = ALIGN (0x4)

/DISCARD/
 libc.a(*)
 libm.a(*)
 libgcc.a(*)

.ARM.attributes
                0x00000000       0x30
 *(.ARM.attributes)
 .ARM.attributes
                0x00000000       0x22 c:/program files (x86)/atollic/truestudio for stm32 9.0.0/armtools/bin/../lib/gcc/arm-atollic-eabi/6.3.1/armv7e-m/fpu/fpv5-sp-d16/crti.o
 .ARM.attributes
                0x00000022       0x34 c:/program files (x86)/atollic/truestudio for stm32 9.0.0/armtools/bin/../lib/gcc/arm-atollic-eabi/6.3.1/armv7e-m/fpu/fpv5-sp-d16/crtbegin.o
 .ARM.attributes
                0x00000056       0x39 Drivers\STM32F7xx_HAL_Driver\Src\stm32f7xx_hal.o
 .ARM.attributes
                0x0000008f       0x39 Drivers\STM32F7xx_HAL_Driver\Src\stm32f7xx_hal_adc.o
 .ARM.attributes
                0x000000c8       0x39 Drivers\STM32F7xx_HAL_Driver\Src\stm32f7xx_hal_adc_ex.o
 .ARM.attributes
                0x00000101       0x39 Drivers\STM32F7xx_HAL_Driver\Src\stm32f7xx_hal_can.o
 .ARM.attributes
                0x0000013a       0x39 Drivers\STM32F7xx_HAL_Driver\Src\stm32f7xx_hal_cortex.o
 .ARM.attributes
                0x00000173       0x39 Drivers\STM32F7xx_HAL_Driver\Src\stm32f7xx_hal_dac.o
 .ARM.attributes
                0x000001ac       0x39 Drivers\STM32F7xx_HAL_Driver\Src\stm32f7xx_hal_dma.o
 .ARM.attributes