Archive member included to satisfy reference by file (symbol)

c:/program files (x86)/atollic/truestudio for stm32 9.0.0/armtools/bin/../lib/gcc/arm-atollic-eabi/6.3.1/../../../../arm-atollic-eabi/lib/armv7e-m/fpu/fpv5-sp-d16\libc_nano.a(lib_a-atoi.o)
                              Src\tcp_echoserver.o (atoi)
c:/program files (x86)/atollic/truestudio for stm32 9.0.0/armtools/bin/../lib/gcc/arm-atollic-eabi/6.3.1/../../../../arm-atollic-eabi/lib/armv7e-m/fpu/fpv5-sp-d16\libc_nano.a(lib_a-init.o)
                              startup\startup_stm32f746xx.o (__libc_init_array)
c:/program files (x86)/atollic/truestudio for stm32 9.0.0/armtools/bin/../lib/gcc/arm-atollic-eabi/6.3.1/../../../../arm-atollic-eabi/lib/armv7e-m/fpu/fpv5-sp-d16\libc_nano.a(lib_a-memcmp.o)
                              Middlewares\Third_Party\LwIP\src\netif\ethernet.o (memcmp)
c:/program files (x86)/atollic/truestudio for stm32 9.0.0/armtools/bin/../lib/gcc/arm-atollic-eabi/6.3.1/../../../../arm-atollic-eabi/lib/armv7e-m/fpu/fpv5-sp-d16\libc_nano.a(lib_a-memcpy-stub.o)
                              Middlewares\Third_Party\LwIP\src\core\pbuf.o (memcpy)
c:/program files (x86)/atollic/truestudio for stm32 9.0.0/armtools/bin/../lib/gcc/arm-atollic-eabi/6.3.1/../../../../arm-atollic-eabi/lib/armv7e-m/fpu/fpv5-sp-d16\libc_nano.a(lib_a-memset.o)
                              Middlewares\Third_Party\LwIP\src\core\ipv4\ip4_frag.o (memset)
c:/program files (x86)/atollic/truestudio for stm32 9.0.0/armtools/bin/../lib/gcc/arm-atollic-eabi/6.3.1/../../../../arm-atollic-eabi/lib/armv7e-m/fpu/fpv5-sp-d16\libc_nano.a(lib_a-strcpy.o)
                              Src\tcp_echoserver.o (strcpy)
c:/program files (x86)/atollic/truestudio for stm32 9.0.0/armtools/bin/../lib/gcc/arm-atollic-eabi/6.3.1/../../../../arm-atollic-eabi/lib/armv7e-m/fpu/fpv5-sp-d16\libc_nano.a(lib_a-strlen.o)
                              Middlewares\Third_Party\LwIP\src\core\def.o (strlen)
c:/program files (x86)/atollic/truestudio for stm32 9.0.0/armtools/bin/../lib/gcc/arm-atollic-eabi/6.3.1/../../../../arm-atollic-eabi/lib/armv7e-m/fpu/fpv5-sp-d16\libc_nano.a(lib_a-strncmp.o)
                              Middlewares\Third_Party\LwIP\src\core\def.o (strncmp)
c:/program files (x86)/atollic/truestudio for stm32 9.0.0/armtools/bin/../lib/gcc/arm-atollic-eabi/6.3.1/../../../../arm-atollic-eabi/lib/armv7e-m/fpu/fpv5-sp-d16\libc_nano.a(lib_a-strtok.o)
                              Src\tcp_echoserver.o (strtok)
c:/program files (x86)/atollic/truestudio for stm32 9.0.0/armtools/bin/../lib/gcc/arm-atollic-eabi/6.3.1/../../../../arm-atollic-eabi/lib/armv7e-m/fpu/fpv5-sp-d16\libc_nano.a(lib_a-strtok_r.o)
                              c:/program files (x86)/atollic/truestudio for stm32 9.0.0/armtools/bin/../lib/gcc/arm-atollic-eabi/6.3.1/../../../../arm-atollic-eabi/lib/armv7e-m/fpu/fpv5-sp-d16\libc_nano.a(lib_a-strtok.o) (__strtok_r)
c:/program files (x86)/atollic/truestudio for stm32 9.0.0/armtools/bin/../lib/gcc/arm-atollic-eabi/6.3.1/../../../../arm-atollic-eabi/lib/armv7e-m/fpu/fpv5-sp-d16\libc_nano.a(lib_a-strtol.o)
                              c:/program files (x86)/atollic/truestudio for stm32 9.0.0/armtools/bin/../lib/gcc/arm-atollic-eabi/6.3.1/../../../../arm-atollic-eabi/lib/armv7e-m/fpu/fpv5-sp-d16\libc_nano.a(lib_a-atoi.o) (_strtol_r)
c:/program files (x86)/atollic/truestudio for stm32 9.0.0/armtools/bin/../lib/gcc/arm-atollic-eabi/6.3.1/../../../../arm-atollic-eabi/lib/armv7e-m/fpu/fpv5-sp-d16\libc_nano.a(lib_a-impure.o)
                              c:/program files (x86)/atollic/truestudio for stm32 9.0.0/armtools/bin/../lib/gcc/arm-atollic-eabi/6.3.1/../../../../arm-atollic-eabi/lib/armv7e-m/fpu/fpv5-sp-d16\libc_nano.a(lib_a-strtok.o) (_impure_ptr)
c:/program files (x86)/atollic/truestudio for stm32 9.0.0/armtools/bin/../lib/gcc/arm-atollic-eabi/6.3.1/../../../../arm-atollic-eabi/lib/armv7e-m/fpu/fpv5-sp-d16\libc_nano.a(lib_a-locale.o)
                              c:/program files (x86)/atollic/truestudio for stm32 9.0.0/armtools/bin/../lib/gcc/arm-atollic-eabi/6.3.1/../../../../arm-atollic-eabi/lib/armv7e-m/fpu/fpv5-sp-d16\libc_nano.a(lib_a-strtol.o) (__locale_ctype_ptr_l)
c:/program files (x86)/atollic/truestudio for stm32 9.0.0/armtools/bin/../lib/gcc/arm-atollic-eabi/6.3.1/../../../../arm-atollic-eabi/lib/armv7e-m/fpu/fpv5-sp-d16\libc_nano.a(lib_a-malloc.o)
                              c:/program files (x86)/atollic/truestudio for stm32 9.0.0/armtools/bin/../lib/gcc/arm-atollic-eabi/6.3.1/../../../../arm-atollic-eabi/lib/armv7e-m/fpu/fpv5-sp-d16\libc_nano.a(lib_a-strtok.o) (malloc)
c:/program files (x86)/atollic/truestudio for stm32 9.0.0/armtools/bin/../lib/gcc/arm-atollic-eabi/6.3.1/../../../../arm-atollic-eabi/lib/armv7e-m/fpu/fpv5-sp-d16\libc_nano.a(lib_a-mbtowc_r.o)
[...]
Memory Configuration

Name             Origin             Length             Attributes
RAM              0x20000000         0x00050000         xrw
FLASH            0x08000000         0x00100000         xr
*default*        0x00000000         0xffffffff

Linker script and memory map

LOAD c:/program files (x86)/atollic/truestudio for stm32 9.0.0/armtools/bin/../lib/gcc/arm-atollic-eabi/6.3.1/armv7e-m/fpu/fpv5-sp-d16/crti.o
LOAD c:/program files (x86)/atollic/truestudio for stm32 9.0.0/armtools/bin/../lib/gcc/arm-atollic-eabi/6.3.1/armv7e-m/fpu/fpv5-sp-d16/crtbegin.o
LOAD Drivers\STM32F7xx_HAL_Driver\Src\stm32f7xx_hal.o
LOAD Drivers\STM32F7xx_HAL_Driver\Src\stm32f7xx_hal_adc.o
LOAD Drivers\STM32F7xx_HAL_Driver\Src\stm32f7xx_hal_adc_ex.o
LOAD Drivers\STM32F7xx_HAL_Driver\Src\stm32f7xx_hal_can.o
LOAD Drivers\STM32F7xx_HAL_Driver\Src\stm32f7xx_hal_cortex.o
LOAD Drivers\STM32F7xx_HAL_Driver\Src\stm32f7xx_hal_dac.o
LOAD Drivers\STM32F7xx_HAL_Driver\Src\stm32f7xx_hal_dac_ex.o
LOAD Drivers\STM32F7xx_HAL_Driver\Src\stm32f7xx_hal_dma.o
LOAD Drivers\STM32F7xx_HAL_Driver\Src\stm32f7xx_hal_dma_ex.o
LOAD Drivers\STM32F7xx_HAL_Driver\Src\stm32f7xx_hal_eth.o
LOAD Drivers\STM32F7xx_HAL_Driver\Src\stm32f7xx_hal_flash.o
LOAD Drivers\STM32F7xx_HAL_Driver\Src\stm32f7xx_hal_flash_ex.o
LOAD Drivers\STM32F7xx_HAL_Driver\Src\stm32f7xx_hal_gpio.o
LOAD Drivers\STM32F7xx_HAL_Driver\Src\stm32f7xx_hal_i2c.o
LOAD Drivers\STM32F7xx_HAL_Driver\Src\stm32f7xx_hal_i2c_ex.o
LOAD Drivers\STM32F7xx_HAL_Driver\Src\stm32f7xx_hal_pwr.o
LOAD Drivers\STM32F7xx_HAL_Driver\Src\stm32f7xx_hal_pwr_ex.o
LOAD Drivers\STM32F7xx_HAL_Driver\Src\stm32f7xx_hal_rcc.o
LOAD Drivers\STM32F7xx_HAL_Driver\Src\stm32f7xx_hal_rcc_ex.o
LOAD Drivers\STM32F7xx_HAL_Driver\Src\stm32f7xx_hal_spi.o
LOAD Drivers\STM32F7xx_HAL_Driver\Src\stm32f7xx_hal_tim.o
LOAD Drivers\STM32F7xx_HAL_Driver\Src\stm32f7xx_hal_tim_ex.o
LOAD Drivers\STM32F7xx_HAL_Driver\Src\stm32f7xx_hal_uart.o
LOAD Middlewares\Third_Party\LwIP\src\api\api_lib.o
LOAD Middlewares\Third_Party\LwIP\src\api\api_msg.o
LOAD Middlewares\Third_Party\LwIP\src\api\err.o
LOAD Middlewares\Third_Party\LwIP\src\api\netbuf.o
LOAD Middlewares\Third_Party\LwIP\src\api\netdb.o
LOAD Middlewares\Third_Party\LwIP\src\api\netifapi.o
LOAD Middlewares\Third_Party\LwIP\src\api\sockets.o
LOAD Middlewares\Third_Party\LwIP\src\api\tcpip.o
LOAD Middlewares\Third_Party\LwIP\src\core\def.o
LOAD Middlewares\Third_Party\LwIP\src\core\dns.o
LOAD Middlewares\Third_Party\LwIP\src\core\inet_chksum.o
LOAD Middlewares\Third_Party\LwIP\src\core\init.o
LOAD Middlewares\Third_Party\LwIP\src\core\ip.o
LOAD Middlewares\Third_Party\LwIP\src\core\ipv4\autoip.o
LOAD Middlewares\Third_Party\LwIP\src\core\ipv4\dhcp.o
LOAD Middlewares\Third_Party\LwIP\src\core\ipv4\etharp.o
LOAD Middlewares\Third_Party\LwIP\src\core\ipv4\icmp.o
LOAD Middlewares\Third_Party\LwIP\src\core\ipv4\igmp.o
LOAD Middlewares\Third_Party\LwIP\src\core\ipv4\ip4.o
LOAD Middlewares\Third_Party\LwIP\src\core\ipv4\ip4_addr.o
LOAD Middlewares\Third_Party\LwIP\src\core\ipv4\ip4_frag.o
LOAD Middlewares\Third_Party\LwIP\src\core\ipv6\dhcp6.o
LOAD Middlewares\Third_Party\LwIP\src\core\ipv6\ethip6.o
LOAD Middlewares\Third_Party\LwIP\src\core\ipv6\icmp6.o
LOAD Middlewares\Third_Party\LwIP\src\core\ipv6\inet6.o
LOAD Middlewares\Third_Party\LwIP\src\core\ipv6\ip6.o
LOAD Middlewares\Third_Party\LwIP\src\core\ipv6\ip6_addr.o
LOAD Middlewares\Third_Party\LwIP\src\core\ipv6\ip6_frag.o
LOAD Middlewares\Third_Party\LwIP\src\core\ipv6\mld6.o
LOAD Middlewares\Third_Party\LwIP\src\core\ipv6\nd6.o
LOAD Middlewares\Third_Party\LwIP\src\core\mem.o
LOAD Middlewares\Third_Party\LwIP\src\core\memp.o
LOAD Middlewares\Third_Party\LwIP\src\core\netif.o
LOAD Middlewares\Third_Party\LwIP\src\core\pbuf.o
LOAD Middlewares\Third_Party\LwIP\src\core\raw.o
LOAD Middlewares\Third_Party\LwIP\src\core\stats.o
LOAD Middlewares\Third_Party\LwIP\src\core\sys.o
LOAD Middlewares\Third_Party\LwIP\src\core\tcp.o
LOAD Middlewares\Third_Party\LwIP\src\core\tcp_in.o
LOAD Middlewares\Third_Party\LwIP\src\core\tcp_out.o
LOAD Middlewares\Third_Party\LwIP\src\core\timeouts.o
LOAD Middlewares\Third_Party\LwIP\src\core\udp.o
LOAD Middlewares\Third_Party\LwIP\src\netif\ethernet.o
LOAD Middlewares\Third_Party\LwIP\src\netif\lowpan6.o
LOAD Middlewares\Third_Party\LwIP\src\netif\ppp\auth.o
LOAD Middlewares\Third_Party\LwIP\src\netif\ppp\ccp.o
LOAD Middlewares\Third_Party\LwIP\src\netif\ppp\chap-md5.o
LOAD Middlewares\Third_Party\LwIP\src\netif\ppp\chap-new.o
LOAD Middlewares\Third_Party\LwIP\src\netif\ppp\chap_ms.o
LOAD Middlewares\Third_Party\LwIP\src\netif\ppp\demand.o
LOAD Middlewares\Third_Party\LwIP\src\netif\ppp\eap.o
LOAD Middlewares\Third_Party\LwIP\src\netif\ppp\ecp.o
LOAD Middlewares\Third_Party\LwIP\src\netif\ppp\eui64.o
LOAD Middlewares\Third_Party\LwIP\src\netif\ppp\fsm.o
LOAD Middlewares\Third_Party\LwIP\src\netif\ppp\ipcp.o
LOAD Middlewares\Third_Party\LwIP\src\netif\ppp\ipv6cp.o
LOAD Middlewares\Third_Party\LwIP\src\netif\ppp\lcp.o
LOAD Middlewares\Third_Party\LwIP\src\netif\ppp\magic.o
LOAD Middlewares\Third_Party\LwIP\src\netif\ppp\mppe.o
LOAD Middlewares\Third_Party\LwIP\src\netif\ppp\multilink.o
LOAD Middlewares\Third_Party\LwIP\src\netif\ppp\polarssl\arc4.o
LOAD Middlewares\Third_Party\LwIP\src\netif\ppp\polarssl\des.o
LOAD Middlewares\Third_Party\LwIP\src\netif\ppp\polarssl\md4.o
LOAD Middlewares\Third_Party\LwIP\src\netif\ppp\polarssl\md5.o
LOAD Middlewares\Third_Party\LwIP\src\netif\ppp\polarssl\sha1.o
LOAD Middlewares\Third_Party\LwIP\src\netif\ppp\ppp.o
LOAD Middlewares\Third_Party\LwIP\src\netif\ppp\pppapi.o
LOAD Middlewares\Third_Party\LwIP\src\netif\ppp\pppcrypt.o
LOAD Middlewares\Third_Party\LwIP\src\netif\ppp\pppoe.o
LOAD Middlewares\Third_Party\LwIP\src\netif\ppp\pppol2tp.o
LOAD Middlewares\Third_Party\LwIP\src\netif\ppp\pppos.o
LOAD Middlewares\Third_Party\LwIP\src\netif\ppp\upap.o
LOAD Middlewares\Third_Party\LwIP\src\netif\ppp\utils.o
LOAD Middlewares\Third_Party\LwIP\src\netif\ppp\vj.o
LOAD Middlewares\Third_Party\LwIP\src\netif\slipif.o
LOAD Src\ethernetif.o
LOAD Src\lwip.o
LOAD Src\main.o
LOAD Src\stm32f7xx_hal_msp.o
LOAD Src\stm32f7xx_it.o
LOAD Src\system_stm32f7xx.o
LOAD Src\tcp_echoserver.o
LOAD startup\startup_stm32f746xx.o
                0x00000080                malloc_getpagesize_P = 0x80
START GROUP
LOAD c:/program files (x86)/atollic/truestudio for stm32 9.0.0/armtools/bin/../lib/gcc/arm-atollic-eabi/6.3.1/../../../../arm-atollic-eabi/lib/armv7e-m/fpu/fpv5-sp-d16\libc_nano.a
LOAD c:/program files (x86)/atollic/truestudio for stm32 9.0.0/armtools/bin/../lib/gcc/arm-atollic-eabi/6.3.1/../../../../arm-atollic-eabi/lib/armv7e-m/fpu/fpv5-sp-d16\libm.a
END GROUP
START GROUP
LOAD c:/program files (x86)/atollic/truestudio for stm32 9.0.0/armtools/bin/../lib/gcc/arm-atollic-eabi/6.3.1/armv7e-m/fpu/fpv5-sp-d16\libgcc.a
LOAD c:/program files (x86)/atollic/truestudio for stm32 9.0.0/armtools/bin/../lib/gcc/arm-atollic-eabi/6.3.1/../../../../arm-atollic-eabi/lib/armv7e-m/fpu/fpv5-sp-d16\libc_nano.a
END GROUP
START GROUP
LOAD c:/program files (x86)/atollic/truestudio for stm32 9.0.0/armtools/bin/../lib/gcc/arm-atollic-eabi/6.3.1/armv7e-m/fpu/fpv5-sp-d16\libgcc.a
LOAD c:/program files (x86)/atollic/truestudio for stm32 9.0.0/armtools/bin/../lib/gcc/arm-atollic-eabi/6.3.1/../../../../arm-atollic-eabi/lib/armv7e-m/fpu/fpv5-sp-d16\libc_nano.a
LOAD c:/program files (x86)/atollic/truestudio for stm32 9.0.0/armtools/bin/../lib/gcc/arm-atollic-eabi/6.3.1/../../../../arm-atollic-eabi/lib/armv7e-m/fpu/fpv5-sp-d16\libnosys.a
END GROUP
START GROUP
LOAD c:/program files (x86)/atollic/truestudio for stm32 9.0.0/armtools/bin/../lib/gcc/arm-atollic-eabi/6.3.1/armv7e-m/fpu/fpv5-sp-d16\libgcc.a
LOAD c:/program files (x86)/atollic/truestudio for stm32 9.0.0/armtools/bin/../lib/gcc/arm-atollic-eabi/6.3.1/../../../../arm-atollic-eabi/lib/armv7e-m/fpu/fpv5-sp-d16\libc_nano.a
LOAD c:/program files (x86)/atollic/truestudio for stm32 9.0.0/armtools/bin/../lib/gcc/arm-atollic-eabi/6.3.1/../../../../arm-atollic-eabi/lib/armv7e-m/fpu/fpv5-sp-d16\libnosys.a
END GROUP
LOAD c:/program files (x86)/atollic/truestudio for stm32 9.0.0/armtools/bin/../lib/gcc/arm-atollic-eabi/6.3.1/armv7e-m/fpu/fpv5-sp-d16/crtend.o
LOAD c:/program files (x86)/atollic/truestudio for stm32 9.0.0/armtools/bin/../lib/gcc/arm-atollic-eabi/6.3.1/armv7e-m/fpu/fpv5-sp-d16/crtn.o
                0x20050000                _estack = 0x20050000
                0x00000200                _Min_Heap_Size = 0x200
                0x00000400                _Min_Stack_Size = 0x400

.isr_vector     0x08000000      0x1c8
                0x08000000                . = ALIGN (0x4)
 *(.isr_vector)
 .isr_vector    0x08000000      0x1c8 startup\startup_stm32f746xx.o
                0x08000000                g_pfnVectors
                0x080001c8                . = ALIGN (0x4)

.text           0x080001c8     0xb684
                0x080001c8                . = ALIGN (0x4)
 *(.text)
 .text          0x080001c8       0x40 c:/program files (x86)/atollic/truestudio for stm32 9.0.0/armtools/bin/../lib/gcc/arm-atollic-eabi/6.3.1/armv7e-m/fpu/fpv5-sp-d16/crtbegin.o
 .text          0x08000208       0x10 c:/program files (x86)/atollic/truestudio for stm32 9.0.0/armtools/bin/../lib/gcc/arm-atollic-eabi/6.3.1/../../../../arm-atollic-eabi/lib/armv7e-m/fpu/fpv5-sp-d16\libc_nano.a(lib_a-strlen.o)
                0x08000208                strlen
 .text          0x08000218      0x370 c:/program files (x86)/atollic/truestudio for stm32 9.0.0/armtools/bin/../lib/gcc/arm-atollic-eabi/6.3.1/armv7e-m/fpu/fpv5-sp-d16\libgcc.a(_arm_addsubdf3.o)
                0x08000218                __aeabi_drsub
                0x08000220                __aeabi_dsub
                0x08000220                __subdf3
                0x08000224                __aeabi_dadd
                0x08000224                __adddf3
                0x0800049c                __floatunsidf
                0x0800049c                __aeabi_ui2d
                0x080004bc                __floatsidf
                0x080004bc                __aeabi_i2d
                0x080004e0                __aeabi_f2d
                0x080004e0                __extendsfdf2
                0x0800051c                __floatundidf
                0x0800051c                __aeabi_ul2d
                0x0800052c                __floatdidf
                0x0800052c                __aeabi_l2d
 .text          0x08000588      0x424 c:/program files (x86)/atollic/truestudio for stm32 9.0.0/armtools/bin/../lib/gcc/arm-atollic-eabi/6.3.1/armv7e-m/fpu/fpv5-sp-d16\libgcc.a(_arm_muldivdf3.o)
                0x08000588                __aeabi_dmul
                0x08000588                __muldf3
                0x080007dc                __divdf3
                0x080007dc                __aeabi_ddiv
 .text          0x080009ac       0xa0 c:/program files (x86)/atollic/truestudio for stm32 9.0.0/armtools/bin/../lib/gcc/arm-atollic-eabi/6.3.1/armv7e-m/fpu/fpv5-sp-d16\libgcc.a(_arm_truncdfsf2.o)
                0x080009ac                __truncdfsf2
                0x080009ac                __aeabi_d2f
 *(.text*)
 .text.HAL_InitTick
                0x08000a4c       0x28 Drivers\STM32F7xx_HAL_Driver\Src\stm32f7xx_hal.o
                0x08000a4c                HAL_InitTick
 .text.HAL_Init
                0x08000a74       0x16 Drivers\STM32F7xx_HAL_Driver\Src\stm32f7xx_hal.o
                0x08000a74                HAL_Init
 *fill*         0x08000a8a        0x2 
 .text.HAL_IncTick
                0x08000a8c       0x10 Drivers\STM32F7xx_HAL_Driver\Src\stm32f7xx_hal.o
                0x08000a8c                HAL_IncTick
 .text.HAL_GetTick
                0x08000a9c        0xc Drivers\STM32F7xx_HAL_Driver\Src\stm32f7xx_hal.o
                0x08000a9c                HAL_GetTick
 .text.HAL_Delay
                0x08000aa8       0x1a Drivers\STM32F7xx_HAL_Driver\Src\stm32f7xx_hal.o
                0x08000aa8                HAL_Delay
 *fill*         0x08000ac2        0x2 
 .text.HAL_ADC_Init
                0x08000ac4      0x154 Drivers\STM32F7xx_HAL_Driver\Src\stm32f7xx_hal_adc.o
                0x08000ac4                HAL_ADC_Init
 .text.HAL_ADC_Start_IT
                0x08000c18       0xcc Drivers\STM32F7xx_HAL_Driver\Src\stm32f7xx_hal_adc.o
                0x08000c18                HAL_ADC_Start_IT
 .text.HAL_ADC_LevelOutOfWindowCallback
                0x08000ce4        0x2 Drivers\STM32F7xx_HAL_Driver\Src\stm32f7xx_hal_adc.o
                0x08000ce4                HAL_ADC_LevelOutOfWindowCallback
 .text.HAL_ADC_IRQHandler
                0x08000ce6      0x128 Drivers\STM32F7xx_HAL_Driver\Src\stm32f7xx_hal_adc.o
                0x08000ce6                HAL_ADC_IRQHandler
 *fill*         0x08000e0e        0x2 
 .text.HAL_ADC_ConfigChannel
                0x08000e10      0x140 Drivers\STM32F7xx_HAL_Driver\Src\stm32f7xx_hal_adc.o
                0x08000e10                HAL_ADC_ConfigChannel
 .text.HAL_ADCEx_InjectedConvCpltCallback
                0x08000f50        0x2 Drivers\STM32F7xx_HAL_Driver\Src\stm32f7xx_hal_adc_ex.o
                0x08000f50                HAL_ADCEx_InjectedConvCpltCallback
 .text.HAL_CAN_Init
                0x08000f52      0x12a Drivers\STM32F7xx_HAL_Driver\Src\stm32f7xx_hal_can.o
                0x08000f52                HAL_CAN_Init
 .text.HAL_NVIC_SetPriorityGrouping
                0x0800107c       0x24 Drivers\STM32F7xx_HAL_Driver\Src\stm32f7xx_hal_cortex.o
                0x0800107c                HAL_NVIC_SetPriorityGrouping
 .text.HAL_NVIC_SetPriority
                0x080010a0       0x70 Drivers\STM32F7xx_HAL_Driver\Src\stm32f7xx_hal_cortex.o
                0x080010a0                HAL_NVIC_SetPriority
 .text.HAL_NVIC_EnableIRQ
                0x08001110       0x18 Drivers\STM32F7xx_HAL_Driver\Src\stm32f7xx_hal_cortex.o
                0x08001110                HAL_NVIC_EnableIRQ
 .text.HAL_SYSTICK_Config
                0x08001128       0x2c Drivers\STM32F7xx_HAL_Driver\Src\stm32f7xx_hal_cortex.o
                0x08001128                HAL_SYSTICK_Config
 .text.HAL_MPU_Disable
                0x08001154       0x20 Drivers\STM32F7xx_HAL_Driver\Src\stm32f7xx_hal_cortex.o
                0x08001154                HAL_MPU_Disable
 .text.HAL_MPU_Enable
                0x08001174       0x24 Drivers\STM32F7xx_HAL_Driver\Src\stm32f7xx_hal_cortex.o
                0x08001174                HAL_MPU_Enable
 .text.HAL_MPU_ConfigRegion
                0x08001198       0x50 Drivers\STM32F7xx_HAL_Driver\Src\stm32f7xx_hal_cortex.o
                0x08001198                HAL_MPU_ConfigRegion
 .text.HAL_SYSTICK_CLKSourceConfig
                0x080011e8       0x18 Drivers\STM32F7xx_HAL_Driver\Src\stm32f7xx_hal_cortex.o
                0x080011e8                HAL_SYSTICK_CLKSourceConfig
 .text.HAL_SYSTICK_Callback
                0x08001200        0x2 Drivers\STM32F7xx_HAL_Driver\Src\stm32f7xx_hal_cortex.o
                0x08001200                HAL_SYSTICK_Callback
 .text.HAL_SYSTICK_IRQHandler
                0x08001202        0x8 Drivers\STM32F7xx_HAL_Driver\Src\stm32f7xx_hal_cortex.o
                0x08001202                HAL_SYSTICK_IRQHandler
 .text.HAL_DAC_Init
                0x0800120a       0x26 Drivers\STM32F7xx_HAL_Driver\Src\stm32f7xx_hal_dac.o
                0x0800120a                HAL_DAC_Init
 .text.HAL_DAC_Start
                0x08001230       0x5c Drivers\STM32F7xx_HAL_Driver\Src\stm32f7xx_hal_dac.o
                0x08001230                HAL_DAC_Start
 .text.HAL_DAC_ConfigChannel
                0x0800128c       0x40 Drivers\STM32F7xx_HAL_Driver\Src\stm32f7xx_hal_dac.o
                0x0800128c                HAL_DAC_ConfigChannel
 .text.HAL_DAC_SetValue
                0x080012cc       0x24 Drivers\STM32F7xx_HAL_Driver\Src\stm32f7xx_hal_dac.o
                0x080012cc                HAL_DAC_SetValue
 .text.DMA_CalcBaseAndBitshift
                0x080012f0       0x2c Drivers\STM32F7xx_HAL_Driver\Src\stm32f7xx_hal_dma.o
 .text.HAL_DMA_Init
                0x0800131c       0xfc Drivers\STM32F7xx_HAL_Driver\Src\stm32f7xx_hal_dma.o
                0x0800131c                HAL_DMA_Init
 .text.HAL_DMA_Abort_IT
                0x08001418       0x24 Drivers\STM32F7xx_HAL_Driver\Src\stm32f7xx_hal_dma.o
                0x08001418                HAL_DMA_Abort_IT
 .text.HAL_DMA_IRQHandler
                0x0800143c      0x17c Drivers\STM32F7xx_HAL_Driver\Src\stm32f7xx_hal_dma.o
                0x0800143c                HAL_DMA_IRQHandler
 .text.HAL_DMA_RegisterCallback
                0x080015b8       0x50 Drivers\STM32F7xx_HAL_Driver\Src\stm32f7xx_hal_dma.o
                0x080015b8                HAL_DMA_RegisterCallback
 .text.HAL_DMAEx_MultiBufferStart_IT
                0x08001608      0x3e0 Drivers\STM32F7xx_HAL_Driver\Src\stm32f7xx_hal_dma_ex.o
                0x08001608                HAL_DMAEx_MultiBufferStart_IT
 .text.ETH_FlushTransmitFIFO
                0x080019e8       0x2a Drivers\STM32F7xx_HAL_Driver\Src\stm32f7xx_hal_eth.o
 *fill*         0x08001a12        0x2 
 .text.ETH_MACDMAConfig
                0x08001a14       0xf8 Drivers\STM32F7xx_HAL_Driver\Src\stm32f7xx_hal_eth.o
 .text.HAL_ETH_DMATxDescListInit
                0x08001b0c       0x7a Drivers\STM32F7xx_HAL_Driver\Src\stm32f7xx_hal_eth.o
                0x08001b0c                HAL_ETH_DMATxDescListInit
 .text.HAL_ETH_DMARxDescListInit
                0x08001b86       0x78 Drivers\STM32F7xx_HAL_Driver\Src\stm32f7xx_hal_eth.o
                0x08001b86                HAL_ETH_DMARxDescListInit
 *fill*         0x08001bfe        0x2 
 .text.HAL_ETH_TransmitFrame
                0x08001c00       0xe4 Drivers\STM32F7xx_HAL_Driver\Src\stm32f7xx_hal_eth.o
                0x08001c00                HAL_ETH_TransmitFrame
 .text.HAL_ETH_GetReceivedFrame
                0x08001ce4       0x7e Drivers\STM32F7xx_HAL_Driver\Src\stm32f7xx_hal_eth.o
                0x08001ce4                HAL_ETH_GetReceivedFrame
 .text.HAL_ETH_TxCpltCallback
                0x08001d62        0x2 Drivers\STM32F7xx_HAL_Driver\Src\stm32f7xx_hal_eth.o
                0x08001d62                HAL_ETH_TxCpltCallback
 .text.HAL_ETH_RxCpltCallback
                0x08001d64        0x2 Drivers\STM32F7xx_HAL_Driver\Src\stm32f7xx_hal_eth.o
                0x08001d64                HAL_ETH_RxCpltCallback
 .text.HAL_ETH_ErrorCallback
                0x08001d66        0x2 Drivers\STM32F7xx_HAL_Driver\Src\stm32f7xx_hal_eth.o
                0x08001d66                HAL_ETH_ErrorCallback
 .text.HAL_ETH_IRQHandler
                0x08001d68       0x70 Drivers\STM32F7xx_HAL_Driver\Src\stm32f7xx_hal_eth.o
                0x08001d68                HAL_ETH_IRQHandler
 .text.HAL_ETH_ReadPHYRegister
                0x08001dd8       0x74 Drivers\STM32F7xx_HAL_Driver\Src\stm32f7xx_hal_eth.o
                0x08001dd8                HAL_ETH_ReadPHYRegister
 .text.HAL_ETH_WritePHYRegister
                0x08001e4c       0x6e Drivers\STM32F7xx_HAL_Driver\Src\stm32f7xx_hal_eth.o
                0x08001e4c                HAL_ETH_WritePHYRegister
 *fill*         0x08001eba        0x2 
 .text.HAL_ETH_Init
                0x08001ebc      0x1f4 Drivers\STM32F7xx_HAL_Driver\Src\stm32f7xx_hal_eth.o
                0x08001ebc                HAL_ETH_Init
 .text.HAL_ETH_Start
                0x080020b0       0x7c Drivers\STM32F7xx_HAL_Driver\Src\stm32f7xx_hal_eth.o
                0x080020b0                HAL_ETH_Start
 .text.HAL_GPIO_Init
                0x0800212c      0x1d4 Drivers\STM32F7xx_HAL_Driver\Src\stm32f7xx_hal_gpio.o
                0x0800212c                HAL_GPIO_Init
 .text.HAL_GPIO_WritePin
                0x08002300        0xa Drivers\STM32F7xx_HAL_Driver\Src\stm32f7xx_hal_gpio.o
                0x08002300                HAL_GPIO_WritePin
 .text.HAL_GPIO_TogglePin
                0x0800230a        0x8 Drivers\STM32F7xx_HAL_Driver\Src\stm32f7xx_hal_gpio.o
                0x0800230a                HAL_GPIO_TogglePin
 *fill*         0x08002312        0x2 
 .text.HAL_PWREx_EnableOverDrive
                0x08002314       0x70 Drivers\STM32F7xx_HAL_Driver\Src\stm32f7xx_hal_pwr_ex.o
                0x08002314                HAL_PWREx_EnableOverDrive
 .text.HAL_RCC_OscConfig
                0x08002384      0x358 Drivers\STM32F7xx_HAL_Driver\Src\stm32f7xx_hal_rcc.o
                0x08002384                HAL_RCC_OscConfig
 .text.HAL_RCC_EnableCSS
                0x080026dc       0x10 Drivers\STM32F7xx_HAL_Driver\Src\stm32f7xx_hal_rcc.o
                0x080026dc                HAL_RCC_EnableCSS
 .text.HAL_RCC_GetSysClockFreq
                0x080026ec       0x74 Drivers\STM32F7xx_HAL_Driver\Src\stm32f7xx_hal_rcc.o
                0x080026ec                HAL_RCC_GetSysClockFreq
 .text.HAL_RCC_ClockConfig
                0x08002760      0x158 Drivers\STM32F7xx_HAL_Driver\Src\stm32f7xx_hal_rcc.o
                0x08002760                HAL_RCC_ClockConfig
 .text.HAL_RCC_GetHCLKFreq
                0x080028b8        0xc Drivers\STM32F7xx_HAL_Driver\Src\stm32f7xx_hal_rcc.o
                0x080028b8                HAL_RCC_GetHCLKFreq
 .text.HAL_RCC_GetPCLK1Freq
                0x080028c4       0x30 Drivers\STM32F7xx_HAL_Driver\Src\stm32f7xx_hal_rcc.o
                0x080028c4                HAL_RCC_GetPCLK1Freq
 .text.HAL_RCC_GetPCLK2Freq
                0x080028f4       0x30 Drivers\STM32F7xx_HAL_Driver\Src\stm32f7xx_hal_rcc.o
                0x080028f4                HAL_RCC_GetPCLK2Freq
 .text.HAL_RCCEx_PeriphCLKConfig
                0x08002924      0x744 Drivers\STM32F7xx_HAL_Driver\Src\stm32f7xx_hal_rcc_ex.o
                0x08002924                HAL_RCCEx_PeriphCLKConfig
 .text.SPI_WaitFifoStateUntilTimeout.part.1
                0x08003068       0x54 Drivers\STM32F7xx_HAL_Driver\Src\stm32f7xx_hal_spi.o
 .text.SPI_WaitFlagStateUntilTimeout.constprop.10
                0x080030bc       0x30 Drivers\STM32F7xx_HAL_Driver\Src\stm32f7xx_hal_spi.o
 .text.SPI_WaitFifoStateUntilTimeout.constprop.11
                0x080030ec       0x40 Drivers\STM32F7xx_HAL_Driver\Src\stm32f7xx_hal_spi.o
 .text.SPI_EndRxTxTransaction
                0x0800312c       0x44 Drivers\STM32F7xx_HAL_Driver\Src\stm32f7xx_hal_spi.o
 .text.HAL_SPI_Init
                0x08003170       0xaa Drivers\STM32F7xx_HAL_Driver\Src\stm32f7xx_hal_spi.o
                0x08003170                HAL_SPI_Init
 .text.HAL_SPI_Transmit
                0x0800321a      0x148 Drivers\STM32F7xx_HAL_Driver\Src\stm32f7xx_hal_spi.o
                0x0800321a                HAL_SPI_Transmit
 .text.TIM_TI1_ConfigInputStage
                0x08003362       0x22 Drivers\STM32F7xx_HAL_Driver\Src\stm32f7xx_hal_tim.o
 .text.TIM_TI2_ConfigInputStage
                0x08003384       0x24 Drivers\STM32F7xx_HAL_Driver\Src\stm32f7xx_hal_tim.o
 .text.HAL_TIM_Base_Start
                0x080033a8       0x1a Drivers\STM32F7xx_HAL_Driver\Src\stm32f7xx_hal_tim.o
                0x080033a8                HAL_TIM_Base_Start
 .text.HAL_TIM_Base_Stop
                0x080033c2       0x2e Drivers\STM32F7xx_HAL_Driver\Src\stm32f7xx_hal_tim.o
                0x080033c2                HAL_TIM_Base_Stop
 .text.HAL_TIM_Base_Start_IT
                0x080033f0       0x16 Drivers\STM32F7xx_HAL_Driver\Src\stm32f7xx_hal_tim.o
                0x080033f0                HAL_TIM_Base_Start_IT
 .text.HAL_TIM_Base_Stop_IT
                0x08003406       0x2a Drivers\STM32F7xx_HAL_Driver\Src\stm32f7xx_hal_tim.o
                0x08003406                HAL_TIM_Base_Stop_IT
 .text.TIM_Base_SetConfig
                0x08003430       0xd0 Drivers\STM32F7xx_HAL_Driver\Src\stm32f7xx_hal_tim.o
                0x08003430                TIM_Base_SetConfig
 .text.HAL_TIM_Base_Init
                0x08003500       0x34 Drivers\STM32F7xx_HAL_Driver\Src\stm32f7xx_hal_tim.o
                0x08003500                HAL_TIM_Base_Init
 .text.TIM_ETR_SetConfig
                0x08003534       0x14 Drivers\STM32F7xx_HAL_Driver\Src\stm32f7xx_hal_tim.o
                0x08003534                TIM_ETR_SetConfig
 .text.HAL_TIM_ConfigClockSource
                0x08003548      0x11c Drivers\STM32F7xx_HAL_Driver\Src\stm32f7xx_hal_tim.o
                0x08003548                HAL_TIM_ConfigClockSource
 .text.HAL_TIM_SlaveConfigSynchronization
                0x08003664       0x92 Drivers\STM32F7xx_HAL_Driver\Src\stm32f7xx_hal_tim.o
                0x08003664                HAL_TIM_SlaveConfigSynchronization
 .text.TIM_CCxChannelCmd
                0x080036f6       0x18 Drivers\STM32F7xx_HAL_Driver\Src\stm32f7xx_hal_tim.o
                0x080036f6                TIM_CCxChannelCmd
 *fill*         0x0800370e        0x2 
 .text.HAL_TIM_PWM_Stop
                0x08003710       0x64 Drivers\STM32F7xx_HAL_Driver\Src\stm32f7xx_hal_tim.o
                0x08003710                HAL_TIM_PWM_Stop
 .text.HAL_TIMEx_MasterConfigSynchronization
                0x08003774       0x4c Drivers\STM32F7xx_HAL_Driver\Src\stm32f7xx_hal_tim_ex.o
                0x08003774                HAL_TIMEx_MasterConfigSynchronization
 .text.UART_EndRxTransfer
                0x080037c0       0x1a Drivers\STM32F7xx_HAL_Driver\Src\stm32f7xx_hal_uart.o
 .text.HAL_UART_Transmit_IT
                0x080037da       0x42 Drivers\STM32F7xx_HAL_Driver\Src\stm32f7xx_hal_uart.o
                0x080037da                HAL_UART_Transmit_IT
 .text.HAL_UART_Receive_IT
                0x0800381c       0x88 Drivers\STM32F7xx_HAL_Driver\Src\stm32f7xx_hal_uart.o
                0x0800381c                HAL_UART_Receive_IT
 .text.UART_WaitOnFlagUntilTimeout
                0x080038a4       0x62 Drivers\STM32F7xx_HAL_Driver\Src\stm32f7xx_hal_uart.o
                0x080038a4                UART_WaitOnFlagUntilTimeout
 .text.HAL_UART_Transmit
                0x08003906       0xb2 Drivers\STM32F7xx_HAL_Driver\Src\stm32f7xx_hal_uart.o
                0x08003906                HAL_UART_Transmit
 .text.HAL_UART_Receive
                0x080039b8       0xe0 Drivers\STM32F7xx_HAL_Driver\Src\stm32f7xx_hal_uart.o
                0x080039b8                HAL_UART_Receive
 .text.HAL_UART_TxCpltCallback
                0x08003a98        0x2 Drivers\STM32F7xx_HAL_Driver\Src\stm32f7xx_hal_uart.o
                0x08003a98                HAL_UART_TxCpltCallback
 .text.UART_Receive_IT
                0x08003a9a       0x6e Drivers\STM32F7xx_HAL_Driver\Src\stm32f7xx_hal_uart.o
 .text.HAL_UART_ErrorCallback
                0x08003b08        0x2 Drivers\STM32F7xx_HAL_Driver\Src\stm32f7xx_hal_uart.o
                0x08003b08                HAL_UART_ErrorCallback
 *fill*         0x08003b0a        0x2 
 .text.HAL_UART_IRQHandler
                0x08003b0c      0x15c Drivers\STM32F7xx_HAL_Driver\Src\stm32f7xx_hal_uart.o
                0x08003b0c                HAL_UART_IRQHandler
 .text.UART_DMAAbortOnError
                0x08003c68       0x14 Drivers\STM32F7xx_HAL_Driver\Src\stm32f7xx_hal_uart.o
 .text.UART_SetConfig
                0x08003c7c      0x290 Drivers\STM32F7xx_HAL_Driver\Src\stm32f7xx_hal_uart.o
                0x08003c7c                UART_SetConfig
 .text.UART_AdvFeatureConfig
                0x08003f0c       0xaa Drivers\STM32F7xx_HAL_Driver\Src\stm32f7xx_hal_uart.o
                0x08003f0c                UART_AdvFeatureConfig
 .text.UART_CheckIdleState
                0x08003fb6       0x44 Drivers\STM32F7xx_HAL_Driver\Src\stm32f7xx_hal_uart.o
                0x08003fb6                UART_CheckIdleState
 .text.HAL_UART_Init
                0x08003ffa       0x64 Drivers\STM32F7xx_HAL_Driver\Src\stm32f7xx_hal_uart.o
                0x08003ffa                HAL_UART_Init
 .text.lwip_htons
                0x0800405e        0x6 Middlewares\Third_Party\LwIP\src\core\def.o
                0x0800405e                lwip_htons
 .text.lwip_htonl
                0x08004064        0x4 Middlewares\Third_Party\LwIP\src\core\def.o
                0x08004064                lwip_htonl
 .text.lwip_init
                0x08004068       0x1e Middlewares\Third_Party\LwIP\src\core\init.o
                0x08004068                lwip_init
 *fill*         0x08004086        0x2 
 .text.etharp_free_entry
                0x08004088       0x28 Middlewares\Third_Party\LwIP\src\core\ipv4\etharp.o
 .text.etharp_find_entry.isra.0
                0x080040b0       0xcc Middlewares\Third_Party\LwIP\src\core\ipv4\etharp.o
 .text.etharp_raw.constprop.1
                0x0800417c       0x88 Middlewares\Third_Party\LwIP\src\core\ipv4\etharp.o
 .text.etharp_cleanup_netif
                0x08004204       0x28 Middlewares\Third_Party\LwIP\src\core\ipv4\etharp.o
                0x08004204                etharp_cleanup_netif
 .text.etharp_input
                0x0800422c      0x124 Middlewares\Third_Party\LwIP\src\core\ipv4\etharp.o
                0x0800422c                etharp_input
 .text.etharp_request
                0x08004350       0x20 Middlewares\Third_Party\LwIP\src\core\ipv4\etharp.o
                0x08004350                etharp_request
 .text.etharp_tmr
                0x08004370       0x54 Middlewares\Third_Party\LwIP\src\core\ipv4\etharp.o
                0x08004370                etharp_tmr
 .text.etharp_output_to_arp_index
                0x080043c4       0x7c Middlewares\Third_Party\LwIP\src\core\ipv4\etharp.o
 .text.etharp_query
                0x08004440       0xf8 Middlewares\Third_Party\LwIP\src\core\ipv4\etharp.o
                0x08004440                etharp_query
 .text.etharp_output
                0x08004538       0xe4 Middlewares\Third_Party\LwIP\src\core\ipv4\etharp.o
                0x08004538                etharp_output
 .text.ip4_route
                0x0800461c       0x58 Middlewares\Third_Party\LwIP\src\core\ipv4\ip4.o
                0x0800461c                ip4_route
 .text.ip4_input
                0x08004674      0x154 Middlewares\Third_Party\LwIP\src\core\ipv4\ip4.o
                0x08004674                ip4_input
 .text.ip4_output_if_src
                0x080047c8       0xb8 Middlewares\Third_Party\LwIP\src\core\ipv4\ip4.o
                0x080047c8                ip4_output_if_src
 .text.ip4_output_if
                0x08004880       0x22 Middlewares\Third_Party\LwIP\src\core\ipv4\ip4.o
                0x08004880                ip4_output_if
 .text.ip4_addr_isbroadcast_u32
                0x080048a2       0x32 Middlewares\Third_Party\LwIP\src\core\ipv4\ip4_addr.o
                0x080048a2                ip4_addr_isbroadcast_u32
 .text.ipfrag_free_pbuf_custom
                0x080048d4       0x18 Middlewares\Third_Party\LwIP\src\core\ipv4\ip4_frag.o
 .text.ip_reass_free_complete_datagram
                0x080048ec       0x54 Middlewares\Third_Party\LwIP\src\core\ipv4\ip4_frag.o
 .text.ip_reass_remove_oldest_datagram
                0x08004940       0x78 Middlewares\Third_Party\LwIP\src\core\ipv4\ip4_frag.o
 .text.ip_reass_tmr
                0x080049b8       0x28 Middlewares\Third_Party\LwIP\src\core\ipv4\ip4_frag.o
                0x080049b8                ip_reass_tmr
 .text.ip4_reass
                0x080049e0      0x2c8 Middlewares\Third_Party\LwIP\src\core\ipv4\ip4_frag.o
                0x080049e0                ip4_reass
 .text.ip4_frag
                0x08004ca8      0x174 Middlewares\Third_Party\LwIP\src\core\ipv4\ip4_frag.o
                0x08004ca8                ip4_frag
 .text.mem_init
                0x08004e1c       0x3c Middlewares\Third_Party\LwIP\src\core\mem.o
                0x08004e1c                mem_init
 .text.mem_free
                0x08004e58       0x88 Middlewares\Third_Party\LwIP\src\core\mem.o
                0x08004e58                mem_free
 .text.mem_trim
                0x08004ee0       0xac Middlewares\Third_Party\LwIP\src\core\mem.o
                0x08004ee0                mem_trim
 .text.mem_malloc
                0x08004f8c       0xb8 Middlewares\Third_Party\LwIP\src\core\mem.o
                0x08004f8c                mem_malloc
 .text.memp_init_pool
                0x08005044       0x26 Middlewares\Third_Party\LwIP\src\core\memp.o
                0x08005044                memp_init_pool
 *fill*         0x0800506a        0x2 
 .text.memp_init
                0x0800506c       0x1c Middlewares\Third_Party\LwIP\src\core\memp.o
                0x0800506c                memp_init
 .text.memp_malloc
                0x08005088       0x20 Middlewares\Third_Party\LwIP\src\core\memp.o
                0x08005088                memp_malloc
 .text.memp_free
                0x080050a8       0x1c Middlewares\Third_Party\LwIP\src\core\memp.o
                0x080050a8                memp_free
 .text.netif_issue_reports.part.0
                0x080050c4       0x12 Middlewares\Third_Party\LwIP\src\core\netif.o
 .text.netif_init
                0x080050d6        0x2 Middlewares\Third_Party\LwIP\src\core\netif.o
                0x080050d6                netif_init
 .text.netif_set_ipaddr
                0x080050d8       0x44 Middlewares\Third_Party\LwIP\src\core\netif.o
                0x080050d8                netif_set_ipaddr
 .text.netif_set_addr
                0x0800511c       0x38 Middlewares\Third_Party\LwIP\src\core\netif.o
                0x0800511c                netif_set_addr
 .text.netif_add
                0x08005154       0x54 Middlewares\Third_Party\LwIP\src\core\netif.o
                0x08005154                netif_add
 .text.netif_set_default
                0x080051a8        0xc Middlewares\Third_Party\LwIP\src\core\netif.o
                0x080051a8                netif_set_default
 .text.netif_set_up
                0x080051b4       0x1e Middlewares\Third_Party\LwIP\src\core\netif.o
                0x080051b4                netif_set_up
 .text.netif_set_down
                0x080051d2       0x1a Middlewares\Third_Party\LwIP\src\core\netif.o
                0x080051d2                netif_set_down
 .text.pbuf_header_impl.part.0
                0x080051ec       0x5a Middlewares\Third_Party\LwIP\src\core\pbuf.o
 *fill*         0x08005246        0x2 
 .text.pbuf_free_ooseq
                0x08005248       0x2c Middlewares\Third_Party\LwIP\src\core\pbuf.o
                0x08005248                pbuf_free_ooseq
 .text.pbuf_alloced_custom
                0x08005274       0x56 Middlewares\Third_Party\LwIP\src\core\pbuf.o
                0x08005274                pbuf_alloced_custom
 .text.pbuf_header
                0x080052ca        0xe Middlewares\Third_Party\LwIP\src\core\pbuf.o
                0x080052ca                pbuf_header
 .text.pbuf_free
                0x080052d8       0x4e Middlewares\Third_Party\LwIP\src\core\pbuf.o
                0x080052d8                pbuf_free
 *fill*         0x08005326        0x2 
 .text.pbuf_alloc
                0x08005328      0x118 Middlewares\Third_Party\LwIP\src\core\pbuf.o
                0x08005328                pbuf_alloc
 .text.pbuf_realloc
                0x08005440       0x52 Middlewares\Third_Party\LwIP\src\core\pbuf.o
                0x08005440                pbuf_realloc
 .text.pbuf_clen
                0x08005492       0x10 Middlewares\Third_Party\LwIP\src\core\pbuf.o
                0x08005492                pbuf_clen
 .text.pbuf_ref
                0x080054a2        0xa Middlewares\Third_Party\LwIP\src\core\pbuf.o
                0x080054a2                pbuf_ref
 .text.pbuf_cat
                0x080054ac       0x1c Middlewares\Third_Party\LwIP\src\core\pbuf.o
                0x080054ac                pbuf_cat
 .text.pbuf_copy
                0x080054c8       0x9c Middlewares\Third_Party\LwIP\src\core\pbuf.o
                0x080054c8                pbuf_copy
 .text.pbuf_copy_partial
                0x08005564       0x5e Middlewares\Third_Party\LwIP\src\core\pbuf.o
                0x08005564                pbuf_copy_partial
 *fill*         0x080055c2        0x2 
 .text.tcp_new_port
                0x080055c4       0x54 Middlewares\Third_Party\LwIP\src\core\tcp.o
 .text.tcp_init
                0x08005618        0x2 Middlewares\Third_Party\LwIP\src\core\tcp.o
                0x08005618                tcp_init
 *fill*         0x0800561a        0x2 
 .text.tcp_bind
                0x0800561c       0x78 Middlewares\Third_Party\LwIP\src\core\tcp.o
                0x0800561c                tcp_bind
 .text.tcp_listen_with_backlog
                0x08005694       0x84 Middlewares\Third_Party\LwIP\src\core\tcp.o
                0x08005694                tcp_listen_with_backlog
 .text.tcp_update_rcv_ann_wnd
                0x08005718       0x34 Middlewares\Third_Party\LwIP\src\core\tcp.o
                0x08005718                tcp_update_rcv_ann_wnd
 .text.tcp_recved
                0x0800574c       0x48 Middlewares\Third_Party\LwIP\src\core\tcp.o
                0x0800574c                tcp_recved
 .text.tcp_seg_free
                0x08005794       0x1c Middlewares\Third_Party\LwIP\src\core\tcp.o
                0x08005794                tcp_seg_free
 .text.tcp_segs_free
                0x080057b0       0x10 Middlewares\Third_Party\LwIP\src\core\tcp.o
                0x080057b0                tcp_segs_free
 .text.tcp_setprio
                0x080057c0        0x4 Middlewares\Third_Party\LwIP\src\core\tcp.o
                0x080057c0                tcp_setprio
 .text.tcp_seg_copy
                0x080057c4       0x2c Middlewares\Third_Party\LwIP\src\core\tcp.o
                0x080057c4                tcp_seg_copy
 .text.tcp_arg  0x080057f0        0x6 Middlewares\Third_Party\LwIP\src\core\tcp.o
                0x080057f0                tcp_arg
 .text.tcp_recv
                0x080057f6        0x8 Middlewares\Third_Party\LwIP\src\core\tcp.o
                0x080057f6                tcp_recv
 .text.tcp_sent
                0x080057fe        0x6 Middlewares\Third_Party\LwIP\src\core\tcp.o
                0x080057fe                tcp_sent
 .text.tcp_err  0x08005804        0x8 Middlewares\Third_Party\LwIP\src\core\tcp.o
                0x08005804                tcp_err
 .text.tcp_accept
                0x0800580c        0xc Middlewares\Third_Party\LwIP\src\core\tcp.o
                0x0800580c                tcp_accept
 .text.tcp_poll
                0x08005818        0x8 Middlewares\Third_Party\LwIP\src\core\tcp.o
                0x08005818                tcp_poll
 .text.tcp_pcb_purge
                0x08005820       0x40 Middlewares\Third_Party\LwIP\src\core\tcp.o
                0x08005820                tcp_pcb_purge
 .text.tcp_slowtmr
                0x08005860      0x2f4 Middlewares\Third_Party\LwIP\src\core\tcp.o
                0x08005860                tcp_slowtmr
 .text.tcp_pcb_remove
                0x08005b54       0x4e Middlewares\Third_Party\LwIP\src\core\tcp.o
                0x08005b54                tcp_pcb_remove
 *fill*         0x08005ba2        0x2 
 .text.tcp_close_shutdown
                0x08005ba4      0x164 Middlewares\Third_Party\LwIP\src\core\tcp.o
 .text.tcp_close
                0x08005d08       0x14 Middlewares\Third_Party\LwIP\src\core\tcp.o
                0x08005d08                tcp_close
 .text.tcp_recv_null
                0x08005d1c       0x24 Middlewares\Third_Party\LwIP\src\core\tcp.o
                0x08005d1c                tcp_recv_null
 .text.tcp_process_refused_data
                0x08005d40       0x66 Middlewares\Third_Party\LwIP\src\core\tcp.o
                0x08005d40                tcp_process_refused_data
 *fill*         0x08005da6        0x2 
 .text.tcp_fasttmr
                0x08005da8       0x70 Middlewares\Third_Party\LwIP\src\core\tcp.o
                0x08005da8                tcp_fasttmr
 .text.tcp_tmr  0x08005e18       0x24 Middlewares\Third_Party\LwIP\src\core\tcp.o
                0x08005e18                tcp_tmr
 .text.tcp_abandon
                0x08005e3c       0xcc Middlewares\Third_Party\LwIP\src\core\tcp.o
                0x08005e3c                tcp_abandon
 .text.tcp_abort
                0x08005f08        0x6 Middlewares\Third_Party\LwIP\src\core\tcp.o
                0x08005f08                tcp_abort
 .text.tcp_accept_null
                0x08005f0e        0xe Middlewares\Third_Party\LwIP\src\core\tcp.o
 .text.tcp_netif_ip_addr_changed_pcblist
                0x08005f1c       0x1c Middlewares\Third_Party\LwIP\src\core\tcp.o
 .text.tcp_kill_state
                0x08005f38       0x3c Middlewares\Third_Party\LwIP\src\core\tcp.o
 .text.tcp_next_iss
                0x08005f74       0x18 Middlewares\Third_Party\LwIP\src\core\tcp.o
                0x08005f74                tcp_next_iss
 .text.tcp_alloc
                0x08005f8c      0x118 Middlewares\Third_Party\LwIP\src\core\tcp.o
                0x08005f8c                tcp_alloc
 .text.tcp_new  0x080060a4        0x6 Middlewares\Third_Party\LwIP\src\core\tcp.o
                0x080060a4                tcp_new
 .text.tcp_eff_send_mss_impl
                0x080060aa       0x1e Middlewares\Third_Party\LwIP\src\core\tcp.o
                0x080060aa                tcp_eff_send_mss_impl
 .text.tcp_netif_ip_addr_changed
                0x080060c8       0x4c Middlewares\Third_Party\LwIP\src\core\tcp.o
                0x080060c8                tcp_netif_ip_addr_changed
 .text.tcp_oos_insert_segment
                0x08006114       0x7c Middlewares\Third_Party\LwIP\src\core\tcp_in.o
 .text.tcp_receive
                0x08006190      0x7b4 Middlewares\Third_Party\LwIP\src\core\tcp_in.o
 .text.tcp_getoptbyte
                0x08006944       0x40 Middlewares\Third_Party\LwIP\src\core\tcp_in.o
 .text.tcp_parseopt.isra.1.part.2
                0x08006984       0x70 Middlewares\Third_Party\LwIP\src\core\tcp_in.o
 .text.tcp_input
                0x080069f4      0x88c Middlewares\Third_Party\LwIP\src\core\tcp_in.o
                0x080069f4                tcp_input
 .text.tcp_trigger_input_pcb_close
                0x08007280       0x10 Middlewares\Third_Party\LwIP\src\core\tcp_in.o
                0x08007280                tcp_trigger_input_pcb_close
 .text.tcp_pbuf_prealloc
                0x08007290       0x50 Middlewares\Third_Party\LwIP\src\core\tcp_out.o
 .text.tcp_create_segment
                0x080072e0       0xac Middlewares\Third_Party\LwIP\src\core\tcp_out.o
 .text.tcp_output_alloc_header.constprop.0
                0x0800738c       0x5a Middlewares\Third_Party\LwIP\src\core\tcp_out.o
 .text.tcp_write
                0x080073e6      0x326 Middlewares\Third_Party\LwIP\src\core\tcp_out.o
                0x080073e6                tcp_write
 .text.tcp_enqueue_flags
                0x0800770c       0x94 Middlewares\Third_Party\LwIP\src\core\tcp_out.o
                0x0800770c                tcp_enqueue_flags
 .text.tcp_send_fin
                0x080077a0       0x44 Middlewares\Third_Party\LwIP\src\core\tcp_out.o
                0x080077a0                tcp_send_fin
 .text.tcp_send_empty_ack
                0x080077e4       0x6a Middlewares\Third_Party\LwIP\src\core\tcp_out.o
                0x080077e4                tcp_send_empty_ack
 *fill*         0x0800784e        0x2 
 .text.tcp_output
                0x08007850      0x284 Middlewares\Third_Party\LwIP\src\core\tcp_out.o
                0x08007850                tcp_output
 .text.tcp_rst  0x08007ad4       0x90 Middlewares\Third_Party\LwIP\src\core\tcp_out.o
                0x08007ad4                tcp_rst
 .text.tcp_rexmit_rto
                0x08007b64       0x32 Middlewares\Third_Party\LwIP\src\core\tcp_out.o
                0x08007b64                tcp_rexmit_rto
 .text.tcp_rexmit
                0x08007b96       0x4e Middlewares\Third_Party\LwIP\src\core\tcp_out.o
                0x08007b96                tcp_rexmit
 .text.tcp_rexmit_fast
                0x08007be4       0x56 Middlewares\Third_Party\LwIP\src\core\tcp_out.o
                0x08007be4                tcp_rexmit_fast
 .text.tcp_keepalive
                0x08007c3a       0x54 Middlewares\Third_Party\LwIP\src\core\tcp_out.o
                0x08007c3a                tcp_keepalive
 .text.tcp_zero_window_probe
                0x08007c8e       0xbe Middlewares\Third_Party\LwIP\src\core\tcp_out.o
                0x08007c8e                tcp_zero_window_probe
 .text.sys_timeout
                0x08007d4c       0x84 Middlewares\Third_Party\LwIP\src\core\timeouts.o
                0x08007d4c                sys_timeout
 .text.tcp_timer_needed
                0x08007dd0       0x34 Middlewares\Third_Party\LwIP\src\core\timeouts.o
                0x08007dd0                tcp_timer_needed
 .text.tcpip_tcp_timer
                0x08007e04       0x38 Middlewares\Third_Party\LwIP\src\core\timeouts.o
 .text.sys_timeouts_init
                0x08007e3c       0x38 Middlewares\Third_Party\LwIP\src\core\timeouts.o
                0x08007e3c                sys_timeouts_init
 .text.cyclic_timer
                0x08007e74       0x1c Middlewares\Third_Party\LwIP\src\core\timeouts.o
 .text.sys_check_timeouts
                0x08007e90       0x60 Middlewares\Third_Party\LwIP\src\core\timeouts.o
                0x08007e90                sys_check_timeouts
 .text.udp_init
                0x08007ef0        0x2 Middlewares\Third_Party\LwIP\src\core\udp.o
                0x08007ef0                udp_init
 *fill*         0x08007ef2        0x2 
 .text.udp_input
                0x08007ef4       0xe8 Middlewares\Third_Party\LwIP\src\core\udp.o
                0x08007ef4                udp_input
 .text.udp_bind
                0x08007fdc       0xa8 Middlewares\Third_Party\LwIP\src\core\udp.o
                0x08007fdc                udp_bind
 .text.udp_connect
                0x08008084       0x50 Middlewares\Third_Party\LwIP\src\core\udp.o
                0x08008084                udp_connect
 .text.udp_remove
                0x080080d4       0x30 Middlewares\Third_Party\LwIP\src\core\udp.o
                0x080080d4                udp_remove
 .text.udp_new  0x08008104       0x1c Middlewares\Third_Party\LwIP\src\core\udp.o
                0x08008104                udp_new
 .text.udp_netif_ip_addr_changed
                0x08008120       0x2c Middlewares\Third_Party\LwIP\src\core\udp.o
                0x08008120                udp_netif_ip_addr_changed
 .text.ethernet_input
                0x0800814c       0x98 Middlewares\Third_Party\LwIP\src\netif\ethernet.o
                0x0800814c                ethernet_input
 .text.ethernet_output
                0x080081e4       0x4c Middlewares\Third_Party\LwIP\src\netif\ethernet.o
                0x080081e4                ethernet_output
 .text.low_level_output
                0x08008230       0xa0 Src\ethernetif.o
 .text.HAL_ETH_MspInit
                0x080082d0       0xdc Src\ethernetif.o
                0x080082d0                HAL_ETH_MspInit
 .text.ethernetif_input
                0x080083ac       0xdc Src\ethernetif.o
                0x080083ac                ethernetif_input
 .text.ethernetif_init
                0x08008488      0x110 Src\ethernetif.o
                0x08008488                ethernetif_init
 .text.sys_now  0x08008598        0x4 Src\ethernetif.o
                0x08008598                sys_now
 .text.MX_LWIP_Init
                0x0800859c       0xa0 Src\lwip.o
                0x0800859c                MX_LWIP_Init
 .text.MX_LWIP_Process
                0x0800863c       0x14 Src\lwip.o
                0x0800863c                MX_LWIP_Process
 .text.adc1_dma_callback0
                0x08008650       0xfc Src\main.o
                0x08008650                adc1_dma_callback0
 .text.adc1_dma_callback1
                0x0800874c       0xfc Src\main.o
                0x0800874c                adc1_dma_callback1
 .text.SystemClock_Config
                0x08008848       0xc4 Src\main.o
                0x08008848                SystemClock_Config
 .text.udp_echoserver_init
                0x0800890c       0x2c Src\main.o
                0x0800890c                udp_echoserver_init
 .text.ScanISel
                0x08008938       0x54 Src\main.o
                0x08008938                ScanISel
 .text.ScanTrim
                0x0800898c       0x6c Src\main.o
                0x0800898c                ScanTrim
 .text.ScanTrimij
                0x080089f8        0xe Src\main.o
                0x080089f8                ScanTrimij
 *fill*         0x08008a06        0x2 
 .text.ScanZoomRot
                0x08008a08       0xdc Src\main.o
                0x08008a08                ScanZoomRot
 .text.DetMuxSel
                0x08008ae4       0x54 Src\main.o
                0x08008ae4                DetMuxSel
 .text.DetAmpGain
                0x08008b38       0xc4 Src\main.o
                0x08008b38                DetAmpGain
 .text.DetTrim  0x08008bfc       0x6c Src\main.o
                0x08008bfc                DetTrim
 .text.DetTrimij
                0x08008c68        0xe Src\main.o
                0x08008c68                DetTrimij
 .text.ScanISel_Init
                0x08008c76        0x6 Src\main.o
                0x08008c76                ScanISel_Init
 .text.ScanZoomRot_Init
                0x08008c7c       0x14 Src\main.o
                0x08008c7c                ScanZoomRot_Init
 .text.DetMuxSel_Init
                0x08008c90       0x18 Src\main.o
                0x08008c90                DetMuxSel_Init
 .text.DetAmpGain_Init
                0x08008ca8       0x10 Src\main.o
                0x08008ca8                DetAmpGain_Init
 .text.DetTrim_Init
                0x08008cb8       0x14 Src\main.o
                0x08008cb8                DetTrim_Init
 .text.sendhello2
                0x08008ccc       0x74 Src\main.o
                0x08008ccc                sendhello2
 .text.sendhello6
                0x08008d40       0x74 Src\main.o
                0x08008d40                sendhello6
 .text.dacrange
                0x08008db4       0xbc Src\main.o
                0x08008db4                dacrange
 .text.SetADC1Channel
                0x08008e70       0x1c Src\main.o
                0x08008e70                SetADC1Channel
 .text.setsignal
                0x08008e8c       0xd8 Src\main.o
                0x08008e8c                setsignal
 .text.rotate   0x08008f64       0x32 Src\main.o
                0x08008f64                rotate
 .text.zoom     0x08008f96       0x1c Src\main.o
                0x08008f96                zoom
 *fill*         0x08008fb2        0x2 
 .text.FreeReceiveBuf2
                0x08008fb4       0x20 Src\main.o
                0x08008fb4                FreeReceiveBuf2
 .text.FreeReceiveBuf6
                0x08008fd4       0x20 Src\main.o
                0x08008fd4                FreeReceiveBuf6
 .text.HAL_UART_RxCpltCallback
                0x08008ff4       0x60 Src\main.o
                0x08008ff4                HAL_UART_RxCpltCallback
 .text.HAL_ADC_ConvCpltCallback
                0x08009054        0x2 Src\main.o
                0x08009054                HAL_ADC_ConvCpltCallback
 *fill*         0x08009056        0x2 
 .text.HAL_ADC_ErrorCallback
                0x08009058       0x18 Src\main.o
                0x08009058                HAL_ADC_ErrorCallback
 .text.windowset
                0x08009070       0x9c Src\main.o
                0x08009070                windowset
 .text.startup.main
                0x0800910c      0xb2c Src\main.o
                0x0800910c                main
 .text.Error_Handler
                0x08009c38        0x2 Src\main.o
                0x08009c38                Error_Handler
 *fill*         0x08009c3a        0x2 
 .text.DMA_ADC1_TransferError
                0x08009c3c        0xc Src\stm32f7xx_hal_msp.o
 .text.DMA_ADC1_TransferComplete
                0x08009c48        0xc Src\stm32f7xx_hal_msp.o
 .text.HAL_MspInit
                0x08009c54       0x60 Src\stm32f7xx_hal_msp.o
                0x08009c54                HAL_MspInit
 .text.HAL_ADC_MspInit
                0x08009cb4      0x174 Src\stm32f7xx_hal_msp.o
                0x08009cb4                HAL_ADC_MspInit
 .text.HAL_CAN_MspInit
                0x08009e28       0xb8 Src\stm32f7xx_hal_msp.o
                0x08009e28                HAL_CAN_MspInit
 .text.HAL_DAC_MspInit
                0x08009ee0       0xd8 Src\stm32f7xx_hal_msp.o
                0x08009ee0                HAL_DAC_MspInit
 .text.HAL_SPI_MspInit
                0x08009fb8      0x10c Src\stm32f7xx_hal_msp.o
                0x08009fb8                HAL_SPI_MspInit
 .text.HAL_TIM_Base_MspInit
                0x0800a0c4       0x68 Src\stm32f7xx_hal_msp.o
                0x0800a0c4                HAL_TIM_Base_MspInit
 .text.HAL_UART_MspInit
                0x0800a12c       0xd8 Src\stm32f7xx_hal_msp.o
                0x0800a12c                HAL_UART_MspInit
 .text.SysTick_Handler
                0x0800a204        0xe Src\stm32f7xx_it.o
                0x0800a204                SysTick_Handler
 *fill*         0x0800a212        0x2 
 .text.DMA1_Stream5_IRQHandler
                0x0800a214        0xc Src\stm32f7xx_it.o
                0x0800a214                DMA1_Stream5_IRQHandler
 .text.DMA1_Stream6_IRQHandler
                0x0800a220        0xc Src\stm32f7xx_it.o
                0x0800a220                DMA1_Stream6_IRQHandler
 .text.ADC_IRQHandler
                0x0800a22c       0x38 Src\stm32f7xx_it.o
                0x0800a22c                ADC_IRQHandler
 .text.USART2_IRQHandler
                0x0800a264        0xc Src\stm32f7xx_it.o
                0x0800a264                USART2_IRQHandler
 .text.DMA2_Stream0_IRQHandler
                0x0800a270        0xc Src\stm32f7xx_it.o
                0x0800a270                DMA2_Stream0_IRQHandler
 .text.ETH_WKUP_IRQHandler
                0x0800a27c        0xc Src\stm32f7xx_it.o
                0x0800a27c                ETH_WKUP_IRQHandler
 .text.ETH_IRQHandler
                0x0800a288        0x4 Src\stm32f7xx_it.o
                0x0800a288                ETH_IRQHandler
 .text.USART6_IRQHandler
                0x0800a28c        0xc Src\stm32f7xx_it.o
                0x0800a28c                USART6_IRQHandler
 .text.SystemInit
                0x0800a298       0x4c Src\system_stm32f7xx.o
                0x0800a298                SystemInit
 .text.tcp_echoserver_poll
                0x0800a2e4       0x14 Src\tcp_echoserver.o
                0x0800a2e4                tcp_echoserver_poll
 .text.tcp_echoserver_error
                0x0800a2f8      0x114 Src\tcp_echoserver.o
                0x0800a2f8                tcp_echoserver_error
 .text.tcp_echoserver_init
                0x0800a40c       0x44 Src\tcp_echoserver.o
                0x0800a40c                tcp_echoserver_init
 .text.tcp_echoserver_send
                0x0800a450       0x26 Src\tcp_echoserver.o
                0x0800a450                tcp_echoserver_send
 *fill*         0x0800a476        0x2 
 .text.tcp_echoserver_connection_close
                0x0800a478       0xf4 Src\tcp_echoserver.o
                0x0800a478                tcp_echoserver_connection_close
 .text.tcp_echoserver_accept
                0x0800a56c      0x144 Src\tcp_echoserver.o
                0x0800a56c                tcp_echoserver_accept
 .text.tcp_echoserver_sent
                0x0800a6b0       0x28 Src\tcp_echoserver.o
                0x0800a6b0                tcp_echoserver_sent
 .text.check    0x0800a6d8       0x1e Src\tcp_echoserver.o
                0x0800a6d8                check
 *fill*         0x0800a6f6        0x2 
 .text.GetInputs
                0x0800a6f8       0x54 Src\tcp_echoserver.o
                0x0800a6f8                GetInputs
 .text.GetChildCommand
                0x0800a74c       0x30 Src\tcp_echoserver.o
                0x0800a74c                GetChildCommand
 .text.GetDeviceNameLength
                0x0800a77c       0x14 Src\tcp_echoserver.o
                0x0800a77c                GetDeviceNameLength
 .text.IsSame   0x0800a790       0x24 Src\tcp_echoserver.o
                0x0800a790                IsSame
 .text.AnswerToOrder
                0x0800a7b4      0xb54 Src\tcp_echoserver.o
                0x0800a7b4                AnswerToOrder
 .text.tcp_echoserver_recv
                0x0800b308       0xe8 Src\tcp_echoserver.o
                0x0800b308                tcp_echoserver_recv
 .text.Reset_Handler
                0x0800b3f0       0x50 startup\startup_stm32f746xx.o
                0x0800b3f0                Reset_Handler
 .text.Default_Handler
                0x0800b440        0x2 startup\startup_stm32f746xx.o
                0x0800b440                RTC_Alarm_IRQHandler
                0x0800b440                EXTI2_IRQHandler
                0x0800b440                TIM8_CC_IRQHandler
                0x0800b440                DebugMon_Handler
                0x0800b440                UART8_IRQHandler
                0x0800b440                SPI4_IRQHandler
                0x0800b440                TIM1_CC_IRQHandler
                0x0800b440                DMA2_Stream5_IRQHandler
                0x0800b440                HardFault_Handler
                0x0800b440                PVD_IRQHandler
                0x0800b440                TAMP_STAMP_IRQHandler
                0x0800b440                PendSV_Handler
                0x0800b440                NMI_Handler
                0x0800b440                CAN2_RX1_IRQHandler
                0x0800b440                EXTI3_IRQHandler
                0x0800b440                TIM8_TRG_COM_TIM14_IRQHandler
                0x0800b440                TIM1_UP_TIM10_IRQHandler
                0x0800b440                TIM8_UP_TIM13_IRQHandler
                0x0800b440                I2C3_ER_IRQHandler
                0x0800b440                EXTI0_IRQHandler
                0x0800b440                I2C2_EV_IRQHandler
                0x0800b440                DMA1_Stream2_IRQHandler
                0x0800b440                CAN1_RX0_IRQHandler
                0x0800b440                FPU_IRQHandler
                0x0800b440                OTG_HS_WKUP_IRQHandler
                0x0800b440                UsageFault_Handler
                0x0800b440                LTDC_ER_IRQHandler
                0x0800b440                CAN2_SCE_IRQHandler
                0x0800b440                DMA2_Stream2_IRQHandler
                0x0800b440                SPI1_IRQHandler
                0x0800b440                TIM6_DAC_IRQHandler
                0x0800b440                TIM1_BRK_TIM9_IRQHandler
                0x0800b440                DCMI_IRQHandler
                0x0800b440                CAN2_RX0_IRQHandler
                0x0800b440                DMA2_Stream3_IRQHandler
                0x0800b440                SAI2_IRQHandler
                0x0800b440                USART3_IRQHandler
                0x0800b440                CAN1_RX1_IRQHandler
                0x0800b440                UART5_IRQHandler
                0x0800b440                TIM4_IRQHandler
                0x0800b440                QUADSPI_IRQHandler
                0x0800b440                I2C1_EV_IRQHandler
                0x0800b440                DMA1_Stream1_IRQHandler
                0x0800b440                UART4_IRQHandler
                0x0800b440                TIM3_IRQHandler
                0x0800b440                RCC_IRQHandler
                0x0800b440                TIM8_BRK_TIM12_IRQHandler
                0x0800b440                Default_Handler
                0x0800b440                CEC_IRQHandler
                0x0800b440                EXTI15_10_IRQHandler
                0x0800b440                DMA1_Stream7_IRQHandler
                0x0800b440                SPI5_IRQHandler
                0x0800b440                TIM7_IRQHandler
                0x0800b440                SDMMC1_IRQHandler
                0x0800b440                CAN2_TX_IRQHandler
                0x0800b440                TIM5_IRQHandler
                0x0800b440                DMA2_Stream7_IRQHandler
                0x0800b440                I2C3_EV_IRQHandler
                0x0800b440                EXTI9_5_IRQHandler
                0x0800b440                RTC_WKUP_IRQHandler
                0x0800b440                LTDC_IRQHandler
                0x0800b440                SPDIF_RX_IRQHandler
                0x0800b440                SPI2_IRQHandler
                0x0800b440                OTG_HS_EP1_IN_IRQHandler
                0x0800b440                MemManage_Handler
                0x0800b440                DMA1_Stream0_IRQHandler
                0x0800b440                CAN1_TX_IRQHandler
                0x0800b440                SVC_Handler
                0x0800b440                EXTI4_IRQHandler
                0x0800b440                RNG_IRQHandler
                0x0800b440                OTG_HS_EP1_OUT_IRQHandler
                0x0800b440                WWDG_IRQHandler
                0x0800b440                SPI6_IRQHandler
                0x0800b440                I2C4_EV_IRQHandler
                0x0800b440                TIM2_IRQHandler
                0x0800b440                OTG_FS_WKUP_IRQHandler
                0x0800b440                TIM1_TRG_COM_TIM11_IRQHandler
                0x0800b440                OTG_HS_IRQHandler
                0x0800b440                DMA2D_IRQHandler
                0x0800b440                EXTI1_IRQHandler
                0x0800b440                UART7_IRQHandler
                0x0800b440                I2C2_ER_IRQHandler
                0x0800b440                DMA2_Stream1_IRQHandler
                0x0800b440                CAN1_SCE_IRQHandler
                0x0800b440                FLASH_IRQHandler
                0x0800b440                DMA2_Stream4_IRQHandler
                0x0800b440                BusFault_Handler
                0x0800b440                USART1_IRQHandler
                0x0800b440                OTG_FS_IRQHandler
                0x0800b440                SPI3_IRQHandler
                0x0800b440                DMA1_Stream4_IRQHandler
                0x0800b440                I2C1_ER_IRQHandler
                0x0800b440                FMC_IRQHandler
                0x0800b440                LPTIM1_IRQHandler
                0x0800b440                I2C4_ER_IRQHandler
                0x0800b440                DMA2_Stream6_IRQHandler
                0x0800b440                SAI1_IRQHandler
                0x0800b440                DMA1_Stream3_IRQHandler
 .text.atoi     0x0800b442        0x8 c:/program files (x86)/atollic/truestudio for stm32 9.0.0/armtools/bin/../lib/gcc/arm-atollic-eabi/6.3.1/../../../../arm-atollic-eabi/lib/armv7e-m/fpu/fpv5-sp-d16\libc_nano.a(lib_a-atoi.o)
                0x0800b442                atoi
 *fill*         0x0800b44a        0x2 
 .text.__libc_init_array
                0x0800b44c       0x48 c:/program files (x86)/atollic/truestudio for stm32 9.0.0/armtools/bin/../lib/gcc/arm-atollic-eabi/6.3.1/../../../../arm-atollic-eabi/lib/armv7e-m/fpu/fpv5-sp-d16\libc_nano.a(lib_a-init.o)
                0x0800b44c                __libc_init_array
 .text.memcmp   0x0800b494       0x1e c:/program files (x86)/atollic/truestudio for stm32 9.0.0/armtools/bin/../lib/gcc/arm-atollic-eabi/6.3.1/../../../../arm-atollic-eabi/lib/armv7e-m/fpu/fpv5-sp-d16\libc_nano.a(lib_a-memcmp.o)
                0x0800b494                memcmp
 .text.memcpy   0x0800b4b2       0x16 c:/program files (x86)/atollic/truestudio for stm32 9.0.0/armtools/bin/../lib/gcc/arm-atollic-eabi/6.3.1/../../../../arm-atollic-eabi/lib/armv7e-m/fpu/fpv5-sp-d16\libc_nano.a(lib_a-memcpy-stub.o)
                0x0800b4b2                memcpy
 .text.memset   0x0800b4c8       0x10 c:/program files (x86)/atollic/truestudio for stm32 9.0.0/armtools/bin/../lib/gcc/arm-atollic-eabi/6.3.1/../../../../arm-atollic-eabi/lib/armv7e-m/fpu/fpv5-sp-d16\libc_nano.a(lib_a-memset.o)
                0x0800b4c8                memset
 .text.strcpy   0x0800b4d8       0x10 c:/program files (x86)/atollic/truestudio for stm32 9.0.0/armtools/bin/../lib/gcc/arm-atollic-eabi/6.3.1/../../../../arm-atollic-eabi/lib/armv7e-m/fpu/fpv5-sp-d16\libc_nano.a(lib_a-strcpy.o)
                0x0800b4d8                strcpy
 .text.strncmp  0x0800b4e8       0x24 c:/program files (x86)/atollic/truestudio for stm32 9.0.0/armtools/bin/../lib/gcc/arm-atollic-eabi/6.3.1/../../../../arm-atollic-eabi/lib/armv7e-m/fpu/fpv5-sp-d16\libc_nano.a(lib_a-strncmp.o)
                0x0800b4e8                strncmp
 .text.strtok   0x0800b50c       0x54 c:/program files (x86)/atollic/truestudio for stm32 9.0.0/armtools/bin/../lib/gcc/arm-atollic-eabi/6.3.1/../../../../arm-atollic-eabi/lib/armv7e-m/fpu/fpv5-sp-d16\libc_nano.a(lib_a-strtok.o)
                0x0800b50c                strtok
 .text.__strtok_r
                0x0800b560       0x52 c:/program files (x86)/atollic/truestudio for stm32 9.0.0/armtools/bin/../lib/gcc/arm-atollic-eabi/6.3.1/../../../../arm-atollic-eabi/lib/armv7e-m/fpu/fpv5-sp-d16\libc_nano.a(lib_a-strtok_r.o)
                0x0800b560                __strtok_r
 .text._strtol_l.isra.0
                0x0800b5b2      0x100 c:/program files (x86)/atollic/truestudio for stm32 9.0.0/armtools/bin/../lib/gcc/arm-atollic-eabi/6.3.1/../../../../arm-atollic-eabi/lib/armv7e-m/fpu/fpv5-sp-d16\libc_nano.a(lib_a-strtol.o)
 *fill*         0x0800b6b2        0x2 
 .text.strtol   0x0800b6b4       0x2c c:/program files (x86)/atollic/truestudio for stm32 9.0.0/armtools/bin/../lib/gcc/arm-atollic-eabi/6.3.1/../../../../arm-atollic-eabi/lib/armv7e-m/fpu/fpv5-sp-d16\libc_nano.a(lib_a-strtol.o)
                0x0800b6b4                strtol
 .text.__locale_ctype_ptr_l
                0x0800b6e0        0x6 c:/program files (x86)/atollic/truestudio for stm32 9.0.0/armtools/bin/../lib/gcc/arm-atollic-eabi/6.3.1/../../../../arm-atollic-eabi/lib/armv7e-m/fpu/fpv5-sp-d16\libc_nano.a(lib_a-locale.o)
                0x0800b6e0                __locale_ctype_ptr_l
 *fill*         0x0800b6e6        0x2 
 .text.malloc   0x0800b6e8       0x10 c:/program files (x86)/atollic/truestudio for stm32 9.0.0/armtools/bin/../lib/gcc/arm-atollic-eabi/6.3.1/../../../../arm-atollic-eabi/lib/armv7e-m/fpu/fpv5-sp-d16\libc_nano.a(lib_a-malloc.o)
                0x0800b6e8                malloc
 .text.__ascii_mbtowc
                0x0800b6f8       0x24 c:/program files (x86)/atollic/truestudio for stm32 9.0.0/armtools/bin/../lib/gcc/arm-atollic-eabi/6.3.1/../../../../arm-atollic-eabi/lib/armv7e-m/fpu/fpv5-sp-d16\libc_nano.a(lib_a-mbtowc_r.o)
                0x0800b6f8                __ascii_mbtowc
 .text._malloc_r
                0x0800b71c       0xbc c:/program files (x86)/atollic/truestudio for stm32 9.0.0/armtools/bin/../lib/gcc/arm-atollic-eabi/6.3.1/../../../../arm-atollic-eabi/lib/armv7e-m/fpu/fpv5-sp-d16\libc_nano.a(lib_a-nano-mallocr.o)
                0x0800b71c                _malloc_r
 .text._sbrk_r  0x0800b7d8       0x20 c:/program files (x86)/atollic/truestudio for stm32 9.0.0/armtools/bin/../lib/gcc/arm-atollic-eabi/6.3.1/../../../../arm-atollic-eabi/lib/armv7e-m/fpu/fpv5-sp-d16\libc_nano.a(lib_a-sbrkr.o)
                0x0800b7d8                _sbrk_r
 .text.__ascii_wctomb
                0x0800b7f8       0x1a c:/program files (x86)/atollic/truestudio for stm32 9.0.0/armtools/bin/../lib/gcc/arm-atollic-eabi/6.3.1/../../../../arm-atollic-eabi/lib/armv7e-m/fpu/fpv5-sp-d16\libc_nano.a(lib_a-wctomb_r.o)
                0x0800b7f8                __ascii_wctomb
 .text.__malloc_lock
                0x0800b812        0x2 c:/program files (x86)/atollic/truestudio for stm32 9.0.0/armtools/bin/../lib/gcc/arm-atollic-eabi/6.3.1/../../../../arm-atollic-eabi/lib/armv7e-m/fpu/fpv5-sp-d16\libc_nano.a(lib_a-mlock.o)
                0x0800b812                __malloc_lock
 .text.__malloc_unlock
                0x0800b814        0x2 c:/program files (x86)/atollic/truestudio for stm32 9.0.0/armtools/bin/../lib/gcc/arm-atollic-eabi/6.3.1/../../../../arm-atollic-eabi/lib/armv7e-m/fpu/fpv5-sp-d16\libc_nano.a(lib_a-mlock.o)
                0x0800b814                __malloc_unlock
 *fill*         0x0800b816        0x2 
 .text._sbrk    0x0800b818       0x1c c:/program files (x86)/atollic/truestudio for stm32 9.0.0/armtools/bin/../lib/gcc/arm-atollic-eabi/6.3.1/../../../../arm-atollic-eabi/lib/armv7e-m/fpu/fpv5-sp-d16\libnosys.a(sbrk.o)
                0x0800b818                _sbrk
 *(.glue_7)
 .glue_7        0x0800b834        0x0 linker stubs
 *(.glue_7t)
 .glue_7t       0x0800b834        0x0 linker stubs
 *(.eh_frame)
 .eh_frame      0x0800b834        0x0 c:/program files (x86)/atollic/truestudio for stm32 9.0.0/armtools/bin/../lib/gcc/arm-atollic-eabi/6.3.1/armv7e-m/fpu/fpv5-sp-d16/crtbegin.o
 *(.init)
 .init          0x0800b834        0x4 c:/program files (x86)/atollic/truestudio for stm32 9.0.0/armtools/bin/../lib/gcc/arm-atollic-eabi/6.3.1/armv7e-m/fpu/fpv5-sp-d16/crti.o
                0x0800b834                _init
 .init          0x0800b838        0x8 c:/program files (x86)/atollic/truestudio for stm32 9.0.0/armtools/bin/../lib/gcc/arm-atollic-eabi/6.3.1/armv7e-m/fpu/fpv5-sp-d16/crtn.o
 *(.fini)
 .fini          0x0800b840        0x4 c:/program files (x86)/atollic/truestudio for stm32 9.0.0/armtools/bin/../lib/gcc/arm-atollic-eabi/6.3.1/armv7e-m/fpu/fpv5-sp-d16/crti.o
                0x0800b840                _fini
 .fini          0x0800b844        0x8 c:/program files (x86)/atollic/truestudio for stm32 9.0.0/armtools/bin/../lib/gcc/arm-atollic-eabi/6.3.1/armv7e-m/fpu/fpv5-sp-d16/crtn.o
                0x0800b84c                . = ALIGN (0x4)
                0x0800b84c                _etext = .

.vfp11_veneer   0x0800b84c        0x0
 .vfp11_veneer  0x0800b84c        0x0 linker stubs

.v4_bx          0x0800b84c        0x0
 .v4_bx         0x0800b84c        0x0 linker stubs

.iplt           0x0800b84c        0x0
 .iplt          0x0800b84c        0x0 c:/program files (x86)/atollic/truestudio for stm32 9.0.0/armtools/bin/../lib/gcc/arm-atollic-eabi/6.3.1/armv7e-m/fpu/fpv5-sp-d16/crtbegin.o

.rodata         0x0800b84c      0x508
                0x0800b84c                . = ALIGN (0x4)
 *(.rodata)
 .rodata        0x0800b84c       0x2a Src\main.o
 *(.rodata*)
 .rodata.flagBitshiftOffset.10793
                0x0800b876        0x8 Drivers\STM32F7xx_HAL_Driver\Src\stm32f7xx_hal_dma.o
 .rodata.CSWTCH.38
                0x0800b87e        0x4 Drivers\STM32F7xx_HAL_Driver\Src\stm32f7xx_hal_uart.o
 .rodata.CSWTCH.39
                0x0800b882        0xd Drivers\STM32F7xx_HAL_Driver\Src\stm32f7xx_hal_uart.o
 *fill*         0x0800b88f        0x1 
 .rodata.ip_addr_any
                0x0800b890        0x4 Middlewares\Third_Party\LwIP\src\core\ipv4\ip4_addr.o
                0x0800b890                ip_addr_any
 .rodata.memp_FRAG_PBUF
                0x0800b894        0xc Middlewares\Third_Party\LwIP\src\core\memp.o
                0x0800b894                memp_FRAG_PBUF
 .rodata.memp_PBUF
                0x0800b8a0        0xc Middlewares\Third_Party\LwIP\src\core\memp.o
                0x0800b8a0                memp_PBUF
 .rodata.memp_PBUF_POOL
                0x0800b8ac        0xc Middlewares\Third_Party\LwIP\src\core\memp.o
                0x0800b8ac                memp_PBUF_POOL
 .rodata.memp_REASSDATA
                0x0800b8b8        0xc Middlewares\Third_Party\LwIP\src\core\memp.o
                0x0800b8b8                memp_REASSDATA
 .rodata.memp_SYS_TIMEOUT
                0x0800b8c4        0xc Middlewares\Third_Party\LwIP\src\core\memp.o
                0x0800b8c4                memp_SYS_TIMEOUT
 .rodata.memp_TCP_PCB
                0x0800b8d0        0xc Middlewares\Third_Party\LwIP\src\core\memp.o
                0x0800b8d0                memp_TCP_PCB
 .rodata.memp_TCP_PCB_LISTEN
                0x0800b8dc        0xc Middlewares\Third_Party\LwIP\src\core\memp.o
                0x0800b8dc                memp_TCP_PCB_LISTEN
 .rodata.memp_TCP_SEG
                0x0800b8e8        0xc Middlewares\Third_Party\LwIP\src\core\memp.o
                0x0800b8e8                memp_TCP_SEG
 .rodata.memp_UDP_PCB
                0x0800b8f4        0xc Middlewares\Third_Party\LwIP\src\core\memp.o
                0x0800b8f4                memp_UDP_PCB
 .rodata.memp_pools
                0x0800b900       0x24 Middlewares\Third_Party\LwIP\src\core\memp.o
                0x0800b900                memp_pools
 .rodata.tcp_backoff
                0x0800b924        0xd Middlewares\Third_Party\LwIP\src\core\tcp.o
 *fill*         0x0800b931        0x3 
 .rodata.tcp_pcb_lists
                0x0800b934       0x10 Middlewares\Third_Party\LwIP\src\core\tcp.o
                0x0800b934                tcp_pcb_lists
 .rodata.tcp_persist_backoff
                0x0800b944        0x7 Middlewares\Third_Party\LwIP\src\core\tcp.o
 *fill*         0x0800b94b        0x1 
 .rodata.lwip_cyclic_timers
                0x0800b94c       0x18 Middlewares\Third_Party\LwIP\src\core\timeouts.o
                0x0800b94c                lwip_cyclic_timers
 .rodata.ethbroadcast
                0x0800b964        0x6 Middlewares\Third_Party\LwIP\src\netif\ethernet.o
                0x0800b964                ethbroadcast
 .rodata.ethzero
                0x0800b96a        0x6 Middlewares\Third_Party\LwIP\src\netif\ethernet.o
                0x0800b96a                ethzero
 .rodata.AHBPrescTable
                0x0800b970       0x10 Src\system_stm32f7xx.o
                0x0800b970                AHBPrescTable
 .rodata.APBPrescTable
                0x0800b980        0x8 Src\system_stm32f7xx.o
                0x0800b980                APBPrescTable
 .rodata.AnswerToOrder.str1.1
                0x0800b988      0x2bd Src\tcp_echoserver.o
 .rodata.GetInputs.str1.1
                0x0800bc45        0x4 Src\tcp_echoserver.o
 .rodata._setlocale_r.str1.1
                0x0800bc49        0x8 c:/program files (x86)/atollic/truestudio for stm32 9.0.0/armtools/bin/../lib/gcc/arm-atollic-eabi/6.3.1/../../../../arm-atollic-eabi/lib/armv7e-m/fpu/fpv5-sp-d16\libc_nano.a(lib_a-locale.o)
                                  0x9 (size before relaxing)
 .rodata.str1.1
                0x0800bc51        0x8 c:/program files (x86)/atollic/truestudio for stm32 9.0.0/armtools/bin/../lib/gcc/arm-atollic-eabi/6.3.1/../../../../arm-atollic-eabi/lib/armv7e-m/fpu/fpv5-sp-d16\libc_nano.a(lib_a-locale.o)
                                  0x2 (size before relaxing)
 .rodata._ctype_
                0x0800bc51      0x101 c:/program files (x86)/atollic/truestudio for stm32 9.0.0/armtools/bin/../lib/gcc/arm-atollic-eabi/6.3.1/../../../../arm-atollic-eabi/lib/armv7e-m/fpu/fpv5-sp-d16\libc_nano.a(lib_a-ctype_.o)
                0x0800bc51                _ctype_
                0x0800bd54                . = ALIGN (0x4)
 *fill*         0x0800bd52        0x2 

.rel.dyn        0x0800bd54        0x0
 .rel.iplt      0x0800bd54        0x0 c:/program files (x86)/atollic/truestudio for stm32 9.0.0/armtools/bin/../lib/gcc/arm-atollic-eabi/6.3.1/armv7e-m/fpu/fpv5-sp-d16/crtbegin.o

.ARM.extab
 *(.ARM.extab* .gnu.linkonce.armextab.*)

.ARM            0x0800bd54        0x0
                0x0800bd54                __exidx_start = .
 *(.ARM.exidx*)
                0x0800bd54                __exidx_end = .

.preinit_array  0x0800bd54        0x0
                0x0800bd54                PROVIDE (__preinit_array_start, .)
 *(.preinit_array*)
                0x0800bd54                PROVIDE (__preinit_array_end, .)

.init_array     0x0800bd54        0x4
                0x0800bd54                PROVIDE (__init_array_start, .)
 *(SORT(.init_array.*))
 *(.init_array*)
 .init_array    0x0800bd54        0x4 c:/program files (x86)/atollic/truestudio for stm32 9.0.0/armtools/bin/../lib/gcc/arm-atollic-eabi/6.3.1/armv7e-m/fpu/fpv5-sp-d16/crtbegin.o
                0x0800bd58                PROVIDE (__init_array_end, .)

.fini_array     0x0800bd58        0x4
                [!provide]                PROVIDE (__fini_array_start, .)
 *(SORT(.fini_array.*))
 *(.fini_array*)
 .fini_array    0x0800bd58        0x4 c:/program files (x86)/atollic/truestudio for stm32 9.0.0/armtools/bin/../lib/gcc/arm-atollic-eabi/6.3.1/armv7e-m/fpu/fpv5-sp-d16/crtbegin.o
                [!provide]                PROVIDE (__fini_array_end, .)
                0x0800bd5c                _sidata = LOADADDR (.data)

.data           0x20000000      0x1f8 load address 0x0800bd5c
                0x20000000                . = ALIGN (0x4)
                0x20000000                _sdata = .
 *(.data)
 *(.data*)
 .data.iss.12060
                0x20000000        0x4 Middlewares\Third_Party\LwIP\src\core\tcp.o
 .data.tcp_port
                0x20000004        0x2 Middlewares\Third_Party\LwIP\src\core\tcp.o
 .data.udp_port
                0x20000006        0x2 Middlewares\Third_Party\LwIP\src\core\udp.o
 .data.ADCBUFFER_SIZE
                0x20000008        0x4 Src\main.o
                0x20000008                ADCBUFFER_SIZE
 .data.mainloop
                0x2000000c        0x2 Src\main.o
                0x2000000c                mainloop
 .data.mainloopp
                0x2000000e        0x2 Src\main.o
                0x2000000e                mainloopp
 .data.multiply
                0x20000010        0x4 Src\main.o
                0x20000010                multiply
 .data.multiply_count
                0x20000014        0x4 Src\main.o
                0x20000014                multiply_count
 .data.windowsize
                0x20000018        0x4 Src\main.o
                0x20000018                windowsize
 .data.wnx      0x2000001c        0x4 Src\main.o
                0x2000001c                wnx
 .data.wny      0x20000020        0x4 Src\main.o
                0x20000020                wny
 .data.SystemCoreClock
                0x20000024        0x4 Src\system_stm32f7xx.o
                0x20000024                SystemCoreClock
 .data._impure_ptr
                0x20000028        0x4 c:/program files (x86)/atollic/truestudio for stm32 9.0.0/armtools/bin/../lib/gcc/arm-atollic-eabi/6.3.1/../../../../arm-atollic-eabi/lib/armv7e-m/fpu/fpv5-sp-d16\libc_nano.a(lib_a-impure.o)
                0x20000028                _impure_ptr
 .data.impure_data
                0x2000002c       0x60 c:/program files (x86)/atollic/truestudio for stm32 9.0.0/armtools/bin/../lib/gcc/arm-atollic-eabi/6.3.1/../../../../arm-atollic-eabi/lib/armv7e-m/fpu/fpv5-sp-d16\libc_nano.a(lib_a-impure.o)
 .data.__global_locale
                0x2000008c      0x16c c:/program files (x86)/atollic/truestudio for stm32 9.0.0/armtools/bin/../lib/gcc/arm-atollic-eabi/6.3.1/../../../../arm-atollic-eabi/lib/armv7e-m/fpu/fpv5-sp-d16\libc_nano.a(lib_a-locale.o)
                0x2000008c                __global_locale
                0x200001f8                . = ALIGN (0x4)
                0x200001f8                _edata = .

.igot.plt       0x200001f8        0x0 load address 0x0800bf54
 .igot.plt      0x200001f8        0x0 c:/program files (x86)/atollic/truestudio for stm32 9.0.0/armtools/bin/../lib/gcc/arm-atollic-eabi/6.3.1/armv7e-m/fpu/fpv5-sp-d16/crtbegin.o
                0x200001f8                . = ALIGN (0x4)

.bss            0x200001f8    0x10198 load address 0x0800bf54
                0x200001f8                _sbss = .
                0x200001f8                __bss_start__ = _sbss
 *(.bss)
 .bss           0x200001f8       0x1c c:/program files (x86)/atollic/truestudio for stm32 9.0.0/armtools/bin/../lib/gcc/arm-atollic-eabi/6.3.1/armv7e-m/fpu/fpv5-sp-d16/crtbegin.o
 *(.bss*)
 .bss.arp_table
                0x20000214       0xf0 Middlewares\Third_Party\LwIP\src\core\ipv4\etharp.o
 .bss.etharp_cached_entry
                0x20000304        0x1 Middlewares\Third_Party\LwIP\src\core\ipv4\etharp.o
 *fill*         0x20000305        0x1 
 .bss.ip_id     0x20000306        0x2 Middlewares\Third_Party\LwIP\src\core\ipv4\ip4.o
 .bss.ip_reass_pbufcount
                0x20000308        0x2 Middlewares\Third_Party\LwIP\src\core\ipv4\ip4_frag.o
 *fill*         0x2000030a        0x2 
 .bss.reassdatagrams
                0x2000030c        0x4 Middlewares\Third_Party\LwIP\src\core\ipv4\ip4_frag.o
 .bss.lfree     0x20000310        0x4 Middlewares\Third_Party\LwIP\src\core\mem.o
 .bss.ram       0x20000314        0x4 Middlewares\Third_Party\LwIP\src\core\mem.o
 .bss.ram_end   0x20000318        0x4 Middlewares\Third_Party\LwIP\src\core\mem.o
 .bss.memp_tab_FRAG_PBUF
                0x2000031c        0x4 Middlewares\Third_Party\LwIP\src\core\memp.o
 .bss.memp_tab_PBUF
                0x20000320        0x4 Middlewares\Third_Party\LwIP\src\core\memp.o
 .bss.memp_tab_PBUF_POOL
                0x20000324        0x4 Middlewares\Third_Party\LwIP\src\core\memp.o
 .bss.memp_tab_REASSDATA
                0x20000328        0x4 Middlewares\Third_Party\LwIP\src\core\memp.o
 .bss.memp_tab_SYS_TIMEOUT
                0x2000032c        0x4 Middlewares\Third_Party\LwIP\src\core\memp.o
 .bss.memp_tab_TCP_PCB
                0x20000330        0x4 Middlewares\Third_Party\LwIP\src\core\memp.o
 .bss.memp_tab_TCP_PCB_LISTEN
                0x20000334        0x4 Middlewares\Third_Party\LwIP\src\core\memp.o
 .bss.memp_tab_TCP_SEG
                0x20000338        0x4 Middlewares\Third_Party\LwIP\src\core\memp.o
 .bss.memp_tab_UDP_PCB
                0x2000033c        0x4 Middlewares\Third_Party\LwIP\src\core\memp.o
 .bss.netif_num
                0x20000340        0x1 Middlewares\Third_Party\LwIP\src\core\netif.o
 .bss.tcp_timer
                0x20000341        0x1 Middlewares\Third_Party\LwIP\src\core\tcp.o
 .bss.tcp_timer_ctr
                0x20000342        0x1 Middlewares\Third_Party\LwIP\src\core\tcp.o
 *fill*         0x20000343        0x1 
 .bss.ackno     0x20000344        0x4 Middlewares\Third_Party\LwIP\src\core\tcp_in.o
 .bss.flags     0x20000348        0x1 Middlewares\Third_Party\LwIP\src\core\tcp_in.o
 *fill*         0x20000349        0x3 
 .bss.inseg     0x2000034c       0x10 Middlewares\Third_Party\LwIP\src\core\tcp_in.o
 .bss.recv_acked
                0x2000035c        0x2 Middlewares\Third_Party\LwIP\src\core\tcp_in.o
 *fill*         0x2000035e        0x2 
 .bss.recv_data
                0x20000360        0x4 Middlewares\Third_Party\LwIP\src\core\tcp_in.o
 .bss.recv_flags
                0x20000364        0x1 Middlewares\Third_Party\LwIP\src\core\tcp_in.o
 *fill*         0x20000365        0x3 
 .bss.seqno     0x20000368        0x4 Middlewares\Third_Party\LwIP\src\core\tcp_in.o
 .bss.tcp_optidx
                0x2000036c        0x2 Middlewares\Third_Party\LwIP\src\core\tcp_in.o
 *fill*         0x2000036e        0x2 
 .bss.tcphdr    0x20000370        0x4 Middlewares\Third_Party\LwIP\src\core\tcp_in.o
 .bss.tcphdr_opt1len
                0x20000374        0x2 Middlewares\Third_Party\LwIP\src\core\tcp_in.o
 *fill*         0x20000376        0x2 
 .bss.tcphdr_opt2
                0x20000378        0x4 Middlewares\Third_Party\LwIP\src\core\tcp_in.o
 .bss.tcphdr_optlen
                0x2000037c        0x2 Middlewares\Third_Party\LwIP\src\core\tcp_in.o
 .bss.tcplen    0x2000037e        0x2 Middlewares\Third_Party\LwIP\src\core\tcp_in.o
 .bss.next_timeout
                0x20000380        0x4 Middlewares\Third_Party\LwIP\src\core\timeouts.o
 .bss.tcpip_tcp_timer_active
                0x20000384        0x4 Middlewares\Third_Party\LwIP\src\core\timeouts.o
 .bss.timeouts_last_time
                0x20000388        0x4 Middlewares\Third_Party\LwIP\src\core\timeouts.o
 .bss.ADC1_CHANNEL
                0x2000038c        0x4 Src\main.o
                0x2000038c                ADC1_CHANNEL
 .bss.ADC1_SAMPLETIME
                0x20000390        0x4 Src\main.o
                0x20000390                ADC1_SAMPLETIME
 .bss.AcquireCnt
                0x20000394        0x4 Src\main.o
                0x20000394                AcquireCnt
 .bss.AcquireNumber
                0x20000398        0x4 Src\main.o
                0x20000398                AcquireNumber
 .bss.Dac_x     0x2000039c        0x4 Src\main.o
                0x2000039c                Dac_x
 .bss.Dac_y     0x200003a0        0x4 Src\main.o
                0x200003a0                Dac_y
 .bss.MuxSel0_2_data
                0x200003a4        0x1 Src\main.o
                0x200003a4                MuxSel0_2_data
 .bss.MuxSel1_3_data
                0x200003a5        0x1 Src\main.o
                0x200003a5                MuxSel1_3_data
 *fill*         0x200003a6        0x2 
 .bss.cci       0x200003a8        0x4 Src\main.o
                0x200003a8                cci
 .bss.flag      0x200003ac        0x4 Src\main.o
                0x200003ac                flag
 .bss.flagtcp   0x200003b0        0x4 Src\main.o
                0x200003b0                flagtcp
 .bss.iquad     0x200003b4        0x2 Src\main.o
                0x200003b4                iquad
 *fill*         0x200003b6        0x2 
 .bss.isAcquire
                0x200003b8        0x4 Src\main.o
                0x200003b8                isAcquire
 .bss.isDacTimerOn
                0x200003bc        0x4 Src\main.o
                0x200003bc                isDacTimerOn
 .bss.isReadyToSend
                0x200003c0        0x4 Src\main.o
                0x200003c0                isReadyToSend
 .bss.isSingleShot
                0x200003c4        0x4 Src\main.o
                0x200003c4                isSingleShot
 .bss.isUart2   0x200003c8        0x4 Src\main.o
                0x200003c8                isUart2
 .bss.isUart2ITMode
                0x200003cc        0x4 Src\main.o
                0x200003cc                isUart2ITMode
 .bss.isUart6   0x200003d0        0x4 Src\main.o
                0x200003d0                isUart6
 .bss.isUart6ITMode
                0x200003d4        0x4 Src\main.o
                0x200003d4                isUart6ITMode
 .bss.windowchanged
                0x200003d8        0x4 Src\main.o
                0x200003d8                windowchanged
 .bss.HAL_RCC_CAN1_CLK_ENABLED
                0x200003dc        0x4 Src\stm32f7xx_hal_msp.o
 .bss.SSDotNum  0x200003e0        0x4 Src\tcp_echoserver.o
                0x200003e0                SSDotNum
 .bss.SSiDot    0x200003e4        0x4 Src\tcp_echoserver.o
                0x200003e4                SSiDot
 .bss.__malloc_free_list
                0x200003e8        0x4 c:/program files (x86)/atollic/truestudio for stm32 9.0.0/armtools/bin/../lib/gcc/arm-atollic-eabi/6.3.1/../../../../arm-atollic-eabi/lib/armv7e-m/fpu/fpv5-sp-d16\libc_nano.a(lib_a-nano-mallocr.o)
                0x200003e8                __malloc_free_list
 .bss.__malloc_sbrk_start
                0x200003ec        0x4 c:/program files (x86)/atollic/truestudio for stm32 9.0.0/armtools/bin/../lib/gcc/arm-atollic-eabi/6.3.1/../../../../arm-atollic-eabi/lib/armv7e-m/fpu/fpv5-sp-d16\libc_nano.a(lib_a-nano-mallocr.o)
                0x200003ec                __malloc_sbrk_start
 .bss.heap_end.5239
                0x200003f0        0x4 c:/program files (x86)/atollic/truestudio for stm32 9.0.0/armtools/bin/../lib/gcc/arm-atollic-eabi/6.3.1/../../../../arm-atollic-eabi/lib/armv7e-m/fpu/fpv5-sp-d16\libnosys.a(sbrk.o)
 *(COMMON)
 COMMON         0x200003f4        0x4 Drivers\STM32F7xx_HAL_Driver\Src\stm32f7xx_hal.o
                0x200003f4                uwTick
 COMMON         0x200003f8       0x18 Middlewares\Third_Party\LwIP\src\core\ip.o
                0x200003f8                ip_data
 COMMON         0x20000410     0x8013 Middlewares\Third_Party\LwIP\src\core\mem.o
                0x20000410                ram_heap
 COMMON         0x20008423     0x2c83 Middlewares\Third_Party\LwIP\src\core\memp.o
                0x20008423                memp_memory_TCP_SEG_base
                0x20008526                memp_memory_PBUF_POOL_base
                0x2000ab29                memp_memory_FRAG_PBUF_base
                0x2000ac94                memp_memory_PBUF_base
                0x2000ad97                memp_memory_TCP_PCB_LISTEN_base
                0x2000ae7a                memp_memory_REASSDATA_base
                0x2000af1d                memp_memory_UDP_PCB_base
                0x2000af40                memp_memory_TCP_PCB_base
                0x2000b073                memp_memory_SYS_TIMEOUT_base
 *fill*         0x2000b0a6        0x2 
 COMMON         0x2000b0a8        0x8 Middlewares\Third_Party\LwIP\src\core\netif.o
                0x2000b0a8                netif_list
                0x2000b0ac                netif_default
 COMMON         0x2000b0b0        0x1 Middlewares\Third_Party\LwIP\src\core\pbuf.o
                0x2000b0b0                pbuf_free_ooseq_pending
 *fill*         0x2000b0b1        0x3 
 COMMON         0x2000b0b4       0x18 Middlewares\Third_Party\LwIP\src\core\tcp.o
                0x2000b0b4                tcp_active_pcbs_changed
                0x2000b0b8                tcp_active_pcbs
                0x2000b0bc                tcp_ticks
                0x2000b0c0                tcp_listen_pcbs
                0x2000b0c4                tcp_bound_pcbs
                0x2000b0c8                tcp_tw_pcbs
 COMMON         0x2000b0cc        0x4 Middlewares\Third_Party\LwIP\src\core\tcp_in.o
                0x2000b0cc                tcp_input_pcb
 COMMON         0x2000b0d0        0x4 Middlewares\Third_Party\LwIP\src\core\udp.o
                0x2000b0d0                udp_pcbs
 COMMON         0x2000b0d4     0x30e8 Src\ethernetif.o
                0x2000b0d4                DMATxDscrTab
                0x2000b154                Rx_Buff
                0x2000c924                DMARxDscrTab
                0x2000c9a4                heth
                0x2000c9ec                Tx_Buff
 COMMON         0x2000e1bc       0x48 Src\lwip.o
                0x2000e1bc                GATEWAY_ADDRESS
                0x2000e1c0                gnetif
                0x2000e1f0                ipaddr
                0x2000e1f4                NETMASK_ADDRESS
                0x2000e1f8                IP_ADDRESS
                0x2000e1fc                netmask
                0x2000e200                gw
 COMMON         0x2000e204     0x2140 Src\main.o
                0x2000e204                cc
                0x2000e220                hspi2
                0x2000e284                hspi5
                0x2000e2e8                htim4
                0x2000e328                ADCBuffer1
                0x2000e528                xVoltageBuffer
                0x2000ed28                upcb
                0x2000ed2c                hadc2
                0x2000ed74                Packet
                0x2000ed78                row1
                0x2000ed7c                column
                0x2000ed80                htim5
                0x2000edc0                hspi3
                0x2000ee24                hdma_dac1
                0x2000ee84                wiy
                0x2000ee88                wix
                0x2000ee8c                MyPayload
                0x2000ef0c                hadc1
                0x2000ef54                hcan2
                0x2000ef94                hadc3
                0x2000efdc                hdac
                0x2000eff0                hspi4
                0x2000f054                hdma_adc1
                0x2000f0b4                htim1
                0x2000f0f4                time
                0x2000f0f8                d
                0x2000f2fc                color
                0x2000f300                huart6
                0x2000f370                Row1Bytes
                0x2000f570                buf
                0x2000f5f0                yVoltageBuffer
                0x2000fdf0                htim2
                0x2000fe30                Row2Bytes
                0x20010030                huart2
                0x200100a0                hcan1
                0x200100e0                ADCBuffer0
                0x200102e0                hdma_dac2
                0x20010340                row2
                0x20010342                row
 COMMON         0x20010344       0x46 Src\tcp_echoserver.o
                0x20010344                uRxBuffer
                0x20010348                cammand
                0x2001034c                aRxBuffer
                0x20010368                ans
                0x2001036c                tcp_echoserver_pcb
                0x20010370                aTxBuffer
 *fill*         0x2001038a        0x2 
 COMMON         0x2001038c        0x4 c:/program files (x86)/atollic/truestudio for stm32 9.0.0/armtools/bin/../lib/gcc/arm-atollic-eabi/6.3.1/../../../../arm-atollic-eabi/lib/armv7e-m/fpu/fpv5-sp-d16\libc_nano.a(lib_a-reent.o)
                0x2001038c                errno
                0x20010390                . = ALIGN (0x4)
                0x20010390                _ebss = .
                0x20010390                __bss_end__ = _ebss

._user_heap_stack
                0x20010390      0x600 load address 0x0800bf54
                0x20010390                . = ALIGN (0x4)
                0x20010390                PROVIDE (end, .)
                [!provide]                PROVIDE (_end, .)
                0x20010590                . = (. + _Min_Heap_Size)
 *fill*         0x20010390      0x200 
                0x20010990                . = (. + _Min_Stack_Size)
 *fill*         0x20010590      0x400 
                0x20010990                . = ALIGN (0x4)

/DISCARD/
 libc.a(*)
 libm.a(*)
 libgcc.a(*)

.ARM.attributes
                0x00000000       0x30
 *(.ARM.attributes)
 .ARM.attributes
                0x00000000       0x22 c:/program files (x86)/atollic/truestudio for stm32 9.0.0/armtools/bin/../lib/gcc/arm-atollic-eabi/6.3.1/armv7e-m/fpu/fpv5-sp-d16/crti.o
 .ARM.attributes
                0x00000022       0x34 c:/program files (x86)/atollic/truestudio for stm32 9.0.0/armtools/bin/../lib/gcc/arm-atollic-eabi/6.3.1/armv7e-m/fpu/fpv5-sp-d16/crtbegin.o
 .ARM.attributes
                0x00000056       0x39 Drivers\STM32F7xx_HAL_Driver\Src\stm32f7xx_hal.o
 .ARM.attributes
                0x0000008f       0x39 Drivers\STM32F7xx_HAL_Driver\Src\stm32f7xx_hal_adc.o
 .ARM.attributes
                0x000000c8       0x39 Drivers\STM32F7xx_HAL_Driver\Src\stm32f7xx_hal_adc_ex.o
 .ARM.attributes
                0x00000101       0x39 Drivers\STM32F7xx_HAL_Driver\Src\stm32f7xx_hal_can.o
 .ARM.attributes
                0x0000013a       0x39 Drivers\STM32F7xx_HAL_Driver\Src\stm32f7xx_hal_cortex.o
 .ARM.attributes
                0x00000173       0x39 Drivers\STM32F7xx_HAL_Driver\Src\stm32f7xx_hal_dac.o
 .ARM.attributes
                0x000001ac       0x39 Drivers\STM32F7xx_HAL_Driver\Src\stm32f7xx_hal_dma.o
 .ARM.attributes
                0x000001e5       0x39 Drivers\STM32F7xx_HAL_Driver\Src\stm32f7xx_hal_dma_ex.o
 .ARM.attributes
                0x0000021e       0x39 Drivers\STM32F7xx_HAL_Driver\Src\stm32f7xx_hal_eth.o
 .ARM.attributes
                0x00000257       0x39 Drivers\STM32F7xx_HAL_Driver\Src\stm32f7xx_hal_gpio.o
 .ARM.attributes