stm32f7xx_hal_msp.c:958:13:DMA_ADC1_TransferError	0	static
stm32f7xx_hal_msp.c:953:13:DMA_ADC1_TransferComplete	0	static
stm32f7xx_hal_msp.c:62:6:HAL_MspInit	8	static
stm32f7xx_hal_msp.c:91:6:HAL_ADC_MspInit	48	static
stm32f7xx_hal_msp.c:225:6:HAL_ADC_MspDeInit	8	static
stm32f7xx_hal_msp.c:337:6:HAL_CAN_MspInit	40	static
stm32f7xx_hal_msp.c:397:6:HAL_CAN_MspDeInit	0	static
stm32f7xx_hal_msp.c:446:6:HAL_DAC_MspInit	40	static
stm32f7xx_hal_msp.c:510:6:HAL_DAC_MspDeInit	8	static
stm32f7xx_hal_msp.c:537:6:HAL_SPI_MspInit	48	static
stm32f7xx_hal_msp.c:640:6:HAL_SPI_MspDeInit	0	static
stm32f7xx_hal_msp.c:722:6:HAL_TIM_Base_MspInit	16	static
stm32f7xx_hal_msp.c:761:6:HAL_TIM_MspPostInit	32	static
stm32f7xx_hal_msp.c:788:6:HAL_TIM_Base_MspDeInit	0	static
stm32f7xx_hal_msp.c:827:6:HAL_UART_MspInit	48	static
stm32f7xx_hal_msp.c:902:6:HAL_UART_MspDeInit	8	static
