main.c:1830:7:adc1_dma_callback0	20	static
main.c:1908:7:adc1_dma_callback1	20	static
main.c:605:6:SystemClock_Config	224	static
main.c:1262:6:udp_echoserver_init	8	static
main.c:1287:6:udp_echoserver_receive_callback	24	static
main.c:1309:6:ScanISel	32	static
main.c:1328:6:ScanTrim	32	static
main.c:1322:6:ScanTrimij	0	static
main.c:1346:6:ScanZoomRot	32	static
main.c:1382:6:DetMuxSel	32	static
main.c:1395:6:DetAmpGain	32	static
main.c:1447:6:DetTrim	32	static
main.c:1441:6:DetTrimij	0	static
main.c:1465:6:ScanISel_Init	0	static
main.c:1477:6:ScanZoomRot_Init	0	static
main.c:1470:6:ScanTrim_Init	0	static
main.c:1484:6:DetMuxSel_Init	0	static
main.c:1492:6:DetAmpGain_Init	0	static
main.c:1500:6:DetTrim_Init	0	static
main.c:1507:6:sendhello2	24	static
main.c:1524:6:sendhello6	24	static
main.c:1541:6:dacrange	32	static
main.c:1561:6:SetADC1Channel	24	static
main.c:1573:5:setsignal	16	static
main.c:1677:6:rotate	16	static
main.c:1685:6:zoom	8	static
main.c:1691:6:FreeReceiveBuf2	24	static
main.c:1700:6:FreeReceiveBuf6	24	static
main.c:1709:6:HAL_UART_RxCpltCallback	16	static
main.c:1737:6:HAL_ADC_ConvCpltCallback	0	static
main.c:1816:6:HAL_ADC_ErrorCallback	0	static
main.c:1985:7:windowset	16	static
main.c:201:5:main	176	static
main.c:2089:6:Error_Handler	0	static
