main.c:1852:7:adc1_dma_callback0	20	static
main.c:1930:7:adc1_dma_callback1	20	static
main.c:615:6:SystemClock_Config	224	static
main.c:1272:6:udp_echoserver_init	8	static
main.c:1297:6:udp_echoserver_receive_callback	24	static
main.c:1319:6:ScanISel	32	static
main.c:1338:6:ScanTrim	32	static
main.c:1332:6:ScanTrimij	0	static
main.c:1356:6:ScanZoomRot	32	static
main.c:1392:6:DetMuxSel	32	static
main.c:1405:6:DetAmpGain	32	static
main.c:1457:6:DetTrim	32	static
main.c:1451:6:DetTrimij	0	static
main.c:1475:6:ScanISel_Init	0	static
main.c:1487:6:ScanZoomRot_Init	0	static
main.c:1480:6:ScanTrim_Init	0	static
main.c:1494:6:DetMuxSel_Init	0	static
main.c:1502:6:DetAmpGain_Init	0	static
main.c:1510:6:DetTrim_Init	0	static
main.c:1517:6:sendhello2	24	static
main.c:1534:6:sendhello6	24	static
main.c:1551:6:dacrange	32	static
main.c:1571:6:SetADC1Channel	24	static
main.c:1583:5:setsignal	16	static
main.c:1687:6:rotate	16	static
main.c:1695:6:zoom	8	static
main.c:1701:6:FreeReceiveBuf2	24	static
main.c:1710:6:FreeReceiveBuf6	24	static
main.c:1719:6:HAL_UART_RxCpltCallback	16	static
main.c:1747:6:HAL_USART_ErrorCallback	16	static
main.c:1759:6:HAL_ADC_ConvCpltCallback	0	static
main.c:1838:6:HAL_ADC_ErrorCallback	0	static
main.c:2007:7:windowset	16	static
main.c:202:5:main	176	static
main.c:2113:6:Error_Handler	0	static
