main.c:1856:7:adc1_dma_callback0	20	static
main.c:1934:7:adc1_dma_callback1	20	static
main.c:619:6:SystemClock_Config	224	static
main.c:1276:6:udp_echoserver_init	8	static
main.c:1301:6:udp_echoserver_receive_callback	24	static
main.c:1323:6:ScanISel	32	static
main.c:1342:6:ScanTrim	32	static
main.c:1336:6:ScanTrimij	0	static
main.c:1360:6:ScanZoomRot	32	static
main.c:1396:6:DetMuxSel	32	static
main.c:1409:6:DetAmpGain	32	static
main.c:1461:6:DetTrim	32	static
main.c:1455:6:DetTrimij	0	static
main.c:1479:6:ScanISel_Init	0	static
main.c:1491:6:ScanZoomRot_Init	0	static
main.c:1484:6:ScanTrim_Init	0	static
main.c:1498:6:DetMuxSel_Init	0	static
main.c:1506:6:DetAmpGain_Init	0	static
main.c:1514:6:DetTrim_Init	0	static
main.c:1521:6:sendhello2	24	static
main.c:1538:6:sendhello6	24	static
main.c:1555:6:dacrange	32	static
main.c:1575:6:SetADC1Channel	24	static
main.c:1587:5:setsignal	16	static
main.c:1691:6:rotate	16	static
main.c:1699:6:zoom	8	static
main.c:1705:6:FreeReceiveBuf2	24	static
main.c:1714:6:FreeReceiveBuf6	24	static
main.c:1723:6:HAL_UART_RxCpltCallback	16	static
main.c:1751:6:HAL_USART_ErrorCallback	16	static
main.c:1763:6:HAL_ADC_ConvCpltCallback	0	static
main.c:1842:6:HAL_ADC_ErrorCallback	0	static
main.c:2011:7:windowset	16	static
main.c:201:5:main	176	static
main.c:2117:6:Error_Handler	0	static
