main.c:1841:7:adc1_dma_callback0	20	static
main.c:1919:7:adc1_dma_callback1	20	static
main.c:604:6:SystemClock_Config	224	static
main.c:1261:6:udp_echoserver_init	8	static
main.c:1286:6:udp_echoserver_receive_callback	24	static
main.c:1308:6:ScanISel	32	static
main.c:1327:6:ScanTrim	32	static
main.c:1321:6:ScanTrimij	0	static
main.c:1345:6:ScanZoomRot	32	static
main.c:1381:6:DetMuxSel	32	static
main.c:1394:6:DetAmpGain	32	static
main.c:1446:6:DetTrim	32	static
main.c:1440:6:DetTrimij	0	static
main.c:1464:6:ScanISel_Init	0	static
main.c:1476:6:ScanZoomRot_Init	0	static
main.c:1469:6:ScanTrim_Init	0	static
main.c:1483:6:DetMuxSel_Init	0	static
main.c:1491:6:DetAmpGain_Init	0	static
main.c:1499:6:DetTrim_Init	0	static
main.c:1506:6:sendhello2	24	static
main.c:1523:6:sendhello6	24	static
main.c:1540:6:dacrange	32	static
main.c:1560:6:SetADC1Channel	24	static
main.c:1572:5:setsignal	16	static
main.c:1676:6:rotate	16	static
main.c:1684:6:zoom	8	static
main.c:1690:6:FreeReceiveBuf2	24	static
main.c:1699:6:FreeReceiveBuf6	24	static
main.c:1708:6:HAL_UART_RxCpltCallback	16	static
main.c:1736:6:HAL_USART_ErrorCallback	16	static
main.c:1748:6:HAL_ADC_ConvCpltCallback	0	static
main.c:1827:6:HAL_ADC_ErrorCallback	0	static
main.c:1996:7:windowset	16	static
main.c:202:5:main	176	static
main.c:2102:6:Error_Handler	0	static
