stm32f7xx_hal_spi.c:3387:26:SPI_WaitFifoStateUntilTimeout.part.1	0	static
stm32f7xx_hal_spi.c:3335:26:SPI_WaitFlagStateUntilTimeout.constprop	16	static
stm32f7xx_hal_spi.c:3387:26:SPI_WaitFifoStateUntilTimeout.constprop	32	static
stm32f7xx_hal_spi.c:3648:13:SPI_AbortRx_ISR	16	static
stm32f7xx_hal_spi.c:3481:26:SPI_EndRxTxTransaction	16	static
stm32f7xx_hal_spi.c:3690:13:SPI_AbortTx_ISR	16	static
stm32f7xx_hal_spi.c:3446:26:SPI_EndRxTransaction	24	static
stm32f7xx_hal_spi.c:424:13:HAL_SPI_MspInit	0	static
stm32f7xx_hal_spi.c:265:19:HAL_SPI_Init	16	static
stm32f7xx_hal_spi.c:440:13:HAL_SPI_MspDeInit	0	static
stm32f7xx_hal_spi.c:390:19:HAL_SPI_DeInit	8	static
stm32f7xx_hal_spi.c:496:19:HAL_SPI_Transmit	32	static
stm32f7xx_hal_spi.c:885:19:HAL_SPI_TransmitReceive	32	static
stm32f7xx_hal_spi.c:654:19:HAL_SPI_Receive	32	static
stm32f7xx_hal_spi.c:1167:19:HAL_SPI_Transmit_IT	0	static
stm32f7xx_hal_spi.c:1355:19:HAL_SPI_TransmitReceive_IT	12	static
stm32f7xx_hal_spi.c:1250:19:HAL_SPI_Receive_IT	12	static
stm32f7xx_hal_spi.c:1462:19:HAL_SPI_Transmit_DMA	8	static
stm32f7xx_hal_spi.c:1689:19:HAL_SPI_TransmitReceive_DMA	16	static
stm32f7xx_hal_spi.c:1572:19:HAL_SPI_Receive_DMA	16	static
stm32f7xx_hal_spi.c:1856:19:HAL_SPI_Abort	24	static
stm32f7xx_hal_spi.c:2170:19:HAL_SPI_DMAPause	0	static
stm32f7xx_hal_spi.c:2190:19:HAL_SPI_DMAResume	0	static
stm32f7xx_hal_spi.c:2210:19:HAL_SPI_DMAStop	8	static
stm32f7xx_hal_spi.c:2337:13:HAL_SPI_TxCpltCallback	0	static
stm32f7xx_hal_spi.c:2353:13:HAL_SPI_RxCpltCallback	0	static
stm32f7xx_hal_spi.c:2369:13:HAL_SPI_TxRxCpltCallback	0	static
stm32f7xx_hal_spi.c:2385:13:HAL_SPI_TxHalfCpltCallback	0	static
stm32f7xx_hal_spi.c:2746:13:SPI_DMAHalfTransmitCplt	8	static
stm32f7xx_hal_spi.c:2401:13:HAL_SPI_RxHalfCpltCallback	0	static
stm32f7xx_hal_spi.c:2759:13:SPI_DMAHalfReceiveCplt	8	static
stm32f7xx_hal_spi.c:2417:13:HAL_SPI_TxRxHalfCpltCallback	0	static
stm32f7xx_hal_spi.c:2772:13:SPI_DMAHalfTransmitReceiveCplt	8	static
stm32f7xx_hal_spi.c:2433:13:HAL_SPI_ErrorCallback	0	static
stm32f7xx_hal_spi.c:3609:13:SPI_CloseTx_ISR	16	static
stm32f7xx_hal_spi.c:3281:13:SPI_TxISR_8BIT	4	static
stm32f7xx_hal_spi.c:3305:13:SPI_TxISR_16BIT	4	static
stm32f7xx_hal_spi.c:3567:13:SPI_CloseRx_ISR	8	static
stm32f7xx_hal_spi.c:3192:13:SPI_RxISR_8BIT	0	static
stm32f7xx_hal_spi.c:3248:13:SPI_RxISR_16BIT	0	static
stm32f7xx_hal_spi.c:3510:13:SPI_CloseRxTx_ISR	8	static
stm32f7xx_hal_spi.c:3025:13:SPI_2linesTxISR_8BIT	0	static
stm32f7xx_hal_spi.c:2943:13:SPI_2linesRxISR_8BIT	0	static
stm32f7xx_hal_spi.c:3129:13:SPI_2linesTxISR_16BIT	4	static
stm32f7xx_hal_spi.c:3071:13:SPI_2linesRxISR_16BIT	4	static
stm32f7xx_hal_spi.c:2785:13:SPI_DMAError	8	static
stm32f7xx_hal_spi.c:2523:13:SPI_DMATransmitCplt	24	static
stm32f7xx_hal_spi.c:2570:13:SPI_DMAReceiveCplt	16	static
stm32f7xx_hal_spi.c:2661:13:SPI_DMATransmitReceiveCplt	16	static
stm32f7xx_hal_spi.c:2241:6:HAL_SPI_IRQHandler	32	static
stm32f7xx_hal_spi.c:2803:13:SPI_DMAAbortOnError	8	static
stm32f7xx_hal_spi.c:2451:13:HAL_SPI_AbortCpltCallback	0	static
stm32f7xx_hal_spi.c:1995:19:HAL_SPI_Abort_IT	24	static
stm32f7xx_hal_spi.c:2882:13:SPI_DMARxAbortCallback	16	static
stm32f7xx_hal_spi.c:2820:13:SPI_DMATxAbortCallback	16	static
stm32f7xx_hal_spi.c:2486:22:HAL_SPI_GetState	0	static
stm32f7xx_hal_spi.c:2498:10:HAL_SPI_GetError	0	static
