stm32f7xx_hal_can.c:354:19:HAL_CAN_ConfigFilter	12	static
stm32f7xx_hal_can.c:506:13:HAL_CAN_MspInit	0	static
stm32f7xx_hal_can.c:171:19:HAL_CAN_Init	16	static
stm32f7xx_hal_can.c:521:13:HAL_CAN_MspDeInit	0	static
stm32f7xx_hal_can.c:473:19:HAL_CAN_DeInit	8	static
stm32f7xx_hal_can.c:558:19:HAL_CAN_Transmit	32	static
stm32f7xx_hal_can.c:684:19:HAL_CAN_Transmit_IT	20	static
stm32f7xx_hal_can.c:794:19:HAL_CAN_Receive	24	static
stm32f7xx_hal_can.c:897:19:HAL_CAN_Receive_IT	8	static
stm32f7xx_hal_can.c:962:19:HAL_CAN_Sleep	16	static
stm32f7xx_hal_can.c:1017:19:HAL_CAN_WakeUp	16	static
stm32f7xx_hal_can.c:1193:13:HAL_CAN_TxCpltCallback	0	static
stm32f7xx_hal_can.c:1208:13:HAL_CAN_RxCpltCallback	0	static
stm32f7xx_hal_can.c:1325:26:CAN_Receive_IT	16	static
stm32f7xx_hal_can.c:1223:13:HAL_CAN_ErrorCallback	0	static
stm32f7xx_hal_can.c:1069:6:HAL_CAN_IRQHandler	16	static
stm32f7xx_hal_can.c:1258:22:HAL_CAN_GetState	0	static
stm32f7xx_hal_can.c:1270:10:HAL_CAN_GetError	0	static
