stm32f7xx_hal_usart.c:1846:13:USART_EndRxTransfer	0	static
stm32f7xx_hal_usart.c:1635:26:USART_WaitOnFlagUntilTimeout.constprop	24	static
stm32f7xx_hal_usart.c:273:14:HAL_USART_MspInit	0	static
stm32f7xx_hal_usart.c:191:19:HAL_USART_Init	16	static
stm32f7xx_hal_usart.c:288:14:HAL_USART_MspDeInit	0	static
stm32f7xx_hal_usart.c:239:19:HAL_USART_DeInit	16	static
stm32f7xx_hal_usart.c:367:19:HAL_USART_Transmit	24	static
stm32f7xx_hal_usart.c:438:19:HAL_USART_Receive	32	static
stm32f7xx_hal_usart.c:521:19:HAL_USART_TransmitReceive	24	static
stm32f7xx_hal_usart.c:611:19:HAL_USART_Transmit_IT	8	static
stm32f7xx_hal_usart.c:658:19:HAL_USART_Receive_IT	8	static
stm32f7xx_hal_usart.c:714:19:HAL_USART_TransmitReceive_IT	12	static
stm32f7xx_hal_usart.c:769:19:HAL_USART_Transmit_DMA	16	static
stm32f7xx_hal_usart.c:834:19:HAL_USART_Receive_DMA	24	static
stm32f7xx_hal_usart.c:924:19:HAL_USART_TransmitReceive_DMA	24	static
stm32f7xx_hal_usart.c:1008:19:HAL_USART_DMAPause	0	static
stm32f7xx_hal_usart.c:1045:19:HAL_USART_DMAResume	0	static
stm32f7xx_hal_usart.c:1090:19:HAL_USART_DMAStop	8	static
stm32f7xx_hal_usart.c:1287:13:HAL_USART_TxCpltCallback	0	static
stm32f7xx_hal_usart.c:1675:13:USART_DMATransmitCplt	8	static
stm32f7xx_hal_usart.c:1302:14:HAL_USART_TxHalfCpltCallback	0	static
stm32f7xx_hal_usart.c:1710:13:USART_DMATxHalfCplt	8	static
stm32f7xx_hal_usart.c:1317:13:HAL_USART_RxCpltCallback	0	static
stm32f7xx_hal_usart.c:1498:26:USART_Receive_IT	8	static
stm32f7xx_hal_usart.c:1332:13:HAL_USART_RxHalfCpltCallback	0	static
stm32f7xx_hal_usart.c:1773:13:USART_DMARxHalfCplt	8	static
stm32f7xx_hal_usart.c:1347:13:HAL_USART_TxRxCpltCallback	0	static
stm32f7xx_hal_usart.c:1722:13:USART_DMAReceiveCplt	8	static
stm32f7xx_hal_usart.c:1551:26:USART_TransmitReceive_IT	8	static
stm32f7xx_hal_usart.c:1362:13:HAL_USART_ErrorCallback	0	static
stm32f7xx_hal_usart.c:1785:13:USART_DMAError	8	static
stm32f7xx_hal_usart.c:1139:6:HAL_USART_IRQHandler	16	static
stm32f7xx_hal_usart.c:1818:13:USART_DMAAbortOnError	8	static
stm32f7xx_hal_usart.c:1400:24:HAL_USART_GetState	0	static
stm32f7xx_hal_usart.c:1411:10:HAL_USART_GetError	0	static
