stm32f7xx_hal_eth.c:2017:13:ETH_FlushTransmitFIFO	24	static
stm32f7xx_hal_eth.c:1602:13:ETH_MACDMAConfig	16	static
stm32f7xx_hal_eth.c:474:19:HAL_ETH_DMATxDescListInit	20	static
stm32f7xx_hal_eth.c:541:19:HAL_ETH_DMARxDescListInit	24	static
stm32f7xx_hal_eth.c:608:13:HAL_ETH_MspInit	0	static
stm32f7xx_hal_eth.c:624:13:HAL_ETH_MspDeInit	0	static
stm32f7xx_hal_eth.c:447:19:HAL_ETH_DeInit	8	static
stm32f7xx_hal_eth.c:668:19:HAL_ETH_TransmitFrame	20	static
stm32f7xx_hal_eth.c:781:19:HAL_ETH_GetReceivedFrame	12	static
stm32f7xx_hal_eth.c:861:19:HAL_ETH_GetReceivedFrame_IT	12	static
stm32f7xx_hal_eth.c:1006:13:HAL_ETH_TxCpltCallback	0	static
stm32f7xx_hal_eth.c:1022:13:HAL_ETH_RxCpltCallback	0	static
stm32f7xx_hal_eth.c:1038:13:HAL_ETH_ErrorCallback	0	static
stm32f7xx_hal_eth.c:946:6:HAL_ETH_IRQHandler	16	static
stm32f7xx_hal_eth.c:1060:19:HAL_ETH_ReadPHYRegister	24	static
stm32f7xx_hal_eth.c:1132:19:HAL_ETH_WritePHYRegister	16	static
stm32f7xx_hal_eth.c:174:19:HAL_ETH_Init	32	static
stm32f7xx_hal_eth.c:1224:19:HAL_ETH_Start	24	static
stm32f7xx_hal_eth.c:1263:19:HAL_ETH_Stop	24	static
stm32f7xx_hal_eth.c:1303:19:HAL_ETH_ConfigMAC	24	static
stm32f7xx_hal_eth.c:1470:19:HAL_ETH_ConfigDMA	24	static
stm32f7xx_hal_eth.c:1577:22:HAL_ETH_GetState	0	static
